Archive member included to satisfy reference by file (symbol)

/opt/devkitpro/nflib/lib/libnflib.a(nf_2d.o)
                              main.o (NF_Set2D)
/opt/devkitpro/nflib/lib/libnflib.a(nf_basic.o)
                              /opt/devkitpro/nflib/lib/libnflib.a(nf_2d.o) (NF_Error)
/opt/devkitpro/nflib/lib/libnflib.a(nf_collision.o)
                              main.o (NF_InitCmapBuffers)
/opt/devkitpro/nflib/lib/libnflib.a(nf_sprite256.o)
                              main.o (NF_InitSpriteBuffers)
/opt/devkitpro/nflib/lib/libnflib.a(nf_text.o)
                              main.o (NF_InitTextSys)
/opt/devkitpro/nflib/lib/libnflib.a(nf_tiledbg.o)
                              main.o (NF_InitTiledBgBuffers)
/opt/devkitpro/libnds/lib/libfilesystem.a(nitrofs.o)
                              main.o (nitroFSInit)
/opt/devkitpro/libnds/lib/libfat.a(libfat.o)
                              /opt/devkitpro/libnds/lib/libfilesystem.a(nitrofs.o) (fatInitDefault)
/opt/devkitpro/libnds/lib/libfat.a(disc.o)
                              /opt/devkitpro/libnds/lib/libfat.a(libfat.o) (_FAT_disc_interfaces)
/opt/devkitpro/libnds/lib/libfat.a(fatfile.o)
                              /opt/devkitpro/libnds/lib/libfat.a(libfat.o) (_FAT_open_r)
/opt/devkitpro/libnds/lib/libfat.a(cache.o)
                              /opt/devkitpro/libnds/lib/libfat.a(fatfile.o) (_FAT_cache_readSectors)
/opt/devkitpro/libnds/lib/libfat.a(fatdir.o)
                              /opt/devkitpro/libnds/lib/libfat.a(libfat.o) (_FAT_stat_r)
/opt/devkitpro/libnds/lib/libfat.a(directory.o)
                              /opt/devkitpro/libnds/lib/libfat.a(fatfile.o) (_FAT_directory_entryGetCluster)
/opt/devkitpro/libnds/lib/libfat.a(partition.o)
                              /opt/devkitpro/libnds/lib/libfat.a(libfat.o) (_FAT_partition_destructor)
/opt/devkitpro/libnds/lib/libfat.a(lock.o)
                              /opt/devkitpro/libnds/lib/libfat.a(partition.o) (_FAT_lock_init)
/opt/devkitpro/libnds/lib/libfat.a(filetime.o)
                              /opt/devkitpro/libnds/lib/libfat.a(fatfile.o) (_FAT_filetime_getTimeFromRTC)
/opt/devkitpro/libnds/lib/libfat.a(file_allocation_table.o)
                              /opt/devkitpro/libnds/lib/libfat.a(fatfile.o) (_FAT_fat_nextCluster)
/opt/devkitpro/libnds/lib/libnds9.a(video.o)
                              /opt/devkitpro/nflib/lib/libnflib.a(nf_basic.o) (setBrightness)
/opt/devkitpro/libnds/lib/libnds9.a(console.o)
                              main.o (consoleDemoInit)
/opt/devkitpro/libnds/lib/libnds9.a(sprite.o)
                              /opt/devkitpro/nflib/lib/libnflib.a(nf_sprite256.o) (oamInit)
/opt/devkitpro/libnds/lib/libnds9.a(keys.o)
                              main.o (scanKeys)
/opt/devkitpro/libnds/lib/libnds9.a(dldi.o)
                              /opt/devkitpro/libnds/lib/libfat.a(disc.o) (dldiGetInternal)
/opt/devkitpro/libnds/lib/libnds9.a(initSystem.o)
                              /opt/devkitpro/devkitARM/bin/../lib/gcc/arm-none-eabi/13.2.0/../../../../arm-none-eabi/lib/ds_arm9_crt0.o (initSystem)
/opt/devkitpro/libnds/lib/libnds9.a(securearea.o)
                              /opt/devkitpro/devkitARM/bin/../lib/gcc/arm-none-eabi/13.2.0/../../../../arm-none-eabi/lib/ds_arm9_crt0.o (__secure_area__)
/opt/devkitpro/libnds/lib/libnds9.a(interrupts.o)
                              /opt/devkitpro/libnds/lib/libnds9.a(initSystem.o) (irqInit)
/opt/devkitpro/libnds/lib/libnds9.a(libnds_exit.arm.o)
                              /opt/devkitpro/devkitARM/bin/../lib/gcc/arm-none-eabi/13.2.0/../../../../arm-none-eabi/lib/ds_arm9_crt0.o (__libnds_exit)
/opt/devkitpro/libnds/lib/libnds9.a(card.o)
                              /opt/devkitpro/libnds/lib/libfilesystem.a(nitrofs.o) (cardParamCommand)
/opt/devkitpro/libnds/lib/libnds9.a(fifosystem.o)
                              /opt/devkitpro/libnds/lib/libnds9.a(initSystem.o) (fifoSetValue32Handler)
/opt/devkitpro/libnds/lib/libnds9.a(dcache.o)
                              /opt/devkitpro/nflib/lib/libnflib.a(nf_basic.o) (DC_FlushRange)
/opt/devkitpro/libnds/lib/libnds9.a(dldi_stub.o)
                              /opt/devkitpro/libnds/lib/libnds9.a(dldi.o) (_io_dldi_stub)
/opt/devkitpro/libnds/lib/libnds9.a(mpu_setup.o)
                              /opt/devkitpro/devkitARM/bin/../lib/gcc/arm-none-eabi/13.2.0/../../../../arm-none-eabi/lib/ds_arm9_crt0.o (__libnds_mpu_setup)
/opt/devkitpro/libnds/lib/libnds9.a(IntrWait.o)
                              main.o (swiWaitForVBlank)
/opt/devkitpro/libnds/lib/libnds9.a(cpu_clock.o)
                              /opt/devkitpro/libnds/lib/libnds9.a(initSystem.o) (setCpuClock)
/opt/devkitpro/libnds/lib/libnds9.a(interruptDispatcher.o)
                              /opt/devkitpro/libnds/lib/libnds9.a(interrupts.o) (IntrMain)
/opt/devkitpro/libnds/lib/libnds9.a(biosCalls.o)
                              /opt/devkitpro/libnds/lib/libnds9.a(card.o) (swiDelay)
[...]
Memory Configuration

Name             Origin             Length             Attributes
ewram            0x02000000         0x00380000
dtcm             0x02ff0000         0x00004000
vectors          0x01000000         0x00000100
itcm             0x01000100         0x00007f00
*default*        0x00000000         0xffffffff

Linker script and memory map

                0x02380000                        __ewram_end = (ORIGIN (ewram) + LENGTH (ewram))
                0x02380000                        __eheap_end = (ORIGIN (ewram) + LENGTH (ewram))
                0x02ff4000                        __dtcm_top = (ORIGIN (dtcm) + LENGTH (dtcm))
                0x02ff3ff8                        __irq_flags = (__dtcm_top - 0x8)
                0x02ff3ffc                        __irq_vector = (__dtcm_top - 0x4)
                0x02ff3f00                        __sp_svc = (__dtcm_top - 0x100)
                0x02ff3e00                        __sp_irq = (__sp_svc - 0x100)
                0x02ff3d00                        __sp_usr = (__sp_irq - 0x100)

.secure         0x02000000      0x800
 *(.secure)
 .secure        0x02000000      0x800 /opt/devkitpro/libnds/lib/libnds9.a(securearea.o)
                0x02000000                __secure_area__

.crt0           0x02000800      0x300
                0x02000800                        __text_start = .
 *(.crt0)
 .crt0          0x02000800      0x300 /opt/devkitpro/devkitARM/bin/../lib/gcc/arm-none-eabi/13.2.0/../../../../arm-none-eabi/lib/ds_arm9_crt0.o
                0x02000800                _start
                0x02000b00                        . = ALIGN (0x4)

.plt
 *(.plt)

.init           0x02000b00       0x18
 *(SORT_NONE(.init))
 .init          0x02000b00        0xc /opt/devkitpro/devkitARM/bin/../lib/gcc/arm-none-eabi/13.2.0/crti.o
                0x02000b00                _init
 .init          0x02000b0c        0xc /opt/devkitpro/devkitARM/bin/../lib/gcc/arm-none-eabi/13.2.0/crtn.o

.text           0x02000b40    0x23a30
 *(EXCLUDE_FILE(*.twl* *.vectors* *.itcm*) .text)
 .text          0x02000b40       0x50 player.o
                0x02000b40                create_player
                0x02000b74                move_player
 .text          0x02000b90      0x65c /opt/devkitpro/nflib/lib/libnflib.a(nf_2d.o)
                0x02000b90                NF_Set2D
                0x02000bf4                NF_ShowBg
                0x02000c68                NF_HideBg
                0x02000d04                NF_ScrollBg
                0x02001000                NF_SpriteFrame
                0x020010b8                NF_EnableSpriteRotScale
                0x02001124                NF_DisableSpriteRotScale
                0x02001180                NF_SpriteRotScale
 .text          0x020011ec      0x588 /opt/devkitpro/nflib/lib/libnflib.a(nf_basic.o)
                0x020011ec                NF_Error
                0x02001498                NF_SetRootFolder
                0x02001674                NF_DmaMemCopy
                0x020016f8                NF_FileLoad
 .text          0x02001774      0x304 /opt/devkitpro/nflib/lib/libnflib.a(nf_collision.o)
                0x02001774                NF_InitCmapBuffers
                0x02001798                NF_ResetCmapBuffers
                0x020017c0                NF_LoadCollisionMap
                0x02001854                NF_UnloadCollisionMap
                0x02001894                NF_GetTile
                0x020018d8                NF_SetTile
                0x02001918                NF_LoadCollisionBg
                0x020019dc                NF_UnloadCollisionBg
                0x02001a24                NF_GetPoint
 .text          0x02001a78      0xf88 /opt/devkitpro/nflib/lib/libnflib.a(nf_sprite256.o)
                0x02001a78                NF_InitSpriteBuffers
                0x02001ad4                NF_ResetSpriteBuffers
                0x02001b08                NF_InitSpriteSys
                0x02001d18                NF_LoadSpriteGfx
                0x02001db0                NF_UnloadSpriteGfx
                0x02001e14                NF_LoadSpritePal
                0x02001e94                NF_UnloadSpritePal
                0x02001ef0                NF_VramSpriteGfx
                0x02002194                NF_VramSpriteGfxDefrag
                0x020023b0                NF_FreeSpriteGfx
                0x0200248c                NF_VramSpritePal
                0x0200253c                NF_CreateSprite
                0x02002708                NF_DeleteSprite
                0x02002788                NF_SpriteOamSet
                0x0200284c                NF_SpriteSetPalColor
                0x020028cc                NF_SpriteEditPalColor
                0x02002920                NF_SpriteUpdatePalette
                0x020029a8                NF_SpriteGetPalColor
 .text          0x02002a00      0x6a0 /opt/devkitpro/nflib/lib/libnflib.a(nf_text.o)
                0x02002a00                NF_InitTextSys
                0x02002a34                NF_LoadTextFont
                0x02002be4                NF_UnloadTextFont
                0x02002bec                NF_CreateTextLayer
                0x02002c78                NF_DeleteTextLayer
                0x02002cb0                NF_WriteText
                0x02002f80                NF_UpdateTextLayers
                0x02002fcc                NF_ClearTextLayer
                0x02003018                NF_DefineTextColor
 .text          0x020030a0     0x1510 /opt/devkitpro/nflib/lib/libnflib.a(nf_tiledbg.o)
                0x020030a0                NF_InitTiledBgBuffers
                0x02003134                NF_ResetTiledBgBuffers
                0x02003190                NF_InitTiledBgSys
                0x020032a8                NF_LoadTiledBg
                0x02003454                NF_LoadTilesForBg
                0x02003628                NF_UnloadTiledBg
                0x020036c4                NF_DeleteTiledBg
                0x0200385c                NF_CreateTiledBg
                0x02003dc8                NF_GetTileMapAddress
                0x02003e50                NF_GetTileOfMap
                0x02003e8c                NF_SetTileOfMap
                0x02003ecc                NF_UpdateVramMap
                0x02003fc4                NF_BgSetPalColor
                0x02004058                NF_BgEditPalColor
                0x020040c4                NF_BgUpdatePalette
                0x02004168                NF_BgGetPalColor
                0x020041d8                NF_GetTilePal
                0x0200420c                NF_SetTilePal
                0x0200424c                NF_LoadExBgPal
                0x020042ac                NF_UnloadExBgPal
                0x020042f0                NF_VramExBgPal
                0x0200437c                NF_SetExBgPal
                0x0200443c                NF_SetTileHflip
                0x02004474                NF_SetTileVflip
                0x020044ac                NF_RotateTileGfx
 *fill*         0x020045b0       0x10 ff
 .text          0x020045c0     0x4000 /opt/devkitpro/libnds/lib/libnds9.a(dldi_stub.o)
                0x020045c0                _io_dldi_stub
 .text          0x020085c0      0x114 /opt/devkitpro/devkitARM/bin/../lib/gcc/arm-none-eabi/13.2.0/libgcc.a(_udivsi3.o)
                0x020085c0                __udivsi3
                0x020085c0                __aeabi_uidiv
                0x020086b4                __aeabi_uidivmod
 .text          0x020086d4      0x148 /opt/devkitpro/devkitARM/bin/../lib/gcc/arm-none-eabi/13.2.0/libgcc.a(_divsi3.o)
                0x020086d4                __aeabi_idiv
                0x020086d4                __divsi3
                0x020087fc                __aeabi_idivmod
 .text          0x0200881c        0x4 /opt/devkitpro/devkitARM/bin/../lib/gcc/arm-none-eabi/13.2.0/libgcc.a(_dvmd_tls.o)
                0x0200881c                __aeabi_ldiv0
                0x0200881c                __aeabi_idiv0
 .text          0x02008820       0xd4 /opt/devkitpro/devkitARM/bin/../lib/gcc/arm-none-eabi/13.2.0/libgcc.a(_aeabi_ldivmod.o)
                0x02008820                __aeabi_ldivmod
 .text          0x020088f4       0x28 /opt/devkitpro/devkitARM/bin/../lib/gcc/arm-none-eabi/13.2.0/libgcc.a(_clzdi2.o)
                0x020088f4                __clzdi2
 .text          0x0200891c       0x48 /opt/devkitpro/devkitARM/bin/../lib/gcc/arm-none-eabi/13.2.0/libgcc.a(_clzsi2.o)
                0x0200891c                __clzsi2
 .text          0x02008964      0x224 /opt/devkitpro/devkitARM/bin/../lib/gcc/arm-none-eabi/13.2.0/../../../../arm-none-eabi/lib/libg.a(libc_a-strcmp.o)
                0x02008964                strcmp
 .text          0x02008b88      0x424 /opt/devkitpro/devkitARM/bin/../lib/gcc/arm-none-eabi/13.2.0/libgcc.a(_arm_addsubdf3.o)
                0x02008b88                __aeabi_drsub
                0x02008b90                __aeabi_dsub
                0x02008b90                __subdf3
                0x02008b94                __adddf3
                0x02008b94                __aeabi_dadd
                0x02008ea4                __aeabi_ui2d
                0x02008ea4                __floatunsidf
                0x02008ec8                __floatsidf
                0x02008ec8                __aeabi_i2d
                0x02008ef0                __extendsfdf2
                0x02008ef0                __aeabi_f2d
                0x02008f38                __aeabi_ul2d
                0x02008f38                __floatundidf
                0x02008f4c                __floatdidf
                0x02008f4c                __aeabi_l2d
 .text          0x02008fac      0x49c /opt/devkitpro/devkitARM/bin/../lib/gcc/arm-none-eabi/13.2.0/libgcc.a(_arm_muldivdf3.o)
                0x02008fac                __aeabi_dmul
                0x02008fac                __muldf3
                0x0200923c                __aeabi_ddiv
                0x0200923c                __divdf3
 .text          0x02009448      0x144 /opt/devkitpro/devkitARM/bin/../lib/gcc/arm-none-eabi/13.2.0/libgcc.a(_arm_cmpdf2.o)
                0x02009448                __gtdf2
                0x02009448                __gedf2
                0x02009450                __ltdf2
                0x02009450                __ledf2
                0x02009458                __cmpdf2
                0x02009458                __eqdf2
                0x02009458                __nedf2
                0x020094e0                __aeabi_cdrcmple
                0x020094fc                __aeabi_cdcmple
                0x020094fc                __aeabi_cdcmpeq
                0x02009514                __aeabi_dcmpeq
                0x0200952c                __aeabi_dcmplt
                0x02009544                __aeabi_dcmple
                0x0200955c                __aeabi_dcmpge
                0x02009574                __aeabi_dcmpgt
 .text          0x0200958c       0x38 /opt/devkitpro/devkitARM/bin/../lib/gcc/arm-none-eabi/13.2.0/libgcc.a(_arm_unorddf2.o)
                0x0200958c                __aeabi_dcmpun
                0x0200958c                __unorddf2
 .text          0x020095c4       0x5c /opt/devkitpro/devkitARM/bin/../lib/gcc/arm-none-eabi/13.2.0/libgcc.a(_arm_fixdfsi.o)
                0x020095c4                __fixdfsi
                0x020095c4                __aeabi_d2iz
 .text          0x02009620       0x3c /opt/devkitpro/devkitARM/bin/../lib/gcc/arm-none-eabi/13.2.0/libgcc.a(_aeabi_uldivmod.o)
                0x02009620                __aeabi_uldivmod
 *(EXCLUDE_FILE(*.twl* *.vectors* *.itcm*) .stub)
 *(EXCLUDE_FILE(*.twl* *.vectors* *.itcm*) .text.*)
 .text.__do_global_dtors_aux
                0x0200965c       0x40 /opt/devkitpro/devkitARM/bin/../lib/gcc/arm-none-eabi/13.2.0/crtbegin.o
 .text.frame_dummy
                0x0200969c       0x30 /opt/devkitpro/devkitARM/bin/../lib/gcc/arm-none-eabi/13.2.0/crtbegin.o
 .text.startup  0x020096cc      0x2e8 main.o
                0x020096cc                main
 .text.nitroFSDirClose
                0x020099b4        0x4 /opt/devkitpro/libnds/lib/libfilesystem.a(nitrofs.o)
 .text.nitroFSSeek
                0x020099b8       0x78 /opt/devkitpro/libnds/lib/libfilesystem.a(nitrofs.o)
 .text.nitroFSFstat
                0x02009a30       0x10 /opt/devkitpro/libnds/lib/libfilesystem.a(nitrofs.o)
 .text.nitroSubReadBlock
                0x02009a40       0x54 /opt/devkitpro/libnds/lib/libfilesystem.a(nitrofs.o)
 .text.nitroSubReadCard
                0x02009a94       0xb0 /opt/devkitpro/libnds/lib/libfilesystem.a(nitrofs.o)
 .text.nitroFSClose
                0x02009b44        0x4 /opt/devkitpro/libnds/lib/libfilesystem.a(nitrofs.o)
 .text.nitroDirReset
                0x02009b48       0x9c /opt/devkitpro/libnds/lib/libfilesystem.a(nitrofs.o)
 .text.nitroFSRead
                0x02009be4       0xbc /opt/devkitpro/libnds/lib/libfilesystem.a(nitrofs.o)
 .text.nitroFSDirNext
                0x02009ca0      0x30c /opt/devkitpro/libnds/lib/libfilesystem.a(nitrofs.o)
 .text.nitroFSDirOpen
                0x02009fac       0xe0 /opt/devkitpro/libnds/lib/libfilesystem.a(nitrofs.o)
 .text.nitroFSChdir
                0x0200a08c       0x30 /opt/devkitpro/libnds/lib/libfilesystem.a(nitrofs.o)
 .text.nitroFSOpen
                0x0200a0bc       0xc4 /opt/devkitpro/libnds/lib/libfilesystem.a(nitrofs.o)
 .text.nitroFSstat
                0x0200a180       0x68 /opt/devkitpro/libnds/lib/libfilesystem.a(nitrofs.o)
 .text.nitroFSInit
                0x0200a1e8      0x12c /opt/devkitpro/libnds/lib/libfilesystem.a(nitrofs.o)
                0x0200a1e8                nitroFSInit
 .text.fatMount.part.0
                0x0200a314       0xa0 /opt/devkitpro/libnds/lib/libfat.a(libfat.o)
 .text.fatMount
                0x0200a3b4       0x3c /opt/devkitpro/libnds/lib/libfat.a(libfat.o)
                0x0200a3b4                fatMount
 .text.fatInit  0x0200a3f0      0x130 /opt/devkitpro/libnds/lib/libfat.a(libfat.o)
                0x0200a3f0                fatInit
 .text.fatInitDefault
                0x0200a520        0xc /opt/devkitpro/libnds/lib/libfat.a(libfat.o)
                0x0200a520                fatInitDefault
 .text._FAT_check_position_for_next_cluster.part.0
                0x0200a52c       0x68 /opt/devkitpro/libnds/lib/libfat.a(fatfile.o)
 .text._FAT_syncToDisc.part.0
                0x0200a594       0xd4 /opt/devkitpro/libnds/lib/libfat.a(fatfile.o)
 .text._FAT_file_extend_r
                0x0200a668      0x208 /opt/devkitpro/libnds/lib/libfat.a(fatfile.o)
 .text._FAT_open_r
                0x0200a870      0x2d4 /opt/devkitpro/libnds/lib/libfat.a(fatfile.o)
                0x0200a870                _FAT_open_r
 .text._FAT_close_r
                0x0200ab44       0x74 /opt/devkitpro/libnds/lib/libfat.a(fatfile.o)
                0x0200ab44                _FAT_close_r
 .text._FAT_read_r
                0x0200abb8      0x398 /opt/devkitpro/libnds/lib/libfat.a(fatfile.o)
                0x0200abb8                _FAT_read_r
 .text._FAT_write_r
                0x0200af50      0x53c /opt/devkitpro/libnds/lib/libfat.a(fatfile.o)
                0x0200af50                _FAT_write_r
 .text._FAT_seek_r
                0x0200b48c      0x194 /opt/devkitpro/libnds/lib/libfat.a(fatfile.o)
                0x0200b48c                _FAT_seek_r
 .text._FAT_fstat_r
                0x0200b620       0x8c /opt/devkitpro/libnds/lib/libfat.a(fatfile.o)
                0x0200b620                _FAT_fstat_r
 .text._FAT_ftruncate_r
                0x0200b6ac      0x16c /opt/devkitpro/libnds/lib/libfat.a(fatfile.o)
                0x0200b6ac                _FAT_ftruncate_r
 .text._FAT_fsync_r
                0x0200b818       0x44 /opt/devkitpro/libnds/lib/libfat.a(fatfile.o)
                0x0200b818                _FAT_fsync_r
 .text._FAT_cache_getPage
                0x0200b85c       0xf0 /opt/devkitpro/libnds/lib/libfat.a(cache.o)
 .text._FAT_cache_constructor
                0x0200b94c       0x90 /opt/devkitpro/libnds/lib/libfat.a(cache.o)
                0x0200b94c                _FAT_cache_constructor
 .text._FAT_cache_readSectors
                0x0200b9dc       0x60 /opt/devkitpro/libnds/lib/libfat.a(cache.o)
                0x0200b9dc                _FAT_cache_readSectors
 .text._FAT_cache_readPartialSector
                0x0200ba3c       0x3c /opt/devkitpro/libnds/lib/libfat.a(cache.o)
                0x0200ba3c                _FAT_cache_readPartialSector
 .text._FAT_cache_readLittleEndianValue
                0x0200ba78       0x70 /opt/devkitpro/libnds/lib/libfat.a(cache.o)
                0x0200ba78                _FAT_cache_readLittleEndianValue
 .text._FAT_cache_writePartialSector
                0x0200bae8       0x4c /opt/devkitpro/libnds/lib/libfat.a(cache.o)
                0x0200bae8                _FAT_cache_writePartialSector
 .text._FAT_cache_writeLittleEndianValue
                0x0200bb34       0x8c /opt/devkitpro/libnds/lib/libfat.a(cache.o)
                0x0200bb34                _FAT_cache_writeLittleEndianValue
 .text._FAT_cache_eraseWritePartialSector
                0x0200bbc0       0x60 /opt/devkitpro/libnds/lib/libfat.a(cache.o)
                0x0200bbc0                _FAT_cache_eraseWritePartialSector
 .text._FAT_cache_writeSectors
                0x0200bc20       0x80 /opt/devkitpro/libnds/lib/libfat.a(cache.o)
                0x0200bc20                _FAT_cache_writeSectors
 .text._FAT_cache_flush
                0x0200bca0       0x40 /opt/devkitpro/libnds/lib/libfat.a(cache.o)
                0x0200bca0                _FAT_cache_flush
 .text._FAT_stat_r
                0x0200bce0       0x90 /opt/devkitpro/libnds/lib/libfat.a(fatdir.o)
                0x0200bce0                _FAT_stat_r
 .text._FAT_link_r
                0x0200bd70        0xc /opt/devkitpro/libnds/lib/libfat.a(fatdir.o)
                0x0200bd70                _FAT_link_r
 .text._FAT_unlink_r
                0x0200bd7c      0x184 /opt/devkitpro/libnds/lib/libfat.a(fatdir.o)
                0x0200bd7c                _FAT_unlink_r
 .text._FAT_chdir_r
                0x0200bf00       0x70 /opt/devkitpro/libnds/lib/libfat.a(fatdir.o)
                0x0200bf00                _FAT_chdir_r
 .text._FAT_rename_r
                0x0200bf70      0x1c4 /opt/devkitpro/libnds/lib/libfat.a(fatdir.o)
                0x0200bf70                _FAT_rename_r
 .text._FAT_mkdir_r
                0x0200c134      0x244 /opt/devkitpro/libnds/lib/libfat.a(fatdir.o)
                0x0200c134                _FAT_mkdir_r
 .text._FAT_statvfs_r
                0x0200c378       0x78 /opt/devkitpro/libnds/lib/libfat.a(fatdir.o)
                0x0200c378                _FAT_statvfs_r
 .text._FAT_diropen_r
                0x0200c3f0       0xb0 /opt/devkitpro/libnds/lib/libfat.a(fatdir.o)
                0x0200c3f0                _FAT_diropen_r
 .text._FAT_dirreset_r
                0x0200c4a0       0x4c /opt/devkitpro/libnds/lib/libfat.a(fatdir.o)
                0x0200c4a0                _FAT_dirreset_r
 .text._FAT_dirnext_r
                0x0200c4ec       0x7c /opt/devkitpro/libnds/lib/libfat.a(fatdir.o)
                0x0200c4ec                _FAT_dirnext_r
 .text._FAT_dirclose_r
                0x0200c568       0x20 /opt/devkitpro/libnds/lib/libfat.a(fatdir.o)
                0x0200c568                _FAT_dirclose_r
 .text._FAT_directory_entryGetAlias
                0x0200c588       0xc8 /opt/devkitpro/libnds/lib/libfat.a(directory.o)
 .text._FAT_directory_incrementDirEntryPosition
                0x0200c650       0x80 /opt/devkitpro/libnds/lib/libfat.a(directory.o)
 .text._FAT_directory_mbsncasecmp
                0x0200c6d0       0xa8 /opt/devkitpro/libnds/lib/libfat.a(directory.o)
 .text._FAT_directory_ucs2tombs.constprop.0
                0x0200c778       0x90 /opt/devkitpro/libnds/lib/libfat.a(directory.o)
 .text._FAT_directory_entryGetCluster
                0x0200c808       0x20 /opt/devkitpro/libnds/lib/libfat.a(directory.o)
                0x0200c808                _FAT_directory_entryGetCluster
 .text._FAT_directory_getNextEntry
                0x0200c828      0x23c /opt/devkitpro/libnds/lib/libfat.a(directory.o)
                0x0200c828                _FAT_directory_getNextEntry
 .text._FAT_directory_entryExists
                0x0200ca64       0x80 /opt/devkitpro/libnds/lib/libfat.a(directory.o)
 .text._FAT_directory_getFirstEntry
                0x0200cae4       0x20 /opt/devkitpro/libnds/lib/libfat.a(directory.o)
                0x0200cae4                _FAT_directory_getFirstEntry
 .text._FAT_directory_getRootEntry
                0x0200cb04       0x60 /opt/devkitpro/libnds/lib/libfat.a(directory.o)
                0x0200cb04                _FAT_directory_getRootEntry
 .text._FAT_directory_entryFromPosition
                0x0200cb64      0x150 /opt/devkitpro/libnds/lib/libfat.a(directory.o)
                0x0200cb64                _FAT_directory_entryFromPosition
 .text._FAT_directory_entryFromPath
                0x0200ccb4      0x248 /opt/devkitpro/libnds/lib/libfat.a(directory.o)
                0x0200ccb4                _FAT_directory_entryFromPath
 .text._FAT_directory_removeEntry
                0x0200cefc       0xd8 /opt/devkitpro/libnds/lib/libfat.a(directory.o)
                0x0200cefc                _FAT_directory_removeEntry
 .text._FAT_directory_addEntry
                0x0200cfd4      0x808 /opt/devkitpro/libnds/lib/libfat.a(directory.o)
                0x0200cfd4                _FAT_directory_addEntry
 .text._FAT_directory_chdir
                0x0200d7dc       0x3c /opt/devkitpro/libnds/lib/libfat.a(directory.o)
                0x0200d7dc                _FAT_directory_chdir
 .text._FAT_directory_entryStat
                0x0200d818       0xe4 /opt/devkitpro/libnds/lib/libfat.a(directory.o)
                0x0200d818                _FAT_directory_entryStat
 .text.isValidMBR
                0x0200d8fc       0x5c /opt/devkitpro/libnds/lib/libfat.a(partition.o)
 .text._FAT_updateFS_INFO
                0x0200d958       0x54 /opt/devkitpro/libnds/lib/libfat.a(partition.o)
 .text.FindFirstValidPartition_buf.part.0
                0x0200d9ac      0x11c /opt/devkitpro/libnds/lib/libfat.a(partition.o)
 .text._FAT_partition_getPartitionFromPath
                0x0200dac8       0x10 /opt/devkitpro/libnds/lib/libfat.a(partition.o)
                0x0200dac8                _FAT_partition_getPartitionFromPath
 .text._FAT_partition_createFSinfo
                0x0200dad8       0x50 /opt/devkitpro/libnds/lib/libfat.a(partition.o)
                0x0200dad8                _FAT_partition_createFSinfo
 .text._FAT_partition_readFSinfo.part.0
                0x0200db28       0x74 /opt/devkitpro/libnds/lib/libfat.a(partition.o)
 .text._FAT_partition_constructor_buf
                0x0200db9c      0x2e8 /opt/devkitpro/libnds/lib/libfat.a(partition.o)
                0x0200db9c                _FAT_partition_constructor_buf
 .text._FAT_partition_constructor
                0x0200de84       0x40 /opt/devkitpro/libnds/lib/libfat.a(partition.o)
                0x0200de84                _FAT_partition_constructor
 .text._FAT_partition_readFSinfo
                0x0200dec4       0x10 /opt/devkitpro/libnds/lib/libfat.a(partition.o)
                0x0200dec4                _FAT_partition_readFSinfo
 .text._FAT_lock_init
                0x0200ded4        0x4 /opt/devkitpro/libnds/lib/libfat.a(lock.o)
                0x0200ded4                _FAT_lock_init
 .text._FAT_lock
                0x0200ded8        0x4 /opt/devkitpro/libnds/lib/libfat.a(lock.o)
                0x0200ded8                _FAT_lock
 .text._FAT_unlock
                0x0200dedc        0x4 /opt/devkitpro/libnds/lib/libfat.a(lock.o)
                0x0200dedc                _FAT_unlock
 .text._FAT_filetime_getTimeFromRTC
                0x0200dee0       0x44 /opt/devkitpro/libnds/lib/libfat.a(filetime.o)
                0x0200dee0                _FAT_filetime_getTimeFromRTC
 .text._FAT_filetime_getDateFromRTC
                0x0200df24       0x44 /opt/devkitpro/libnds/lib/libfat.a(filetime.o)
                0x0200df24                _FAT_filetime_getDateFromRTC
 .text._FAT_filetime_to_time_t
                0x0200df68       0x38 /opt/devkitpro/libnds/lib/libfat.a(filetime.o)
                0x0200df68                _FAT_filetime_to_time_t
 .text._FAT_fat_writeFatEntry.part.0.isra.0
                0x0200dfa0      0x12c /opt/devkitpro/libnds/lib/libfat.a(file_allocation_table.o)
 .text._FAT_fat_nextCluster
                0x0200e0cc      0x108 /opt/devkitpro/libnds/lib/libfat.a(file_allocation_table.o)
                0x0200e0cc                _FAT_fat_nextCluster
 .text._FAT_fat_linkFreeCluster
                0x0200e1d4       0xac /opt/devkitpro/libnds/lib/libfat.a(file_allocation_table.o)
                0x0200e1d4                _FAT_fat_linkFreeCluster
 .text._FAT_fat_linkFreeClusterCleared
                0x0200e280       0x68 /opt/devkitpro/libnds/lib/libfat.a(file_allocation_table.o)
                0x0200e280                _FAT_fat_linkFreeClusterCleared
 .text._FAT_fat_clearLinks
                0x0200e2e8       0x7c /opt/devkitpro/libnds/lib/libfat.a(file_allocation_table.o)
                0x0200e2e8                _FAT_fat_clearLinks
 .text._FAT_fat_trimChain
                0x0200e364       0x80 /opt/devkitpro/libnds/lib/libfat.a(file_allocation_table.o)
                0x0200e364                _FAT_fat_trimChain
 .text._FAT_fat_lastCluster
                0x0200e3e4       0x34 /opt/devkitpro/libnds/lib/libfat.a(file_allocation_table.o)
                0x0200e3e4                _FAT_fat_lastCluster
 .text._FAT_fat_freeClusterCount
                0x0200e418       0x2c /opt/devkitpro/libnds/lib/libfat.a(file_allocation_table.o)
                0x0200e418                _FAT_fat_freeClusterCount
 .text.setBrightness
                0x0200e444       0x40 /opt/devkitpro/libnds/lib/libnds9.a(video.o)
                0x0200e444                setBrightness
 .text.vramDefault
                0x0200e484       0xd0 /opt/devkitpro/libnds/lib/libnds9.a(video.o)
                0x0200e484                vramDefault
 .text.newRow   0x0200e554       0xa8 /opt/devkitpro/libnds/lib/libnds9.a(console.o)
 .text.consolePrintChar
                0x0200e5fc       0xe0 /opt/devkitpro/libnds/lib/libnds9.a(console.o)
                0x0200e5fc                consolePrintChar
 .text.con_write
                0x0200e6dc      0x36c /opt/devkitpro/libnds/lib/libnds9.a(console.o)
                0x0200e6dc                con_write
 .text.consoleLoadFont
                0x0200ea48      0x2a0 /opt/devkitpro/libnds/lib/libnds9.a(console.o)
                0x0200ea48                consoleLoadFont
 .text.consoleInit
                0x0200ece8      0x18c /opt/devkitpro/libnds/lib/libnds9.a(console.o)
                0x0200ece8                consoleInit
 .text.consoleDemoInit
                0x0200ee74       0x40 /opt/devkitpro/libnds/lib/libnds9.a(console.o)
                0x0200ee74                consoleDemoInit
 .text.oamInit  0x0200eeb4      0x114 /opt/devkitpro/libnds/lib/libnds9.a(sprite.o)
                0x0200eeb4                oamInit
 .text.oamGfxPtrToOffset
                0x0200efc8       0x34 /opt/devkitpro/libnds/lib/libnds9.a(sprite.o)
                0x0200efc8                oamGfxPtrToOffset
 .text.oamSet   0x0200effc      0x104 /opt/devkitpro/libnds/lib/libnds9.a(sprite.o)
                0x0200effc                oamSet
 .text.oamUpdate
                0x0200f100       0x60 /opt/devkitpro/libnds/lib/libnds9.a(sprite.o)
                0x0200f100                oamUpdate
 .text.oamRotateScale
                0x0200f160       0x4c /opt/devkitpro/libnds/lib/libnds9.a(sprite.o)
                0x0200f160                oamRotateScale
 .text.scanKeys
                0x0200f1ac       0x8c /opt/devkitpro/libnds/lib/libnds9.a(keys.o)
                0x0200f1ac                scanKeys
 .text.keysHeld
                0x0200f238        0xc /opt/devkitpro/libnds/lib/libnds9.a(keys.o)
                0x0200f238                keysHeld
 .text.dldiGetInternal
                0x0200f244       0x34 /opt/devkitpro/libnds/lib/libnds9.a(dldi.o)
                0x0200f244                dldiGetInternal
 .text.get_io_dsisd
                0x0200f278       0x24 /opt/devkitpro/libnds/lib/libnds9.a(dldi.o)
                0x0200f278                get_io_dsisd
 .text.__syscall_gettod_r
                0x0200f29c       0x28 /opt/devkitpro/libnds/lib/libnds9.a(initSystem.o)
                0x0200f29c                __syscall_gettod_r
 .text.__syscall_exit
                0x0200f2c4        0x8 /opt/devkitpro/libnds/lib/libnds9.a(initSystem.o)
                0x0200f2c4                __syscall_exit
 .text.initSystem
                0x0200f2cc      0x180 /opt/devkitpro/libnds/lib/libnds9.a(initSystem.o)
                0x0200f2cc                initSystem
 .text.irqDummy
                0x0200f44c        0x4 /opt/devkitpro/libnds/lib/libnds9.a(interrupts.o)
                0x0200f44c                irqDummy
 .text.irqSet   0x0200f450       0x6c /opt/devkitpro/libnds/lib/libnds9.a(interrupts.o)
                0x0200f450                irqSet
 .text.irqInit  0x0200f4bc       0x50 /opt/devkitpro/libnds/lib/libnds9.a(interrupts.o)
                0x0200f4bc                irqInit
 .text.irqEnable
                0x0200f50c       0x64 /opt/devkitpro/libnds/lib/libnds9.a(interrupts.o)
                0x0200f50c                irqEnable
 .text.systemErrorExit
                0x0200f570        0x4 /opt/devkitpro/libnds/lib/libnds9.a(libnds_exit.arm.o)
                0x0200f570                systemErrorExit
 .text.__libnds_exit
                0x0200f574       0x5c /opt/devkitpro/libnds/lib/libnds9.a(libnds_exit.arm.o)
                0x0200f574                __libnds_exit
 .text.cardPolledTransfer
                0x0200f5d0       0x54 /opt/devkitpro/libnds/lib/libnds9.a(card.o)
                0x0200f5d0                cardPolledTransfer
 .text.cardParamCommand
                0x0200f624       0x34 /opt/devkitpro/libnds/lib/libnds9.a(card.o)
                0x0200f624                cardParamCommand
 .text.fifo_queueBlock
                0x0200f658       0x44 /opt/devkitpro/libnds/lib/libnds9.a(fifosystem.o)
 .text.fifo_waitBlock
                0x0200f69c       0x80 /opt/devkitpro/libnds/lib/libnds9.a(fifosystem.o)
 .text.fifoInternalSend.part.0
                0x0200f71c       0xd4 /opt/devkitpro/libnds/lib/libnds9.a(fifosystem.o)
 .text.fifoInternalSendInterrupt
                0x0200f7f0       0xb0 /opt/devkitpro/libnds/lib/libnds9.a(fifosystem.o)
 .text.fifoSetValue32Handler
                0x0200f8a0       0xd4 /opt/devkitpro/libnds/lib/libnds9.a(fifosystem.o)
                0x0200f8a0                fifoSetValue32Handler
 .text.fifoSendValue32
                0x0200f974       0x4c /opt/devkitpro/libnds/lib/libnds9.a(fifosystem.o)
                0x0200f974                fifoSendValue32
 .text.fifoSendDatamsg
                0x0200f9c0       0x90 /opt/devkitpro/libnds/lib/libnds9.a(fifosystem.o)
                0x0200f9c0                fifoSendDatamsg
 .text.fifoGetValue32
                0x0200fa50       0x70 /opt/devkitpro/libnds/lib/libnds9.a(fifosystem.o)
                0x0200fa50                fifoGetValue32
 .text.fifoGetDatamsg
                0x0200fac0       0xf4 /opt/devkitpro/libnds/lib/libnds9.a(fifosystem.o)
                0x0200fac0                fifoGetDatamsg
 .text.fifoInternalRecvInterrupt
                0x0200fbb4      0x37c /opt/devkitpro/libnds/lib/libnds9.a(fifosystem.o)
 .text.fifoSetDatamsgHandler
                0x0200ff30       0x9c /opt/devkitpro/libnds/lib/libnds9.a(fifosystem.o)
                0x0200ff30                fifoSetDatamsgHandler
 .text.fifoCheckValue32
                0x0200ffcc       0x24 /opt/devkitpro/libnds/lib/libnds9.a(fifosystem.o)
                0x0200ffcc                fifoCheckValue32
 .text.fifoInit
                0x0200fff0      0x108 /opt/devkitpro/libnds/lib/libnds9.a(fifosystem.o)
                0x0200fff0                fifoInit
 .text.DC_FlushRange
                0x020100f8       0x24 /opt/devkitpro/libnds/lib/libnds9.a(dcache.o)
                0x020100f8                DC_FlushRange
 .text.DC_InvalidateRange
                0x0201011c       0x2c /opt/devkitpro/libnds/lib/libnds9.a(dcache.o)
                0x0201011c                DC_InvalidateRange
 .text.__libnds_mpu_setup
                0x02010148      0x174 /opt/devkitpro/libnds/lib/libnds9.a(mpu_setup.o)
                0x02010148                __libnds_mpu_setup
 .text.memUncached
                0x020102bc       0x20 /opt/devkitpro/libnds/lib/libnds9.a(mpu_setup.o)
                0x020102bc                memUncached
 .text.swiWaitForVBlank
                0x020102dc        0x8 /opt/devkitpro/libnds/lib/libnds9.a(IntrWait.o)
                0x020102dc                swiWaitForVBlank
 .text.swiIntrWait
                0x020102e4       0x70 /opt/devkitpro/libnds/lib/libnds9.a(IntrWait.o)
                0x020102e4                swiIntrWait
 .text.setCpuClock
                0x02010354       0x50 /opt/devkitpro/libnds/lib/libnds9.a(cpu_clock.o)
                0x02010354                setCpuClock
 .text.swiDelay
                0x020103a4        0x4 /opt/devkitpro/libnds/lib/libnds9.a(biosCalls.o)
                0x020103a4                swiDelay
 .text.swiSoftReset
                0x020103a8       0x2c /opt/devkitpro/libnds/lib/libnds9.a(swiSoftReset.o)
                0x020103a8                swiSoftReset
 .text.checkIfText
                0x020103d4       0x5c /opt/devkitpro/libnds/lib/libnds9.a(background.o)
                0x020103d4                checkIfText
 .text.bgUpdate
                0x02010430       0xf4 /opt/devkitpro/libnds/lib/libnds9.a(background.o)
                0x02010430                bgUpdate
 .text.bgInit_call
                0x02010524       0xc4 /opt/devkitpro/libnds/lib/libnds9.a(background.o)
                0x02010524                bgInit_call
 .text.bgInitSub_call
                0x020105e8       0xcc /opt/devkitpro/libnds/lib/libnds9.a(background.o)
                0x020105e8                bgInitSub_call
 .text.sinLutLookup
                0x020106b4       0x4c /opt/devkitpro/libnds/lib/libnds9.a(trig.o)
                0x020106b4                sinLutLookup
 .text.sinLerp  0x02010700       0x40 /opt/devkitpro/libnds/lib/libnds9.a(trig.o)
                0x02010700                sinLerp
 .text.cosLerp  0x02010740       0x4c /opt/devkitpro/libnds/lib/libnds9.a(trig.o)
                0x02010740                cosLerp
 .text.oamAllocReset
                0x0201078c       0x1c /opt/devkitpro/libnds/lib/libnds9.a(sprite_alloc.o)
                0x0201078c                oamAllocReset
 .text.systemValueHandler
                0x020107a8       0x48 /opt/devkitpro/libnds/lib/libnds9.a(system.o)
                0x020107a8                systemValueHandler
 .text.systemMsgHandler
                0x020107f0       0x60 /opt/devkitpro/libnds/lib/libnds9.a(system.o)
                0x020107f0                systemMsgHandler
 .text.powerOn  0x02010850       0x2c /opt/devkitpro/libnds/lib/libnds9.a(system.o)
                0x02010850                powerOn
 .text.__muldi3
                0x0201087c       0x18 /opt/devkitpro/devkitARM/bin/../lib/gcc/arm-none-eabi/13.2.0/libgcc.a(_muldi3.o)
                0x0201087c                __aeabi_lmul
                0x0201087c                __muldi3
 .text.__udivmoddi4
                0x02010894      0x128 /opt/devkitpro/devkitARM/bin/../lib/gcc/arm-none-eabi/13.2.0/libgcc.a(_udivmoddi4.o)
                0x02010894                __udivmoddi4
 .text.towlower
                0x020109bc       0x14 /opt/devkitpro/devkitARM/bin/../lib/gcc/arm-none-eabi/13.2.0/../../../../arm-none-eabi/lib/libg.a(libc_a-towlower.o)
                0x020109bc                towlower
 .text._mbrtowc_r
                0x020109d0       0xc0 /opt/devkitpro/devkitARM/bin/../lib/gcc/arm-none-eabi/13.2.0/../../../../arm-none-eabi/lib/libg.a(libc_a-mbrtowc.o)
                0x020109d0                _mbrtowc_r
 .text.mbrtowc  0x02010a90       0xc4 /opt/devkitpro/devkitARM/bin/../lib/gcc/arm-none-eabi/13.2.0/../../../../arm-none-eabi/lib/libg.a(libc_a-mbrtowc.o)
                0x02010a90                mbrtowc
 .text._wcrtomb_r
                0x02010b54       0xac /opt/devkitpro/devkitARM/bin/../lib/gcc/arm-none-eabi/13.2.0/../../../../arm-none-eabi/lib/libg.a(libc_a-wcrtomb.o)
                0x02010b54                _wcrtomb_r
 .text.wcrtomb  0x02010c00       0xb4 /opt/devkitpro/devkitARM/bin/../lib/gcc/arm-none-eabi/13.2.0/../../../../arm-none-eabi/lib/libg.a(libc_a-wcrtomb.o)
                0x02010c00                wcrtomb
 .text.towupper
                0x02010cb4       0x14 /opt/devkitpro/devkitARM/bin/../lib/gcc/arm-none-eabi/13.2.0/../../../../arm-none-eabi/lib/libg.a(libc_a-towupper.o)
                0x02010cb4                towupper
 .text.mbsrtowcs
                0x02010cc8       0x3c /opt/devkitpro/devkitARM/bin/../lib/gcc/arm-none-eabi/13.2.0/../../../../arm-none-eabi/lib/libg.a(libc_a-mbsrtowcs.o)
                0x02010cc8                mbsrtowcs
 .text.wctob    0x02010d04       0x88 /opt/devkitpro/devkitARM/bin/../lib/gcc/arm-none-eabi/13.2.0/../../../../arm-none-eabi/lib/libg.a(libc_a-wctob.o)
                0x02010d04                wctob
 .text.rewind   0x02010d8c       0x30 /opt/devkitpro/devkitARM/bin/../lib/gcc/arm-none-eabi/13.2.0/../../../../arm-none-eabi/lib/libg.a(libc_a-rewind.o)
                0x02010d8c                rewind
 .text.towctrans
                0x02010dbc       0x48 /opt/devkitpro/devkitARM/bin/../lib/gcc/arm-none-eabi/13.2.0/../../../../arm-none-eabi/lib/libg.a(libc_a-towctrans.o)
                0x02010dbc                towctrans
 .text.snprintf
                0x02010e04       0xcc /opt/devkitpro/devkitARM/bin/../lib/gcc/arm-none-eabi/13.2.0/../../../../arm-none-eabi/lib/libg.a(libc_a-snprintf.o)
                0x02010e04                snprintf
 .text._puts_r  0x02010ed0       0xe4 /opt/devkitpro/devkitARM/bin/../lib/gcc/arm-none-eabi/13.2.0/../../../../arm-none-eabi/lib/libg.a(libc_a-puts.o)
                0x02010ed0                _puts_r
 .text.puts     0x02010fb4       0x18 /opt/devkitpro/devkitARM/bin/../lib/gcc/arm-none-eabi/13.2.0/../../../../arm-none-eabi/lib/libg.a(libc_a-puts.o)
                0x02010fb4                puts
 .text.siscanf  0x02010fcc       0x74 /opt/devkitpro/devkitARM/bin/../lib/gcc/arm-none-eabi/13.2.0/../../../../arm-none-eabi/lib/libg.a(libc_a-siscanf.o)
                0x02010fcc                siscanf
 .text.calloc   0x02011040       0x24 /opt/devkitpro/devkitARM/bin/../lib/gcc/arm-none-eabi/13.2.0/../../../../arm-none-eabi/lib/libg.a(libc_a-calloc.o)
                0x02011040                calloc
 .text._calloc_r
                0x02011064       0xd0 /opt/devkitpro/devkitARM/bin/../lib/gcc/arm-none-eabi/13.2.0/../../../../arm-none-eabi/lib/libg.a(libc_a-callocr.o)
                0x02011064                _calloc_r
 .text.setvbuf  0x02011134      0x25c /opt/devkitpro/devkitARM/bin/../lib/gcc/arm-none-eabi/13.2.0/../../../../arm-none-eabi/lib/libg.a(libc_a-setvbuf.o)
                0x02011134                setvbuf
 .text.get_arg  0x02011390       0x54 /opt/devkitpro/devkitARM/bin/../lib/gcc/arm-none-eabi/13.2.0/../../../../arm-none-eabi/lib/libg.a(libc_a-svfiscanf.o)
 .text._sungetc_r
                0x020113e4       0xe4 /opt/devkitpro/devkitARM/bin/../lib/gcc/arm-none-eabi/13.2.0/../../../../arm-none-eabi/lib/libg.a(libc_a-svfiscanf.o)
                0x020113e4                _sungetc_r
 .text.__ssrefill_r
                0x020114c8       0x68 /opt/devkitpro/devkitARM/bin/../lib/gcc/arm-none-eabi/13.2.0/../../../../arm-none-eabi/lib/libg.a(libc_a-svfiscanf.o)
                0x020114c8                __ssrefill_r
 .text._sfread_r
                0x02011530       0xc8 /opt/devkitpro/devkitARM/bin/../lib/gcc/arm-none-eabi/13.2.0/../../../../arm-none-eabi/lib/libg.a(libc_a-svfiscanf.o)
                0x02011530                _sfread_r
 .text.__ssvfiscanf_r
                0x020115f8     0x22dc /opt/devkitpro/devkitARM/bin/../lib/gcc/arm-none-eabi/13.2.0/../../../../arm-none-eabi/lib/libg.a(libc_a-svfiscanf.o)
                0x020115f8                __ssvfiscanf_r
 .text._malloc_trim_r
                0x020138d4      0x100 /opt/devkitpro/devkitARM/bin/../lib/gcc/arm-none-eabi/13.2.0/../../../../arm-none-eabi/lib/libg.a(libc_a-freer.o)
                0x020138d4                _malloc_trim_r
 .text._free_r  0x020139d4      0x2e8 /opt/devkitpro/devkitARM/bin/../lib/gcc/arm-none-eabi/13.2.0/../../../../arm-none-eabi/lib/libg.a(libc_a-freer.o)
                0x020139d4                _free_r
 .text.iprintf  0x02013cbc       0x34 /opt/devkitpro/devkitARM/bin/../lib/gcc/arm-none-eabi/13.2.0/../../../../arm-none-eabi/lib/libg.a(libc_a-iprintf.o)
                0x02013cbc                iprintf
 .text.strchr   0x02013cf0      0x13c /opt/devkitpro/devkitARM/bin/../lib/gcc/arm-none-eabi/13.2.0/../../../../arm-none-eabi/lib/libg.a(libc_a-strchr.o)
                0x02013cf0                strchr
 .text.memcmp   0x02013e2c       0xe0 /opt/devkitpro/devkitARM/bin/../lib/gcc/arm-none-eabi/13.2.0/../../../../arm-none-eabi/lib/libg.a(libc_a-memcmp.o)
                0x02013e2c                memcmp
 .text._fclose_r
                0x02013f0c      0x150 /opt/devkitpro/devkitARM/bin/../lib/gcc/arm-none-eabi/13.2.0/../../../../arm-none-eabi/lib/libg.a(libc_a-fclose.o)
                0x02013f0c                _fclose_r
 .text.fclose   0x0201405c       0x18 /opt/devkitpro/devkitARM/bin/../lib/gcc/arm-none-eabi/13.2.0/../../../../arm-none-eabi/lib/libg.a(libc_a-fclose.o)
                0x0201405c                fclose
 .text.get_arg  0x02014074      0x654 /opt/devkitpro/devkitARM/bin/../lib/gcc/arm-none-eabi/13.2.0/../../../../arm-none-eabi/lib/libg.a(libc_a-svfprintf.o)
 .text._svfprintf_r
                0x020146c8     0x3518 /opt/devkitpro/devkitARM/bin/../lib/gcc/arm-none-eabi/13.2.0/../../../../arm-none-eabi/lib/libg.a(libc_a-svfprintf.o)
                0x020146c8                _svfprintf_r
 .text.malloc   0x02017be0       0x1c /opt/devkitpro/devkitARM/bin/../lib/gcc/arm-none-eabi/13.2.0/../../../../arm-none-eabi/lib/libg.a(libc_a-malloc.o)
                0x02017be0                malloc
 .text.free     0x02017bfc       0x1c /opt/devkitpro/devkitARM/bin/../lib/gcc/arm-none-eabi/13.2.0/../../../../arm-none-eabi/lib/libg.a(libc_a-malloc.o)
                0x02017bfc                free
 .text._malloc_r
                0x02017c18      0x7a4 /opt/devkitpro/devkitARM/bin/../lib/gcc/arm-none-eabi/13.2.0/../../../../arm-none-eabi/lib/libg.a(libc_a-mallocr.o)
                0x02017c18                _malloc_r
 .text.memmove  0x020183bc      0x154 /opt/devkitpro/devkitARM/bin/../lib/gcc/arm-none-eabi/13.2.0/../../../../arm-none-eabi/lib/libg.a(libc_a-memmove.o)
                0x020183bc                memmove
 .text.memset   0x02018510       0xfc /opt/devkitpro/devkitARM/bin/../lib/gcc/arm-none-eabi/13.2.0/../../../../arm-none-eabi/lib/libg.a(libc_a-memset.o)
                0x02018510                memset
 .text.__malloc_lock
                0x0201860c       0x18 /opt/devkitpro/devkitARM/bin/../lib/gcc/arm-none-eabi/13.2.0/../../../../arm-none-eabi/lib/libg.a(libc_a-mlock.o)
                0x0201860c                __malloc_lock
 .text.__malloc_unlock
                0x02018624       0x18 /opt/devkitpro/devkitARM/bin/../lib/gcc/arm-none-eabi/13.2.0/../../../../arm-none-eabi/lib/libg.a(libc_a-mlock.o)
                0x02018624                __malloc_unlock
 .text.strlen   0x0201863c       0x94 /opt/devkitpro/devkitARM/bin/../lib/gcc/arm-none-eabi/13.2.0/../../../../arm-none-eabi/lib/libg.a(libc_a-strlen.o)
                0x0201863c                strlen
 .text._fopen_r
                0x020186d0      0x138 /opt/devkitpro/devkitARM/bin/../lib/gcc/arm-none-eabi/13.2.0/../../../../arm-none-eabi/lib/libg.a(libc_a-fopen.o)
                0x020186d0                _fopen_r
 .text.fopen    0x02018808       0x20 /opt/devkitpro/devkitARM/bin/../lib/gcc/arm-none-eabi/13.2.0/../../../../arm-none-eabi/lib/libg.a(libc_a-fopen.o)
                0x02018808                fopen
 .text.__sflush_r
                0x02018828      0x248 /opt/devkitpro/devkitARM/bin/../lib/gcc/arm-none-eabi/13.2.0/../../../../arm-none-eabi/lib/libg.a(libc_a-fflush.o)
                0x02018828                __sflush_r
 .text._fflush_r
                0x02018a70       0x9c /opt/devkitpro/devkitARM/bin/../lib/gcc/arm-none-eabi/13.2.0/../../../../arm-none-eabi/lib/libg.a(libc_a-fflush.o)
                0x02018a70                _fflush_r
 .text.strpbrk  0x02018b0c       0x7c /opt/devkitpro/devkitARM/bin/../lib/gcc/arm-none-eabi/13.2.0/../../../../arm-none-eabi/lib/libg.a(libc_a-strpbrk.o)
                0x02018b0c                strpbrk
 .text.strdup   0x02018b88       0x1c /opt/devkitpro/devkitARM/bin/../lib/gcc/arm-none-eabi/13.2.0/../../../../arm-none-eabi/lib/libg.a(libc_a-strdup.o)
                0x02018b88                strdup
 .text.strcasecmp
                0x02018ba4       0x70 /opt/devkitpro/devkitARM/bin/../lib/gcc/arm-none-eabi/13.2.0/../../../../arm-none-eabi/lib/libg.a(libc_a-strcasecmp.o)
                0x02018ba4                strcasecmp
 .text.strrchr  0x02018c14       0x58 /opt/devkitpro/devkitARM/bin/../lib/gcc/arm-none-eabi/13.2.0/../../../../arm-none-eabi/lib/libg.a(libc_a-strrchr.o)
                0x02018c14                strrchr
 .text.strncasecmp
                0x02018c6c       0x8c /opt/devkitpro/devkitARM/bin/../lib/gcc/arm-none-eabi/13.2.0/../../../../arm-none-eabi/lib/libg.a(libc_a-strncasecmp.o)
                0x02018c6c                strncasecmp
 .text._strdup_r
                0x02018cf8       0x44 /opt/devkitpro/devkitARM/bin/../lib/gcc/arm-none-eabi/13.2.0/../../../../arm-none-eabi/lib/libg.a(libc_a-strdup_r.o)
                0x02018cf8                _strdup_r
 .text.ftell    0x02018d3c       0x30 /opt/devkitpro/devkitARM/bin/../lib/gcc/arm-none-eabi/13.2.0/../../../../arm-none-eabi/lib/libg.a(libc_a-ftell.o)
                0x02018d3c                ftell
 .text.__sfvwrite_r
                0x02018d6c      0x4c8 /opt/devkitpro/devkitARM/bin/../lib/gcc/arm-none-eabi/13.2.0/../../../../arm-none-eabi/lib/libg.a(libc_a-fvwrite.o)
                0x02018d6c                __sfvwrite_r
 .text.strncmp  0x02019234       0xec /opt/devkitpro/devkitARM/bin/../lib/gcc/arm-none-eabi/13.2.0/../../../../arm-none-eabi/lib/libg.a(libc_a-strncmp.o)
                0x02019234                strncmp
 .text._fwalk_sglue
                0x02019320       0x78 /opt/devkitpro/devkitARM/bin/../lib/gcc/arm-none-eabi/13.2.0/../../../../arm-none-eabi/lib/libg.a(libc_a-fwalk.o)
                0x02019320                _fwalk_sglue
 .text._fread_r
                0x02019398      0x33c /opt/devkitpro/devkitARM/bin/../lib/gcc/arm-none-eabi/13.2.0/../../../../arm-none-eabi/lib/libg.a(libc_a-fread.o)
                0x02019398                _fread_r
 .text.fread    0x020196d4       0x3c /opt/devkitpro/devkitARM/bin/../lib/gcc/arm-none-eabi/13.2.0/../../../../arm-none-eabi/lib/libg.a(libc_a-fread.o)
                0x020196d4                fread
 .text._realloc_r
                0x02019710      0x4b8 /opt/devkitpro/devkitARM/bin/../lib/gcc/arm-none-eabi/13.2.0/../../../../arm-none-eabi/lib/libg.a(libc_a-reallocr.o)
                0x02019710                _realloc_r
 .text.strncpy  0x02019bc8       0xd0 /opt/devkitpro/devkitARM/bin/../lib/gcc/arm-none-eabi/13.2.0/../../../../arm-none-eabi/lib/libg.a(libc_a-strncpy.o)
                0x02019bc8                strncpy
 .text.stdio_exit_handler
                0x02019c98       0x28 /opt/devkitpro/devkitARM/bin/../lib/gcc/arm-none-eabi/13.2.0/../../../../arm-none-eabi/lib/libg.a(libc_a-findfp.o)
 .text.cleanup_stdio
                0x02019cc0       0x54 /opt/devkitpro/devkitARM/bin/../lib/gcc/arm-none-eabi/13.2.0/../../../../arm-none-eabi/lib/libg.a(libc_a-findfp.o)
 .text.global_stdio_init.part.0
                0x02019d14      0x158 /opt/devkitpro/devkitARM/bin/../lib/gcc/arm-none-eabi/13.2.0/../../../../arm-none-eabi/lib/libg.a(libc_a-findfp.o)
 .text.__sfp    0x02019e6c      0x138 /opt/devkitpro/devkitARM/bin/../lib/gcc/arm-none-eabi/13.2.0/../../../../arm-none-eabi/lib/libg.a(libc_a-findfp.o)
                0x02019e6c                __sfp
 .text.__sinit  0x02019fa4       0x64 /opt/devkitpro/devkitARM/bin/../lib/gcc/arm-none-eabi/13.2.0/../../../../arm-none-eabi/lib/libg.a(libc_a-findfp.o)
                0x02019fa4                __sinit
 .text.__sfp_lock_acquire
                0x0201a008       0x18 /opt/devkitpro/devkitARM/bin/../lib/gcc/arm-none-eabi/13.2.0/../../../../arm-none-eabi/lib/libg.a(libc_a-findfp.o)
                0x0201a008                __sfp_lock_acquire
 .text.__sfp_lock_release
                0x0201a020       0x18 /opt/devkitpro/devkitARM/bin/../lib/gcc/arm-none-eabi/13.2.0/../../../../arm-none-eabi/lib/libg.a(libc_a-findfp.o)
                0x0201a020                __sfp_lock_release
 .text.localtime_r
                0x0201a038      0x374 /opt/devkitpro/devkitARM/bin/../lib/gcc/arm-none-eabi/13.2.0/../../../../arm-none-eabi/lib/libg.a(libc_a-lcltime_r.o)
                0x0201a038                localtime_r
 .text.strnlen  0x0201a3ac       0x48 /opt/devkitpro/devkitARM/bin/../lib/gcc/arm-none-eabi/13.2.0/../../../../arm-none-eabi/lib/libg.a(libc_a-strnlen.o)
                0x0201a3ac                strnlen
 .text._tzset_unlocked
                0x0201a3f4       0x14 /opt/devkitpro/devkitARM/bin/../lib/gcc/arm-none-eabi/13.2.0/../../../../arm-none-eabi/lib/libg.a(libc_a-tzset.o)
                0x0201a3f4                _tzset_unlocked
 .text.validate_structure
                0x0201a408      0x2e0 /opt/devkitpro/devkitARM/bin/../lib/gcc/arm-none-eabi/13.2.0/../../../../arm-none-eabi/lib/libg.a(libc_a-mktime.o)
 .text.mktime   0x0201a6e8      0x4cc /opt/devkitpro/devkitARM/bin/../lib/gcc/arm-none-eabi/13.2.0/../../../../arm-none-eabi/lib/libg.a(libc_a-mktime.o)
                0x0201a6e8                mktime
 .text.access   0x0201abb4       0x54 /opt/devkitpro/devkitARM/bin/../lib/gcc/arm-none-eabi/13.2.0/../../../../arm-none-eabi/lib/libg.a(libc_a-access.o)
                0x0201abb4                access
 .text._fseek_r
                0x0201ac08       0x20 /opt/devkitpro/devkitARM/bin/../lib/gcc/arm-none-eabi/13.2.0/../../../../arm-none-eabi/lib/libg.a(libc_a-fseek.o)
                0x0201ac08                _fseek_r
 .text.fseek    0x0201ac28       0x38 /opt/devkitpro/devkitARM/bin/../lib/gcc/arm-none-eabi/13.2.0/../../../../arm-none-eabi/lib/libg.a(libc_a-fseek.o)
                0x0201ac28                fseek
 .text._tzset_unlocked_r
                0x0201ac60      0x688 /opt/devkitpro/devkitARM/bin/../lib/gcc/arm-none-eabi/13.2.0/../../../../arm-none-eabi/lib/libg.a(libc_a-tzset_r.o)
                0x0201ac60                _tzset_unlocked_r
 .text._strtol_l.part.0
                0x0201b2e8      0x1b4 /opt/devkitpro/devkitARM/bin/../lib/gcc/arm-none-eabi/13.2.0/../../../../arm-none-eabi/lib/libg.a(libc_a-strtol.o)
 .text._strtol_r
                0x0201b49c       0x64 /opt/devkitpro/devkitARM/bin/../lib/gcc/arm-none-eabi/13.2.0/../../../../arm-none-eabi/lib/libg.a(libc_a-strtol.o)
                0x0201b49c                _strtol_r
 .text.realloc  0x0201b500       0x24 /opt/devkitpro/devkitARM/bin/../lib/gcc/arm-none-eabi/13.2.0/../../../../arm-none-eabi/lib/libg.a(libc_a-realloc.o)
                0x0201b500                realloc
 .text.__gettzinfo
                0x0201b524        0xc /opt/devkitpro/devkitARM/bin/../lib/gcc/arm-none-eabi/13.2.0/../../../../arm-none-eabi/lib/libg.a(libc_a-gettzinfo.o)
                0x0201b524                __gettzinfo
 .text._strtoul_l.isra.0
                0x0201b530      0x1dc /opt/devkitpro/devkitARM/bin/../lib/gcc/arm-none-eabi/13.2.0/../../../../arm-none-eabi/lib/libg.a(libc_a-strtoul.o)
 .text._strtoul_r
                0x0201b70c       0x30 /opt/devkitpro/devkitARM/bin/../lib/gcc/arm-none-eabi/13.2.0/../../../../arm-none-eabi/lib/libg.a(libc_a-strtoul.o)
                0x0201b70c                _strtoul_r
 .text.strtoul  0x0201b73c       0x34 /opt/devkitpro/devkitARM/bin/../lib/gcc/arm-none-eabi/13.2.0/../../../../arm-none-eabi/lib/libg.a(libc_a-strtoul.o)
                0x0201b73c                strtoul
 .text.__locale_mb_cur_max
                0x0201b770       0x28 /opt/devkitpro/devkitARM/bin/../lib/gcc/arm-none-eabi/13.2.0/../../../../arm-none-eabi/lib/libg.a(libc_a-locale.o)
                0x0201b770                __locale_mb_cur_max
 .text.time     0x0201b798       0x50 /opt/devkitpro/devkitARM/bin/../lib/gcc/arm-none-eabi/13.2.0/../../../../arm-none-eabi/lib/libg.a(libc_a-time.o)
                0x0201b798                time
 .text._localeconv_r
                0x0201b7e8       0x28 /opt/devkitpro/devkitARM/bin/../lib/gcc/arm-none-eabi/13.2.0/../../../../arm-none-eabi/lib/libg.a(libc_a-localeconv.o)
                0x0201b7e8                _localeconv_r
 .text.__tzcalc_limits
                0x0201b810      0x254 /opt/devkitpro/devkitARM/bin/../lib/gcc/arm-none-eabi/13.2.0/../../../../arm-none-eabi/lib/libg.a(libc_a-tzcalc_limits.o)
                0x0201b810                __tzcalc_limits
 .text.strcpy   0x0201ba64       0xf0 /opt/devkitpro/devkitARM/bin/../lib/gcc/arm-none-eabi/13.2.0/../../../../arm-none-eabi/lib/libg.a(libc_a-strcpy.o)
                0x0201ba64                strcpy
 .text.memchr   0x0201bb54       0xf0 /opt/devkitpro/devkitARM/bin/../lib/gcc/arm-none-eabi/13.2.0/../../../../arm-none-eabi/lib/libg.a(libc_a-memchr-stub.o)
                0x0201bb54                memchr
 .text.__utf8_wctomb
                0x0201bc44       0xf4 /opt/devkitpro/devkitARM/bin/../lib/gcc/arm-none-eabi/13.2.0/../../../../arm-none-eabi/lib/libg.a(libc_a-wctomb_r.o)
                0x0201bc44                __utf8_wctomb
 .text.memcpy   0x0201bd38      0x114 /opt/devkitpro/devkitARM/bin/../lib/gcc/arm-none-eabi/13.2.0/../../../../arm-none-eabi/lib/libg.a(libc_a-memcpy-stub.o)
                0x0201bd38                memcpy
 .text.stpcpy   0x0201be4c       0x74 /opt/devkitpro/devkitARM/bin/../lib/gcc/arm-none-eabi/13.2.0/../../../../arm-none-eabi/lib/libg.a(libc_a-stpcpy.o)
                0x0201be4c                stpcpy
 .text.__libc_init_array
                0x0201bec0       0x90 /opt/devkitpro/devkitARM/bin/../lib/gcc/arm-none-eabi/13.2.0/../../../../arm-none-eabi/lib/libg.a(libc_a-init.o)
                0x0201bec0                __libc_init_array
 .text.__errno  0x0201bf50       0x10 /opt/devkitpro/devkitARM/bin/../lib/gcc/arm-none-eabi/13.2.0/../../../../arm-none-eabi/lib/libg.a(libc_a-errno.o)
                0x0201bf50                __errno
 .text.lseek    0x0201bf60       0x3c /opt/devkitpro/devkitARM/bin/../lib/gcc/arm-none-eabi/13.2.0/../../../../arm-none-eabi/lib/libg.a(libc_a-syslseek.o)
                0x0201bf60                lseek
 .text.open     0x0201bf9c       0x40 /opt/devkitpro/devkitARM/bin/../lib/gcc/arm-none-eabi/13.2.0/../../../../arm-none-eabi/lib/libg.a(libc_a-sysopen.o)
                0x0201bf9c                open
 .text.read     0x0201bfdc       0x2c /opt/devkitpro/devkitARM/bin/../lib/gcc/arm-none-eabi/13.2.0/../../../../arm-none-eabi/lib/libg.a(libc_a-sysread.o)
                0x0201bfdc                read
 .text.stat     0x0201c008       0x24 /opt/devkitpro/devkitARM/bin/../lib/gcc/arm-none-eabi/13.2.0/../../../../arm-none-eabi/lib/libg.a(libc_a-sysstat.o)
                0x0201c008                stat
 .text.frexp    0x0201c02c       0xa4 /opt/devkitpro/devkitARM/bin/../lib/gcc/arm-none-eabi/13.2.0/../../../../arm-none-eabi/lib/libg.a(libm_a-s_frexp.o)
                0x0201c02c                frexp
 .text._strtoll_l.isra.0
                0x0201c0d0      0x23c /opt/devkitpro/devkitARM/bin/../lib/gcc/arm-none-eabi/13.2.0/../../../../arm-none-eabi/lib/libg.a(libc_a-strtoll.o)
 .text._strtoll_r
                0x0201c30c       0x30 /opt/devkitpro/devkitARM/bin/../lib/gcc/arm-none-eabi/13.2.0/../../../../arm-none-eabi/lib/libg.a(libc_a-strtoll.o)
                0x0201c30c                _strtoll_r
 .text._strtoull_l.isra.0
                0x0201c33c      0x260 /opt/devkitpro/devkitARM/bin/../lib/gcc/arm-none-eabi/13.2.0/../../../../arm-none-eabi/lib/libg.a(libc_a-strtoull.o)
 .text._strtoull_r
                0x0201c59c       0x30 /opt/devkitpro/devkitARM/bin/../lib/gcc/arm-none-eabi/13.2.0/../../../../arm-none-eabi/lib/libg.a(libc_a-strtoull.o)
                0x0201c59c                _strtoull_r
 .text.towctrans_l
                0x0201c5cc      0x244 /opt/devkitpro/devkitARM/bin/../lib/gcc/arm-none-eabi/13.2.0/../../../../arm-none-eabi/lib/libg.a(libc_a-towctrans_l.o)
                0x0201c5cc                towctrans_l
 .text.iswspace
                0x0201c810       0x14 /opt/devkitpro/devkitARM/bin/../lib/gcc/arm-none-eabi/13.2.0/../../../../arm-none-eabi/lib/libg.a(libc_a-iswspace.o)
                0x0201c810                iswspace
 .text.__smakebuf_r
                0x0201c824      0x138 /opt/devkitpro/devkitARM/bin/../lib/gcc/arm-none-eabi/13.2.0/../../../../arm-none-eabi/lib/libg.a(libc_a-makebuf.o)
                0x0201c824                __smakebuf_r
 .text.__swhatbuf_r
                0x0201c95c       0x80 /opt/devkitpro/devkitARM/bin/../lib/gcc/arm-none-eabi/13.2.0/../../../../arm-none-eabi/lib/libg.a(libc_a-makebuf.o)
                0x0201c95c                __swhatbuf_r
 .text.iswspace_l
                0x0201c9dc       0x40 /opt/devkitpro/devkitARM/bin/../lib/gcc/arm-none-eabi/13.2.0/../../../../arm-none-eabi/lib/libg.a(libc_a-iswspace_l.o)
                0x0201c9dc                iswspace_l
 .text._mbsnrtowcs_r
                0x0201ca1c      0x104 /opt/devkitpro/devkitARM/bin/../lib/gcc/arm-none-eabi/13.2.0/../../../../arm-none-eabi/lib/libg.a(libc_a-mbsnrtowcs.o)
                0x0201ca1c                _mbsnrtowcs_r
 .text._wcsrtombs_r
                0x0201cb20       0x2c /opt/devkitpro/devkitARM/bin/../lib/gcc/arm-none-eabi/13.2.0/../../../../arm-none-eabi/lib/libg.a(libc_a-wcsrtombs.o)
                0x0201cb20                _wcsrtombs_r
 .text.__sccl   0x0201cb4c       0xe4 /opt/devkitpro/devkitARM/bin/../lib/gcc/arm-none-eabi/13.2.0/../../../../arm-none-eabi/lib/libg.a(libc_a-sccl.o)
                0x0201cb4c                __sccl
 .text.lflush   0x0201cc30       0x3c /opt/devkitpro/devkitARM/bin/../lib/gcc/arm-none-eabi/13.2.0/../../../../arm-none-eabi/lib/libg.a(libc_a-refill.o)
 .text.__srefill_r
                0x0201cc6c      0x19c /opt/devkitpro/devkitARM/bin/../lib/gcc/arm-none-eabi/13.2.0/../../../../arm-none-eabi/lib/libg.a(libc_a-refill.o)
                0x0201cc6c                __srefill_r
 .text.__submore
                0x0201ce08       0xa8 /opt/devkitpro/devkitARM/bin/../lib/gcc/arm-none-eabi/13.2.0/../../../../arm-none-eabi/lib/libg.a(libc_a-ungetc.o)
                0x0201ce08                __submore
 .text.__sread  0x0201ceb0       0x4c /opt/devkitpro/devkitARM/bin/../lib/gcc/arm-none-eabi/13.2.0/../../../../arm-none-eabi/lib/libg.a(libc_a-stdio.o)
                0x0201ceb0                __sread
 .text.__seofread
                0x0201cefc        0x8 /opt/devkitpro/devkitARM/bin/../lib/gcc/arm-none-eabi/13.2.0/../../../../arm-none-eabi/lib/libg.a(libc_a-stdio.o)
                0x0201cefc                __seofread
 .text.__swrite
                0x0201cf04       0x6c /opt/devkitpro/devkitARM/bin/../lib/gcc/arm-none-eabi/13.2.0/../../../../arm-none-eabi/lib/libg.a(libc_a-stdio.o)
                0x0201cf04                __swrite
 .text.__sseek  0x0201cf70       0x48 /opt/devkitpro/devkitARM/bin/../lib/gcc/arm-none-eabi/13.2.0/../../../../arm-none-eabi/lib/libg.a(libc_a-stdio.o)
                0x0201cf70                __sseek
 .text.__sclose
                0x0201cfb8       0x14 /opt/devkitpro/devkitARM/bin/../lib/gcc/arm-none-eabi/13.2.0/../../../../arm-none-eabi/lib/libg.a(libc_a-stdio.o)
                0x0201cfb8                __sclose
 .text.category
                0x0201cfcc       0x98 /opt/devkitpro/devkitARM/bin/../lib/gcc/arm-none-eabi/13.2.0/../../../../arm-none-eabi/lib/libg.a(libc_a-categories.o)
                0x0201cfcc                category
 .text.get_arg  0x0201d064      0x654 /opt/devkitpro/devkitARM/bin/../lib/gcc/arm-none-eabi/13.2.0/../../../../arm-none-eabi/lib/libg.a(libc_a-vfiprintf.o)
 .text.__sprint_r
                0x0201d6b8       0x34 /opt/devkitpro/devkitARM/bin/../lib/gcc/arm-none-eabi/13.2.0/../../../../arm-none-eabi/lib/libg.a(libc_a-vfiprintf.o)
                0x0201d6b8                __sprint_r
 .text._vfiprintf_r
                0x0201d6ec     0x2334 /opt/devkitpro/devkitARM/bin/../lib/gcc/arm-none-eabi/13.2.0/../../../../arm-none-eabi/lib/libg.a(libc_a-vfiprintf.o)
                0x0201d6ec                _vfiprintf_r
 .text.__sbprintf
                0x0201fa20       0xbc /opt/devkitpro/devkitARM/bin/../lib/gcc/arm-none-eabi/13.2.0/../../../../arm-none-eabi/lib/libg.a(libc_a-vfiprintf.o)
 .text.__ssprint_r
                0x0201fadc      0x190 /opt/devkitpro/devkitARM/bin/../lib/gcc/arm-none-eabi/13.2.0/../../../../arm-none-eabi/lib/libg.a(libc_a-svfiprintf.o)
                0x0201fadc                __ssprint_r
 .text.div      0x0201fc6c       0x2c /opt/devkitpro/devkitARM/bin/../lib/gcc/arm-none-eabi/13.2.0/../../../../arm-none-eabi/lib/libg.a(libc_a-div.o)
                0x0201fc6c                div
 .text.__swsetup_r
                0x0201fc98      0x144 /opt/devkitpro/devkitARM/bin/../lib/gcc/arm-none-eabi/13.2.0/../../../../arm-none-eabi/lib/libg.a(libc_a-wsetup.o)
                0x0201fc98                __swsetup_r
 .text.quorem   0x0201fddc      0x1d8 /opt/devkitpro/devkitARM/bin/../lib/gcc/arm-none-eabi/13.2.0/../../../../arm-none-eabi/lib/libg.a(libc_a-dtoa.o)
 *fill*         0x0201ffb4        0x4 ff
 .text._dtoa_r  0x0201ffb8     0x16cc /opt/devkitpro/devkitARM/bin/../lib/gcc/arm-none-eabi/13.2.0/../../../../arm-none-eabi/lib/libg.a(libc_a-dtoa.o)
                0x0201ffb8                _dtoa_r
 .text._fseeko_r
                0x02021684      0x5a4 /opt/devkitpro/devkitARM/bin/../lib/gcc/arm-none-eabi/13.2.0/../../../../arm-none-eabi/lib/libg.a(libc_a-fseeko.o)
                0x02021684                _fseeko_r
 .text._findenv_r
                0x02021c28       0xd0 /opt/devkitpro/devkitARM/bin/../lib/gcc/arm-none-eabi/13.2.0/../../../../arm-none-eabi/lib/libg.a(libc_a-getenv_r.o)
                0x02021c28                _findenv_r
 .text._getenv_r
                0x02021cf8       0x1c /opt/devkitpro/devkitARM/bin/../lib/gcc/arm-none-eabi/13.2.0/../../../../arm-none-eabi/lib/libg.a(libc_a-getenv_r.o)
                0x02021cf8                _getenv_r
 .text._ftello_r
                0x02021d14      0x1c0 /opt/devkitpro/devkitARM/bin/../lib/gcc/arm-none-eabi/13.2.0/../../../../arm-none-eabi/lib/libg.a(libc_a-ftello.o)
                0x02021d14                _ftello_r
 .text.__sflags
                0x02021ed4       0xbc /opt/devkitpro/devkitARM/bin/../lib/gcc/arm-none-eabi/13.2.0/../../../../arm-none-eabi/lib/libg.a(libc_a-flags.o)
                0x02021ed4                __sflags
 .text._Balloc  0x02021f90       0x8c /opt/devkitpro/devkitARM/bin/../lib/gcc/arm-none-eabi/13.2.0/../../../../arm-none-eabi/lib/libg.a(libc_a-mprec.o)
                0x02021f90                _Balloc
 .text._Bfree   0x0202201c       0x1c /opt/devkitpro/devkitARM/bin/../lib/gcc/arm-none-eabi/13.2.0/../../../../arm-none-eabi/lib/libg.a(libc_a-mprec.o)
                0x0202201c                _Bfree
 .text.__multadd
                0x02022038      0x100 /opt/devkitpro/devkitARM/bin/../lib/gcc/arm-none-eabi/13.2.0/../../../../arm-none-eabi/lib/libg.a(libc_a-mprec.o)
                0x02022038                __multadd
 .text.__hi0bits
                0x02022138       0x60 /opt/devkitpro/devkitARM/bin/../lib/gcc/arm-none-eabi/13.2.0/../../../../arm-none-eabi/lib/libg.a(libc_a-mprec.o)
                0x02022138                __hi0bits
 .text.__lo0bits
                0x02022198       0xa0 /opt/devkitpro/devkitARM/bin/../lib/gcc/arm-none-eabi/13.2.0/../../../../arm-none-eabi/lib/libg.a(libc_a-mprec.o)
                0x02022198                __lo0bits
 .text.__i2b    0x02022238       0xac /opt/devkitpro/devkitARM/bin/../lib/gcc/arm-none-eabi/13.2.0/../../../../arm-none-eabi/lib/libg.a(libc_a-mprec.o)
                0x02022238                __i2b
 .text.__multiply
                0x020222e4      0x218 /opt/devkitpro/devkitARM/bin/../lib/gcc/arm-none-eabi/13.2.0/../../../../arm-none-eabi/lib/libg.a(libc_a-mprec.o)
                0x020222e4                __multiply
 .text.__pow5mult
                0x020224fc      0x12c /opt/devkitpro/devkitARM/bin/../lib/gcc/arm-none-eabi/13.2.0/../../../../arm-none-eabi/lib/libg.a(libc_a-mprec.o)
                0x020224fc                __pow5mult
 .text.__lshift
                0x02022628      0x144 /opt/devkitpro/devkitARM/bin/../lib/gcc/arm-none-eabi/13.2.0/../../../../arm-none-eabi/lib/libg.a(libc_a-mprec.o)
                0x02022628                __lshift
 .text.__mcmp   0x0202276c       0x54 /opt/devkitpro/devkitARM/bin/../lib/gcc/arm-none-eabi/13.2.0/../../../../arm-none-eabi/lib/libg.a(libc_a-mprec.o)
                0x0202276c                __mcmp
 .text.__mdiff  0x020227c0      0x214 /opt/devkitpro/devkitARM/bin/../lib/gcc/arm-none-eabi/13.2.0/../../../../arm-none-eabi/lib/libg.a(libc_a-mprec.o)
                0x020227c0                __mdiff
 .text.__d2b    0x020229d4      0x128 /opt/devkitpro/devkitARM/bin/../lib/gcc/arm-none-eabi/13.2.0/../../../../arm-none-eabi/lib/libg.a(libc_a-mprec.o)
                0x020229d4                __d2b
 .text.gmtime_r
                0x02022afc      0x26c /opt/devkitpro/devkitARM/bin/../lib/gcc/arm-none-eabi/13.2.0/../../../../arm-none-eabi/lib/libg.a(libc_a-gmtime_r.o)
                0x02022afc                gmtime_r
 .text.__tz_lock
                0x02022d68       0x18 /opt/devkitpro/devkitARM/bin/../lib/gcc/arm-none-eabi/13.2.0/../../../../arm-none-eabi/lib/libg.a(libc_a-tzlock.o)
                0x02022d68                __tz_lock
 .text.__tz_unlock
                0x02022d80       0x18 /opt/devkitpro/devkitARM/bin/../lib/gcc/arm-none-eabi/13.2.0/../../../../arm-none-eabi/lib/libg.a(libc_a-tzlock.o)
                0x02022d80                __tz_unlock
 .text.__utf8_mbtowc
                0x02022d98      0x308 /opt/devkitpro/devkitARM/bin/../lib/gcc/arm-none-eabi/13.2.0/../../../../arm-none-eabi/lib/libg.a(libc_a-mbtowc_r.o)
                0x02022d98                __utf8_mbtowc
 .text._wcsnrtombs_l
                0x020230a0      0x198 /opt/devkitpro/devkitARM/bin/../lib/gcc/arm-none-eabi/13.2.0/../../../../arm-none-eabi/lib/libg.a(libc_a-wcsnrtombs.o)
                0x020230a0                _wcsnrtombs_l
 .text._wcsnrtombs_r
                0x02023238       0x68 /opt/devkitpro/devkitARM/bin/../lib/gcc/arm-none-eabi/13.2.0/../../../../arm-none-eabi/lib/libg.a(libc_a-wcsnrtombs.o)
                0x02023238                _wcsnrtombs_r
 .text.__env_lock
                0x020232a0       0x18 /opt/devkitpro/devkitARM/bin/../lib/gcc/arm-none-eabi/13.2.0/../../../../arm-none-eabi/lib/libg.a(libc_a-envlock.o)
                0x020232a0                __env_lock
 .text.__env_unlock
                0x020232b8       0x18 /opt/devkitpro/devkitARM/bin/../lib/gcc/arm-none-eabi/13.2.0/../../../../arm-none-eabi/lib/libg.a(libc_a-envlock.o)
                0x020232b8                __env_unlock
 .text.__assert_func
                0x020232d0       0x5c /opt/devkitpro/devkitARM/bin/../lib/gcc/arm-none-eabi/13.2.0/../../../../arm-none-eabi/lib/libg.a(libc_a-assert.o)
                0x020232d0                __assert_func
 .text.fiprintf
                0x0202332c       0x3c /opt/devkitpro/devkitARM/bin/../lib/gcc/arm-none-eabi/13.2.0/../../../../arm-none-eabi/lib/libg.a(libc_a-fiprintf.o)
                0x0202332c                fiprintf
 .text.abort    0x02023368       0x14 /opt/devkitpro/devkitARM/bin/../lib/gcc/arm-none-eabi/13.2.0/../../../../arm-none-eabi/lib/libg.a(libc_a-abort.o)
                0x02023368                abort
 .text._raise_r
                0x0202337c       0x94 /opt/devkitpro/devkitARM/bin/../lib/gcc/arm-none-eabi/13.2.0/../../../../arm-none-eabi/lib/libg.a(libc_a-signal.o)
                0x0202337c                _raise_r
 .text.raise    0x02023410       0x18 /opt/devkitpro/devkitARM/bin/../lib/gcc/arm-none-eabi/13.2.0/../../../../arm-none-eabi/lib/libg.a(libc_a-signal.o)
                0x02023410                raise
 .text._exit    0x02023428       0x20 /opt/devkitpro/devkitARM/bin/../lib/gcc/arm-none-eabi/13.2.0/../../../../arm-none-eabi/lib/libsysbase.a(libsysbase_libsysbase_a-_exit.o)
                0x02023428                _exit
 .text.build_argv
                0x02023448       0x90 /opt/devkitpro/devkitARM/bin/../lib/gcc/arm-none-eabi/13.2.0/../../../../arm-none-eabi/lib/libsysbase.a(libsysbase_libsysbase_a-build_argv.o)
                0x02023448                build_argv
 .text.chdir    0x020234d8      0x144 /opt/devkitpro/devkitARM/bin/../lib/gcc/arm-none-eabi/13.2.0/../../../../arm-none-eabi/lib/libsysbase.a(libsysbase_libsysbase_a-chdir.o)
                0x020234d8                chdir
 .text.getcwd   0x0202361c       0x8c /opt/devkitpro/devkitARM/bin/../lib/gcc/arm-none-eabi/13.2.0/../../../../arm-none-eabi/lib/libsysbase.a(libsysbase_libsysbase_a-chdir.o)
                0x0202361c                getcwd
 .text._concatenate_path
                0x020236a8      0x1d4 /opt/devkitpro/devkitARM/bin/../lib/gcc/arm-none-eabi/13.2.0/../../../../arm-none-eabi/lib/libsysbase.a(libsysbase_libsysbase_a-concatenate.o)
                0x020236a8                _concatenate_path
 .text._fstat_r
                0x0202387c       0x7c /opt/devkitpro/devkitARM/bin/../lib/gcc/arm-none-eabi/13.2.0/../../../../arm-none-eabi/lib/libsysbase.a(libsysbase_libsysbase_a-fstat.o)
                0x0202387c                _fstat_r
 .text._getpid_r
                0x020238f8       0x14 /opt/devkitpro/devkitARM/bin/../lib/gcc/arm-none-eabi/13.2.0/../../../../arm-none-eabi/lib/libsysbase.a(libsysbase_libsysbase_a-getpid.o)
                0x020238f8                _getpid_r
 .text.__getreent
                0x0202390c       0x30 /opt/devkitpro/devkitARM/bin/../lib/gcc/arm-none-eabi/13.2.0/../../../../arm-none-eabi/lib/libsysbase.a(libsysbase_libsysbase_a-getreent.o)
                0x0202390c                __getreent
 .text._gettimeofday_r
                0x0202393c       0x34 /opt/devkitpro/devkitARM/bin/../lib/gcc/arm-none-eabi/13.2.0/../../../../arm-none-eabi/lib/libsysbase.a(libsysbase_libsysbase_a-gettod.o)
                0x0202393c                _gettimeofday_r
 .text.__release_handle
                0x02023970       0x90 /opt/devkitpro/devkitARM/bin/../lib/gcc/arm-none-eabi/13.2.0/../../../../arm-none-eabi/lib/libsysbase.a(libsysbase_libsysbase_a-handle_manager.o)
                0x02023970                __release_handle
 .text.__alloc_handle
                0x02023a00       0xb4 /opt/devkitpro/devkitARM/bin/../lib/gcc/arm-none-eabi/13.2.0/../../../../arm-none-eabi/lib/libsysbase.a(libsysbase_libsysbase_a-handle_manager.o)
                0x02023a00                __alloc_handle
 .text.__get_handle
                0x02023ab4       0x40 /opt/devkitpro/devkitARM/bin/../lib/gcc/arm-none-eabi/13.2.0/../../../../arm-none-eabi/lib/libsysbase.a(libsysbase_libsysbase_a-handle_manager.o)
                0x02023ab4                __get_handle
 .text._close_r
                0x02023af4       0xfc /opt/devkitpro/devkitARM/bin/../lib/gcc/arm-none-eabi/13.2.0/../../../../arm-none-eabi/lib/libsysbase.a(libsysbase_libsysbase_a-handle_manager.o)
                0x02023af4                _close_r
 .text.null_write
                0x02023bf0        0x8 /opt/devkitpro/devkitARM/bin/../lib/gcc/arm-none-eabi/13.2.0/../../../../arm-none-eabi/lib/libsysbase.a(libsysbase_libsysbase_a-iosupport.o)
 .text.setDefaultDevice
                0x02023bf8       0x18 /opt/devkitpro/devkitARM/bin/../lib/gcc/arm-none-eabi/13.2.0/../../../../arm-none-eabi/lib/libsysbase.a(libsysbase_libsysbase_a-iosupport.o)
                0x02023bf8                setDefaultDevice
 .text.FindDevice
                0x02023c10       0xd4 /opt/devkitpro/devkitARM/bin/../lib/gcc/arm-none-eabi/13.2.0/../../../../arm-none-eabi/lib/libsysbase.a(libsysbase_libsysbase_a-iosupport.o)
                0x02023c10                FindDevice
 .text.AddDevice
                0x02023ce4       0xa4 /opt/devkitpro/devkitARM/bin/../lib/gcc/arm-none-eabi/13.2.0/../../../../arm-none-eabi/lib/libsysbase.a(libsysbase_libsysbase_a-iosupport.o)
                0x02023ce4                AddDevice
 .text.GetDeviceOpTab
                0x02023d88       0x24 /opt/devkitpro/devkitARM/bin/../lib/gcc/arm-none-eabi/13.2.0/../../../../arm-none-eabi/lib/libsysbase.a(libsysbase_libsysbase_a-iosupport.o)
                0x02023d88                GetDeviceOpTab
 .text._isatty_r
                0x02023dac        0x8 /opt/devkitpro/devkitARM/bin/../lib/gcc/arm-none-eabi/13.2.0/../../../../arm-none-eabi/lib/libsysbase.a(libsysbase_libsysbase_a-isatty.o)
                0x02023dac                _isatty_r
 .text._kill_r  0x02023db4       0x14 /opt/devkitpro/devkitARM/bin/../lib/gcc/arm-none-eabi/13.2.0/../../../../arm-none-eabi/lib/libsysbase.a(libsysbase_libsysbase_a-kill.o)
                0x02023db4                _kill_r
 .text._lseek_r
                0x02023dc8       0x88 /opt/devkitpro/devkitARM/bin/../lib/gcc/arm-none-eabi/13.2.0/../../../../arm-none-eabi/lib/libsysbase.a(libsysbase_libsysbase_a-lseek.o)
                0x02023dc8                _lseek_r
 .text._open_r  0x02023e50       0xc4 /opt/devkitpro/devkitARM/bin/../lib/gcc/arm-none-eabi/13.2.0/../../../../arm-none-eabi/lib/libsysbase.a(libsysbase_libsysbase_a-open.o)
                0x02023e50                _open_r
 .text._read_r  0x02023f14       0x84 /opt/devkitpro/devkitARM/bin/../lib/gcc/arm-none-eabi/13.2.0/../../../../arm-none-eabi/lib/libsysbase.a(libsysbase_libsysbase_a-read.o)
                0x02023f14                _read_r
 .text._sbrk_r  0x02023f98       0x7c /opt/devkitpro/devkitARM/bin/../lib/gcc/arm-none-eabi/13.2.0/../../../../arm-none-eabi/lib/libsysbase.a(libsysbase_libsysbase_a-sbrk.o)
                0x02023f98                _sbrk_r
 .text._stat_r  0x02024014       0x74 /opt/devkitpro/devkitARM/bin/../lib/gcc/arm-none-eabi/13.2.0/../../../../arm-none-eabi/lib/libsysbase.a(libsysbase_libsysbase_a-stat.o)
                0x02024014                _stat_r
 .text.__libc_lock_acquire
                0x02024088       0x20 /opt/devkitpro/devkitARM/bin/../lib/gcc/arm-none-eabi/13.2.0/../../../../arm-none-eabi/lib/libsysbase.a(libsysbase_libsysbase_a-syscall_support.o)
                0x02024088                __libc_lock_acquire
 .text.__libc_lock_release
                0x020240a8       0x20 /opt/devkitpro/devkitARM/bin/../lib/gcc/arm-none-eabi/13.2.0/../../../../arm-none-eabi/lib/libsysbase.a(libsysbase_libsysbase_a-syscall_support.o)
                0x020240a8                __libc_lock_release
 .text.__libc_lock_acquire_recursive
                0x020240c8       0x20 /opt/devkitpro/devkitARM/bin/../lib/gcc/arm-none-eabi/13.2.0/../../../../arm-none-eabi/lib/libsysbase.a(libsysbase_libsysbase_a-syscall_support.o)
                0x020240c8                __libc_lock_acquire_recursive
 .text.__libc_lock_release_recursive
                0x020240e8       0x20 /opt/devkitpro/devkitARM/bin/../lib/gcc/arm-none-eabi/13.2.0/../../../../arm-none-eabi/lib/libsysbase.a(libsysbase_libsysbase_a-syscall_support.o)
                0x020240e8                __libc_lock_release_recursive
 .text._write_r
                0x02024108       0x84 /opt/devkitpro/devkitARM/bin/../lib/gcc/arm-none-eabi/13.2.0/../../../../arm-none-eabi/lib/libsysbase.a(libsysbase_libsysbase_a-write.o)
                0x02024108                _write_r
 *fill*         0x0202418c        0x4 ff
 .text._write_r.__stub
                0x02024190      0x368 linker stubs
 *(EXCLUDE_FILE(*.twl*) .gnu.warning)
 *(EXCLUDE_FILE(*.twl*) .gnu.linkonce.t*)
 *(.glue_7)
 .glue_7        0x02024570        0x0 linker stubs
 *(.glue_7t)
 .glue_7t       0x02024570        0x0 linker stubs
                0x02024570                        . = ALIGN (0x4)

.vfp11_veneer   0x02024570        0x0
 .vfp11_veneer  0x02024570        0x0 linker stubs

.v4_bx          0x02024570        0x0
 .v4_bx         0x02024570        0x0 linker stubs

.iplt           0x02024570        0x0
 .iplt          0x02024570        0x0 /opt/devkitpro/devkitARM/bin/../lib/gcc/arm-none-eabi/13.2.0/../../../../arm-none-eabi/lib/ds_arm9_crt0.o

.fini           0x02024570       0x18
 *(.fini)
 .fini          0x02024570        0xc /opt/devkitpro/devkitARM/bin/../lib/gcc/arm-none-eabi/13.2.0/crti.o
                0x02024570                _fini
 .fini          0x0202457c        0xc /opt/devkitpro/devkitARM/bin/../lib/gcc/arm-none-eabi/13.2.0/crtn.o
                0x02024588                        __text_end = .

.rodata         0x02024588     0x6ab8
 *(EXCLUDE_FILE(*.twl*) .rodata)
 .rodata        0x02024588       0x50 /opt/devkitpro/nflib/lib/libnflib.a(nf_basic.o)
 .rodata        0x020245d8       0x90 /opt/devkitpro/nflib/lib/libnflib.a(nf_sprite256.o)
 .rodata        0x02024668      0x170 /opt/devkitpro/nflib/lib/libnflib.a(nf_text.o)
 *all.rodata*(*)
 *(EXCLUDE_FILE(*.twl*) .roda)
 *(EXCLUDE_FILE(*.twl*) .rodata.*)
 .rodata.str1.4
                0x020247d8      0xa54 main.o
                                 0xb9 (size before relaxing)
 .rodata.str1.4
                0x0202522c       0x27 /opt/devkitpro/nflib/lib/libnflib.a(nf_2d.o)
 .rodata.str1.4
                0x0202522c      0x667 /opt/devkitpro/nflib/lib/libnflib.a(nf_basic.o)
 .rodata.str1.4
                0x0202522c       0x36 /opt/devkitpro/nflib/lib/libnflib.a(nf_collision.o)
 .rodata.str1.4
                0x0202522c       0x87 /opt/devkitpro/nflib/lib/libnflib.a(nf_sprite256.o)
 .rodata.str1.4
                0x0202522c       0x35 /opt/devkitpro/nflib/lib/libnflib.a(nf_text.o)
 .rodata.str1.4
                0x0202522c       0x70 /opt/devkitpro/nflib/lib/libnflib.a(nf_tiledbg.o)
 .rodata.nitroFSInit.str1.4
                0x0202522c        0x8 /opt/devkitpro/libnds/lib/libfilesystem.a(nitrofs.o)
 .rodata.str1.4
                0x0202522c        0xe /opt/devkitpro/libnds/lib/libfilesystem.a(nitrofs.o)
 .rodata.fatMount.part.0.str1.4
                0x0202522c        0x2 /opt/devkitpro/libnds/lib/libfat.a(libfat.o)
 .rodata.fatInit.str1.4
                0x0202522c        0x3 /opt/devkitpro/libnds/lib/libfat.a(libfat.o)
 .rodata.str1.4
                0x0202522c        0x4 /opt/devkitpro/libnds/lib/libfat.a(libfat.o)
 .rodata.dotab_fat
                0x0202522c       0x70 /opt/devkitpro/libnds/lib/libfat.a(libfat.o)
 .rodata.str1.4
                0x0202529c        0x8 /opt/devkitpro/libnds/lib/libfat.a(disc.o)
 .rodata._FAT_disc_interfaces
                0x0202529c       0x18 /opt/devkitpro/libnds/lib/libfat.a(disc.o)
                0x0202529c                _FAT_disc_interfaces
 .rodata._FAT_directory_entryFromPath.str1.4
                0x020252b4        0x7 /opt/devkitpro/libnds/lib/libfat.a(directory.o)
 .rodata.ILLEGAL_ALIAS_CHARACTERS
                0x020252b4       0x12 /opt/devkitpro/libnds/lib/libfat.a(directory.o)
 *fill*         0x020252c6        0x2 ff
 .rodata.ILLEGAL_LFN_CHARACTERS
                0x020252c8        0xa /opt/devkitpro/libnds/lib/libfat.a(directory.o)
 *fill*         0x020252d2        0x2 ff
 .rodata.LFN_offset_table
                0x020252d4       0x34 /opt/devkitpro/libnds/lib/libfat.a(directory.o)
 .rodata.FAT_SIG
                0x02025308        0x3 /opt/devkitpro/libnds/lib/libfat.a(partition.o)
 *fill*         0x0202530b        0x1 ff
 .rodata.FS_TWL_SIG
                0x0202530c        0x8 /opt/devkitpro/libnds/lib/libfat.a(partition.o)
 .rodata.con_write.str1.4
                0x02025314       0x30 /opt/devkitpro/libnds/lib/libnds9.a(console.o)
 .rodata.con_write
                0x02025314       0xd4 /opt/devkitpro/libnds/lib/libnds9.a(console.o)
 .rodata.str1.4
                0x020253e8       0x14 /opt/devkitpro/libnds/lib/libnds9.a(console.o)
 .rodata.dotab_stdout
                0x020253e8       0x70 /opt/devkitpro/libnds/lib/libnds9.a(console.o)
 .rodata.default_font_bin
                0x02025458     0x2000 /opt/devkitpro/libnds/lib/libnds9.a(default_font.bin.o)
                0x02025458                default_font_bin
                0x02027458                default_font_bin_end
 .rodata.SIN_LUT
                0x02027458      0x102 /opt/devkitpro/libnds/lib/libnds9.a(trig.o)
                0x02027458                SIN_LUT
 .rodata._mbrtowc_r.str1.4
                0x0202755a        0x1 /opt/devkitpro/devkitARM/bin/../lib/gcc/arm-none-eabi/13.2.0/../../../../arm-none-eabi/lib/libg.a(libc_a-mbrtowc.o)
 *fill*         0x0202755a        0x2 ff
 .rodata._ctype_
                0x0202755c      0x101 /opt/devkitpro/devkitARM/bin/../lib/gcc/arm-none-eabi/13.2.0/../../../../arm-none-eabi/lib/libg.a(libc_a-ctype_.o)
                0x0202755c                _ctype_
 .rodata._puts_r.str1.4
                0x0202765d        0x2 /opt/devkitpro/devkitARM/bin/../lib/gcc/arm-none-eabi/13.2.0/../../../../arm-none-eabi/lib/libg.a(libc_a-puts.o)
 *fill*         0x0202765d        0x3 ff
 .rodata.basefix.0
                0x02027660       0x22 /opt/devkitpro/devkitARM/bin/../lib/gcc/arm-none-eabi/13.2.0/../../../../arm-none-eabi/lib/libg.a(libc_a-svfiscanf.o)
 .rodata._svfprintf_r.str1.1
                0x02027682       0x3b /opt/devkitpro/devkitARM/bin/../lib/gcc/arm-none-eabi/13.2.0/../../../../arm-none-eabi/lib/libg.a(libc_a-svfprintf.o)
 *fill*         0x020276bd        0x3 ff
 .rodata.zeroes.0
                0x020276c0       0x10 /opt/devkitpro/devkitARM/bin/../lib/gcc/arm-none-eabi/13.2.0/../../../../arm-none-eabi/lib/libg.a(libc_a-svfprintf.o)
 .rodata.blanks.1
                0x020276d0       0x10 /opt/devkitpro/devkitARM/bin/../lib/gcc/arm-none-eabi/13.2.0/../../../../arm-none-eabi/lib/libg.a(libc_a-svfprintf.o)
 .rodata._DAYS_BEFORE_MONTH
                0x020276e0       0x30 /opt/devkitpro/devkitARM/bin/../lib/gcc/arm-none-eabi/13.2.0/../../../../arm-none-eabi/lib/libg.a(libc_a-mktime.o)
 .rodata.DAYS_IN_MONTH
                0x02027710       0x30 /opt/devkitpro/devkitARM/bin/../lib/gcc/arm-none-eabi/13.2.0/../../../../arm-none-eabi/lib/libg.a(libc_a-mktime.o)
 .rodata._tzset_unlocked_r.str1.4
                0x02027740       0x6b /opt/devkitpro/devkitARM/bin/../lib/gcc/arm-none-eabi/13.2.0/../../../../arm-none-eabi/lib/libg.a(libc_a-tzset_r.o)
 .rodata.__month_lengths
                0x02027740       0x60 /opt/devkitpro/devkitARM/bin/../lib/gcc/arm-none-eabi/13.2.0/../../../../arm-none-eabi/lib/libg.a(libc_a-month_lengths.o)
                0x02027740                __month_lengths
 .rodata.str1.4
                0x020277a0        0x4 /opt/devkitpro/devkitARM/bin/../lib/gcc/arm-none-eabi/13.2.0/../../../../arm-none-eabi/lib/libg.a(libc_a-tzvars.o)
 .rodata.str1.4
                0x020277a0       0x4c /opt/devkitpro/devkitARM/bin/../lib/gcc/arm-none-eabi/13.2.0/../../../../arm-none-eabi/lib/libg.a(libc_a-locale.o)
 .rodata.categories
                0x020277a0     0x3528 /opt/devkitpro/devkitARM/bin/../lib/gcc/arm-none-eabi/13.2.0/../../../../arm-none-eabi/lib/libg.a(libc_a-categories.o)
 .rodata._vfiprintf_r.str1.1
                0x0202acc8       0x29 /opt/devkitpro/devkitARM/bin/../lib/gcc/arm-none-eabi/13.2.0/../../../../arm-none-eabi/lib/libg.a(libc_a-vfiprintf.o)
 .rodata.zeroes.0
                0x0202acc8       0x10 /opt/devkitpro/devkitARM/bin/../lib/gcc/arm-none-eabi/13.2.0/../../../../arm-none-eabi/lib/libg.a(libc_a-vfiprintf.o)
 .rodata.blanks.1
                0x0202acd8       0x10 /opt/devkitpro/devkitARM/bin/../lib/gcc/arm-none-eabi/13.2.0/../../../../arm-none-eabi/lib/libg.a(libc_a-vfiprintf.o)
 .rodata.__action_table
                0x0202ace8       0x6c /opt/devkitpro/devkitARM/bin/../lib/gcc/arm-none-eabi/13.2.0/../../../../arm-none-eabi/lib/libg.a(libc_a-svfiprintf.o)
                0x0202ace8                __action_table
 .rodata.__state_table
                0x0202ad54       0x6c /opt/devkitpro/devkitARM/bin/../lib/gcc/arm-none-eabi/13.2.0/../../../../arm-none-eabi/lib/libg.a(libc_a-svfiprintf.o)
                0x0202ad54                __state_table
 .rodata.__chclass
                0x0202adc0      0x100 /opt/devkitpro/devkitARM/bin/../lib/gcc/arm-none-eabi/13.2.0/../../../../arm-none-eabi/lib/libg.a(libc_a-svfiprintf.o)
                0x0202adc0                __chclass
 .rodata._dtoa_r.str1.4
                0x0202aec0       0x64 /opt/devkitpro/devkitARM/bin/../lib/gcc/arm-none-eabi/13.2.0/../../../../arm-none-eabi/lib/libg.a(libc_a-dtoa.o)
 .rodata.__multadd.str1.4
                0x0202aec0       0x51 /opt/devkitpro/devkitARM/bin/../lib/gcc/arm-none-eabi/13.2.0/../../../../arm-none-eabi/lib/libg.a(libc_a-mprec.o)
 .rodata.p05.0  0x0202aec0        0xc /opt/devkitpro/devkitARM/bin/../lib/gcc/arm-none-eabi/13.2.0/../../../../arm-none-eabi/lib/libg.a(libc_a-mprec.o)
 *fill*         0x0202aecc        0x4 ff
 .rodata.__mprec_bigtens
                0x0202aed0       0x28 /opt/devkitpro/devkitARM/bin/../lib/gcc/arm-none-eabi/13.2.0/../../../../arm-none-eabi/lib/libg.a(libc_a-mprec.o)
                0x0202aed0                __mprec_bigtens
 .rodata.__mprec_tens
                0x0202aef8       0xc8 /opt/devkitpro/devkitARM/bin/../lib/gcc/arm-none-eabi/13.2.0/../../../../arm-none-eabi/lib/libg.a(libc_a-mprec.o)
                0x0202aef8                __mprec_tens
 .rodata.__assert_func.str1.4
                0x0202afc0       0x43 /opt/devkitpro/devkitARM/bin/../lib/gcc/arm-none-eabi/13.2.0/../../../../arm-none-eabi/lib/libg.a(libc_a-assert.o)
 .rodata.AddDevice.str1.4
                0x0202afc0        0x8 /opt/devkitpro/devkitARM/bin/../lib/gcc/arm-none-eabi/13.2.0/../../../../arm-none-eabi/lib/libsysbase.a(libsysbase_libsysbase_a-iosupport.o)
 .rodata.dotab_stdnull
                0x0202afc0       0x80 /opt/devkitpro/devkitARM/bin/../lib/gcc/arm-none-eabi/13.2.0/../../../../arm-none-eabi/lib/libsysbase.a(libsysbase_libsysbase_a-iosupport.o)
                0x0202afc0                dotab_stdnull
 *(EXCLUDE_FILE(*.twl*) .gnu.linkonce.r*)
                0x0202b040                        . = ALIGN (0x4)

.ARM.extab
 *(.ARM.extab* .gnu.linkonce.armextab.*)
                0x0202b040                        __exidx_start = .

ARM.exidx
 *(.ARM.exidx* .gnu.linkonce.armexidx.*)
                0x0202b040                        __exidx_end = .
                0x0202b040                        . = ALIGN (0x4)
                0x0202b040                        PROVIDE (__preinit_array_start = .)

.preinit_array
 *(.preinit_array)
                0x0202b040                        PROVIDE (__preinit_array_end = .)
                0x0202b040                        PROVIDE (__init_array_start = .)

.init_array     0x0202b040        0x4
 *(SORT_BY_NAME(.init_array.*))
 *(.init_array)
 .init_array    0x0202b040        0x4 /opt/devkitpro/devkitARM/bin/../lib/gcc/arm-none-eabi/13.2.0/crtbegin.o
                0x0202b044                        PROVIDE (__init_array_end = .)
                [!provide]                        PROVIDE (__fini_array_start = .)

.fini_array     0x0202b044        0x4
 *(.fini_array)
 .fini_array    0x0202b044        0x4 /opt/devkitpro/devkitARM/bin/../lib/gcc/arm-none-eabi/13.2.0/crtbegin.o
 *(SORT_BY_NAME(.fini_array.*))
                [!provide]                        PROVIDE (__fini_array_end = .)

.ctors          0x0202b048        0x0
 *crtbegin.o(.ctors)
 *(EXCLUDE_FILE(*crtend.o) .ctors)
 *(SORT_BY_NAME(.ctors.*))
 *(.ctors)
                0x0202b048                        . = ALIGN (0x4)

.dtors          0x0202b048        0x0
 *crtbegin.o(.dtors)
 *(EXCLUDE_FILE(*crtend.o) .dtors)
 *(SORT_BY_NAME(.dtors.*))
 *(.dtors)
                0x0202b048                        . = ALIGN (0x4)

.eh_frame       0x0202b048        0x4
 *(.eh_frame)
 .eh_frame      0x0202b048        0x0 /opt/devkitpro/devkitARM/bin/../lib/gcc/arm-none-eabi/13.2.0/crtbegin.o
 .eh_frame      0x0202b048        0x4 /opt/devkitpro/devkitARM/bin/../lib/gcc/arm-none-eabi/13.2.0/crtend.o
                0x0202b04c                        . = ALIGN (0x4)

.gcc_except_table
                0x0202b04c        0x0
 *(.gcc_except_table)
                0x0202b04c                        . = ALIGN (0x4)

.jcr
 *(.jcr)

.got
 *(.got.plt)
 *(.got)
 *(.rel.got)

.ewram          0x0202b04c        0x0
                0x0202b04c                        __ewram_start = ABSOLUTE (.)
 *(.ewram)
 *ewram.*(.text)
                0x0202b04c                        . = ALIGN (0x4)

.data           0x0202b04c     0x2524
                0x0202b04c                        __data_start = ABSOLUTE (.)
 *(EXCLUDE_FILE(*.twl*) .data)
 .data          0x0202b04c       0x28 /opt/devkitpro/libnds/lib/libnds9.a(mpu_setup.o)
 *(EXCLUDE_FILE(*.twl*) .data.*)
 .data.ndsFileFD
                0x0202b074        0x4 /opt/devkitpro/libnds/lib/libfilesystem.a(nitrofs.o)
 .data.nitroFSdevoptab
                0x0202b078       0x70 /opt/devkitpro/libnds/lib/libfilesystem.a(nitrofs.o)
                0x0202b078                nitroFSdevoptab
 .data.syspaths
                0x0202b0e8        0x8 /opt/devkitpro/libnds/lib/libfilesystem.a(nitrofs.o)
                0x0202b0e8                syspaths
 .data.currentConsole
                0x0202b0f0        0x4 /opt/devkitpro/libnds/lib/libnds9.a(console.o)
                0x0202b0f0                currentConsole
 .data.defaultConsole
                0x0202b0f4       0x5c /opt/devkitpro/libnds/lib/libnds9.a(console.o)
                0x0202b0f4                defaultConsole
 .data.firstConsoleInit.0
                0x0202b150        0x1 /opt/devkitpro/libnds/lib/libnds9.a(console.o)
 *fill*         0x0202b151        0x3 ff
 .data.oamMain  0x0202b154       0x18 /opt/devkitpro/libnds/lib/libnds9.a(sprite.o)
                0x0202b154                oamMain
 .data.oamSub   0x0202b16c       0x18 /opt/devkitpro/libnds/lib/libnds9.a(sprite.o)
                0x0202b16c                oamSub
 .data.count    0x0202b184        0x1 /opt/devkitpro/libnds/lib/libnds9.a(keys.o)
 .data.delay    0x0202b185        0x1 /opt/devkitpro/libnds/lib/libnds9.a(keys.o)
 .data.repeat   0x0202b186        0x1 /opt/devkitpro/libnds/lib/libnds9.a(keys.o)
 *fill*         0x0202b187        0x1 ff
 .data.fifo_buffer_free
                0x0202b188        0x4 /opt/devkitpro/libnds/lib/libnds9.a(fifosystem.o)
                0x0202b188                fifo_buffer_free
 .data.fifo_freewords
                0x0202b18c        0x4 /opt/devkitpro/libnds/lib/libnds9.a(fifosystem.o)
                0x0202b18c                fifo_freewords
 .data.fifo_receive_queue
                0x0202b190        0x4 /opt/devkitpro/libnds/lib/libnds9.a(fifosystem.o)
                0x0202b190                fifo_receive_queue
 .data.fifo_send_queue
                0x0202b194        0x4 /opt/devkitpro/libnds/lib/libnds9.a(fifosystem.o)
                0x0202b194                fifo_send_queue
 .data.bgControl
                0x0202b198       0x20 /opt/devkitpro/libnds/lib/libnds9.a(background.o)
                0x0202b198                bgControl
 .data.bgScrollTable
                0x0202b1b8       0x20 /opt/devkitpro/libnds/lib/libnds9.a(background.o)
                0x0202b1b8                bgScrollTable
 .data.bgTransform
                0x0202b1d8       0x20 /opt/devkitpro/libnds/lib/libnds9.a(background.o)
                0x0202b1d8                bgTransform
 .data.__malloc_sbrk_base
                0x0202b1f8        0x4 /opt/devkitpro/devkitARM/bin/../lib/gcc/arm-none-eabi/13.2.0/../../../../arm-none-eabi/lib/libg.a(libc_a-mallocr.o)
                0x0202b1f8                __malloc_sbrk_base
 .data.__malloc_trim_threshold
                0x0202b1fc        0x4 /opt/devkitpro/devkitARM/bin/../lib/gcc/arm-none-eabi/13.2.0/../../../../arm-none-eabi/lib/libg.a(libc_a-mallocr.o)
                0x0202b1fc                __malloc_trim_threshold
 .data.__malloc_av_
                0x0202b200      0x408 /opt/devkitpro/devkitARM/bin/../lib/gcc/arm-none-eabi/13.2.0/../../../../arm-none-eabi/lib/libg.a(libc_a-mallocr.o)
                0x0202b200                __malloc_av_
 .data.__sglue  0x0202b608        0xc /opt/devkitpro/devkitARM/bin/../lib/gcc/arm-none-eabi/13.2.0/../../../../arm-none-eabi/lib/libg.a(libc_a-findfp.o)
                0x0202b608                __sglue
 .data._tzname  0x0202b614        0x8 /opt/devkitpro/devkitARM/bin/../lib/gcc/arm-none-eabi/13.2.0/../../../../arm-none-eabi/lib/libg.a(libc_a-tzvars.o)
                0x0202b614                _tzname
 *fill*         0x0202b61c        0x4 ff
 .data.tzinfo   0x0202b620       0x58 /opt/devkitpro/devkitARM/bin/../lib/gcc/arm-none-eabi/13.2.0/../../../../arm-none-eabi/lib/libg.a(libc_a-gettzinfo.o)
 .data.__global_locale
                0x0202b678      0x16c /opt/devkitpro/devkitARM/bin/../lib/gcc/arm-none-eabi/13.2.0/../../../../arm-none-eabi/lib/libg.a(libc_a-locale.o)
                0x0202b678                __global_locale
 .data._impure_ptr
                0x0202b7e4        0x4 /opt/devkitpro/devkitARM/bin/../lib/gcc/arm-none-eabi/13.2.0/../../../../arm-none-eabi/lib/libg.a(libc_a-impure.o)
                0x0202b7e4                _impure_ptr
 .data._impure_data
                0x0202b7e8      0x120 /opt/devkitpro/devkitARM/bin/../lib/gcc/arm-none-eabi/13.2.0/../../../../arm-none-eabi/lib/libg.a(libc_a-impure.o)
                0x0202b7e8                _impure_data
 .data.caseconv_table
                0x0202b908      0x7b0 /opt/devkitpro/devkitARM/bin/../lib/gcc/arm-none-eabi/13.2.0/../../../../arm-none-eabi/lib/libg.a(libc_a-towctrans_l.o)
 .data.environ  0x0202c0b8        0x4 /opt/devkitpro/devkitARM/bin/../lib/gcc/arm-none-eabi/13.2.0/../../../../arm-none-eabi/lib/libg.a(libc_a-environ.o)
                0x0202c0b8                environ
 .data._current_working_directory
                0x0202c0bc      0x400 /opt/devkitpro/devkitARM/bin/../lib/gcc/arm-none-eabi/13.2.0/../../../../arm-none-eabi/lib/libsysbase.a(libsysbase_libsysbase_a-chdir.o)