Archive member included to satisfy reference by file (symbol)

/opt/devkitpro/nflib/lib/libnflib.a(nf_2d.o)
                              main.o (NF_Set2D)
/opt/devkitpro/nflib/lib/libnflib.a(nf_basic.o)
                              /opt/devkitpro/nflib/lib/libnflib.a(nf_2d.o) (NF_Error)
/opt/devkitpro/nflib/lib/libnflib.a(nf_collision.o)
                              main.o (NF_InitCmapBuffers)
/opt/devkitpro/nflib/lib/libnflib.a(nf_sprite256.o)
                              main.o (NF_InitSpriteBuffers)
/opt/devkitpro/nflib/lib/libnflib.a(nf_text.o)
                              main.o (NF_InitTextSys)
/opt/devkitpro/nflib/lib/libnflib.a(nf_tiledbg.o)
                              main.o (NF_InitTiledBgBuffers)
/opt/devkitpro/libnds/lib/libfilesystem.a(nitrofs.o)
                              main.o (nitroFSInit)
/opt/devkitpro/libnds/lib/libfat.a(libfat.o)
                              /opt/devkitpro/libnds/lib/libfilesystem.a(nitrofs.o) (fatInitDefault)
/opt/devkitpro/libnds/lib/libfat.a(disc.o)
                              /opt/devkitpro/libnds/lib/libfat.a(libfat.o) (_FAT_disc_interfaces)
/opt/devkitpro/libnds/lib/libfat.a(fatfile.o)
                              /opt/devkitpro/libnds/lib/libfat.a(libfat.o) (_FAT_open_r)
/opt/devkitpro/libnds/lib/libfat.a(cache.o)
                              /opt/devkitpro/libnds/lib/libfat.a(fatfile.o) (_FAT_cache_readSectors)
/opt/devkitpro/libnds/lib/libfat.a(fatdir.o)
                              /opt/devkitpro/libnds/lib/libfat.a(libfat.o) (_FAT_stat_r)
/opt/devkitpro/libnds/lib/libfat.a(directory.o)
                              /opt/devkitpro/libnds/lib/libfat.a(fatfile.o) (_FAT_directory_entryGetCluster)
/opt/devkitpro/libnds/lib/libfat.a(partition.o)
                              /opt/devkitpro/libnds/lib/libfat.a(libfat.o) (_FAT_partition_destructor)
/opt/devkitpro/libnds/lib/libfat.a(lock.o)
                              /opt/devkitpro/libnds/lib/libfat.a(partition.o) (_FAT_lock_init)
/opt/devkitpro/libnds/lib/libfat.a(filetime.o)
                              /opt/devkitpro/libnds/lib/libfat.a(fatfile.o) (_FAT_filetime_getTimeFromRTC)
/opt/devkitpro/libnds/lib/libfat.a(file_allocation_table.o)
                              /opt/devkitpro/libnds/lib/libfat.a(fatfile.o) (_FAT_fat_nextCluster)
/opt/devkitpro/libnds/lib/libnds9.a(video.o)
                              /opt/devkitpro/nflib/lib/libnflib.a(nf_basic.o) (setBrightness)
/opt/devkitpro/libnds/lib/libnds9.a(console.o)
                              main.o (consoleDemoInit)
/opt/devkitpro/libnds/lib/libnds9.a(sprite.o)
                              /opt/devkitpro/nflib/lib/libnflib.a(nf_sprite256.o) (oamInit)
/opt/devkitpro/libnds/lib/libnds9.a(keys.o)
                              main.o (scanKeys)
/opt/devkitpro/libnds/lib/libnds9.a(dldi.o)
                              /opt/devkitpro/libnds/lib/libfat.a(disc.o) (dldiGetInternal)
/opt/devkitpro/libnds/lib/libnds9.a(initSystem.o)
                              /opt/devkitpro/devkitARM/bin/../lib/gcc/arm-none-eabi/13.2.0/../../../../arm-none-eabi/lib/ds_arm9_crt0.o (initSystem)
/opt/devkitpro/libnds/lib/libnds9.a(securearea.o)
                              /opt/devkitpro/devkitARM/bin/../lib/gcc/arm-none-eabi/13.2.0/../../../../arm-none-eabi/lib/ds_arm9_crt0.o (__secure_area__)
/opt/devkitpro/libnds/lib/libnds9.a(interrupts.o)
                              /opt/devkitpro/libnds/lib/libnds9.a(initSystem.o) (irqInit)
/opt/devkitpro/libnds/lib/libnds9.a(libnds_exit.arm.o)
                              /opt/devkitpro/devkitARM/bin/../lib/gcc/arm-none-eabi/13.2.0/../../../../arm-none-eabi/lib/ds_arm9_crt0.o (__libnds_exit)
/opt/devkitpro/libnds/lib/libnds9.a(card.o)
                              /opt/devkitpro/libnds/lib/libfilesystem.a(nitrofs.o) (cardParamCommand)
/opt/devkitpro/libnds/lib/libnds9.a(fifosystem.o)
                              /opt/devkitpro/libnds/lib/libnds9.a(initSystem.o) (fifoSetValue32Handler)
/opt/devkitpro/libnds/lib/libnds9.a(dcache.o)
                              /opt/devkitpro/nflib/lib/libnflib.a(nf_basic.o) (DC_FlushRange)
/opt/devkitpro/libnds/lib/libnds9.a(dldi_stub.o)
                              /opt/devkitpro/libnds/lib/libnds9.a(dldi.o) (_io_dldi_stub)
/opt/devkitpro/libnds/lib/libnds9.a(mpu_setup.o)
                              /opt/devkitpro/devkitARM/bin/../lib/gcc/arm-none-eabi/13.2.0/../../../../arm-none-eabi/lib/ds_arm9_crt0.o (__libnds_mpu_setup)
/opt/devkitpro/libnds/lib/libnds9.a(IntrWait.o)
                              main.o (swiWaitForVBlank)
/opt/devkitpro/libnds/lib/libnds9.a(cpu_clock.o)
                              /opt/devkitpro/libnds/lib/libnds9.a(initSystem.o) (setCpuClock)
/opt/devkitpro/libnds/lib/libnds9.a(interruptDispatcher.o)
                              /opt/devkitpro/libnds/lib/libnds9.a(interrupts.o) (IntrMain)
/opt/devkitpro/libnds/lib/libnds9.a(biosCalls.o)
                              /opt/devkitpro/libnds/lib/libnds9.a(card.o) (swiDelay)
[...]
Memory Configuration

Name             Origin             Length             Attributes
ewram            0x02000000         0x00380000
dtcm             0x02ff0000         0x00004000
vectors          0x01000000         0x00000100
itcm             0x01000100         0x00007f00
*default*        0x00000000         0xffffffff

Linker script and memory map

                0x02380000                        __ewram_end = (ORIGIN (ewram) + LENGTH (ewram))
                0x02380000                        __eheap_end = (ORIGIN (ewram) + LENGTH (ewram))
                0x02ff4000                        __dtcm_top = (ORIGIN (dtcm) + LENGTH (dtcm))
                0x02ff3ff8                        __irq_flags = (__dtcm_top - 0x8)
                0x02ff3ffc                        __irq_vector = (__dtcm_top - 0x4)
                0x02ff3f00                        __sp_svc = (__dtcm_top - 0x100)
                0x02ff3e00                        __sp_irq = (__sp_svc - 0x100)
                0x02ff3d00                        __sp_usr = (__sp_irq - 0x100)

.secure         0x02000000      0x800
 *(.secure)
 .secure        0x02000000      0x800 /opt/devkitpro/libnds/lib/libnds9.a(securearea.o)
                0x02000000                __secure_area__

.crt0           0x02000800      0x300
                0x02000800                        __text_start = .
 *(.crt0)
 .crt0          0x02000800      0x300 /opt/devkitpro/devkitARM/bin/../lib/gcc/arm-none-eabi/13.2.0/../../../../arm-none-eabi/lib/ds_arm9_crt0.o
                0x02000800                _start
                0x02000b00                        . = ALIGN (0x4)

.plt
 *(.plt)

.init           0x02000b00       0x18
 *(SORT_NONE(.init))
 .init          0x02000b00        0xc /opt/devkitpro/devkitARM/bin/../lib/gcc/arm-none-eabi/13.2.0/crti.o
                0x02000b00                _init
 .init          0x02000b0c        0xc /opt/devkitpro/devkitARM/bin/../lib/gcc/arm-none-eabi/13.2.0/crtn.o

.text           0x02000b40    0x23a18
 *(EXCLUDE_FILE(*.twl* *.vectors* *.itcm*) .text)
 .text          0x02000b40       0x50 player.o
                0x02000b40                create_player
                0x02000b74                move_player
 .text          0x02000b90      0x65c /opt/devkitpro/nflib/lib/libnflib.a(nf_2d.o)
                0x02000b90                NF_Set2D
                0x02000bf4                NF_ShowBg
                0x02000c68                NF_HideBg
                0x02000d04                NF_ScrollBg
                0x02001000                NF_SpriteFrame
                0x020010b8                NF_EnableSpriteRotScale
                0x02001124                NF_DisableSpriteRotScale
                0x02001180                NF_SpriteRotScale
 .text          0x020011ec      0x588 /opt/devkitpro/nflib/lib/libnflib.a(nf_basic.o)
                0x020011ec                NF_Error
                0x02001498                NF_SetRootFolder
                0x02001674                NF_DmaMemCopy
                0x020016f8                NF_FileLoad
 .text          0x02001774      0x304 /opt/devkitpro/nflib/lib/libnflib.a(nf_collision.o)
                0x02001774                NF_InitCmapBuffers
                0x02001798                NF_ResetCmapBuffers
                0x020017c0                NF_LoadCollisionMap
                0x02001854                NF_UnloadCollisionMap
                0x02001894                NF_GetTile
                0x020018d8                NF_SetTile
                0x02001918                NF_LoadCollisionBg
                0x020019dc                NF_UnloadCollisionBg
                0x02001a24                NF_GetPoint
 .text          0x02001a78      0xf88 /opt/devkitpro/nflib/lib/libnflib.a(nf_sprite256.o)
                0x02001a78                NF_InitSpriteBuffers
                0x02001ad4                NF_ResetSpriteBuffers
                0x02001b08                NF_InitSpriteSys
                0x02001d18                NF_LoadSpriteGfx
                0x02001db0                NF_UnloadSpriteGfx
                0x02001e14                NF_LoadSpritePal
                0x02001e94                NF_UnloadSpritePal
                0x02001ef0                NF_VramSpriteGfx
                0x02002194                NF_VramSpriteGfxDefrag
                0x020023b0                NF_FreeSpriteGfx
                0x0200248c                NF_VramSpritePal
                0x0200253c                NF_CreateSprite
                0x02002708                NF_DeleteSprite
                0x02002788                NF_SpriteOamSet
                0x0200284c                NF_SpriteSetPalColor
                0x020028cc                NF_SpriteEditPalColor
                0x02002920                NF_SpriteUpdatePalette
                0x020029a8                NF_SpriteGetPalColor
 .text          0x02002a00      0x6a0 /opt/devkitpro/nflib/lib/libnflib.a(nf_text.o)
                0x02002a00                NF_InitTextSys
                0x02002a34                NF_LoadTextFont
                0x02002be4                NF_UnloadTextFont
                0x02002bec                NF_CreateTextLayer
                0x02002c78                NF_DeleteTextLayer
                0x02002cb0                NF_WriteText
                0x02002f80                NF_UpdateTextLayers
                0x02002fcc                NF_ClearTextLayer
                0x02003018                NF_DefineTextColor
 .text          0x020030a0     0x1510 /opt/devkitpro/nflib/lib/libnflib.a(nf_tiledbg.o)
                0x020030a0                NF_InitTiledBgBuffers
                0x02003134                NF_ResetTiledBgBuffers
                0x02003190                NF_InitTiledBgSys
                0x020032a8                NF_LoadTiledBg
                0x02003454                NF_LoadTilesForBg
                0x02003628                NF_UnloadTiledBg
                0x020036c4                NF_DeleteTiledBg
                0x0200385c                NF_CreateTiledBg
                0x02003dc8                NF_GetTileMapAddress
                0x02003e50                NF_GetTileOfMap
                0x02003e8c                NF_SetTileOfMap
                0x02003ecc                NF_UpdateVramMap
                0x02003fc4                NF_BgSetPalColor
                0x02004058                NF_BgEditPalColor
                0x020040c4                NF_BgUpdatePalette
                0x02004168                NF_BgGetPalColor
                0x020041d8                NF_GetTilePal
                0x0200420c                NF_SetTilePal
                0x0200424c                NF_LoadExBgPal
                0x020042ac                NF_UnloadExBgPal
                0x020042f0                NF_VramExBgPal
                0x0200437c                NF_SetExBgPal
                0x0200443c                NF_SetTileHflip
                0x02004474                NF_SetTileVflip
                0x020044ac                NF_RotateTileGfx
 *fill*         0x020045b0       0x10 ff
 .text          0x020045c0     0x4000 /opt/devkitpro/libnds/lib/libnds9.a(dldi_stub.o)
                0x020045c0                _io_dldi_stub
 .text          0x020085c0      0x114 /opt/devkitpro/devkitARM/bin/../lib/gcc/arm-none-eabi/13.2.0/libgcc.a(_udivsi3.o)
                0x020085c0                __udivsi3
                0x020085c0                __aeabi_uidiv
                0x020086b4                __aeabi_uidivmod
 .text          0x020086d4      0x148 /opt/devkitpro/devkitARM/bin/../lib/gcc/arm-none-eabi/13.2.0/libgcc.a(_divsi3.o)
                0x020086d4                __aeabi_idiv
                0x020086d4                __divsi3
                0x020087fc                __aeabi_idivmod
 .text          0x0200881c        0x4 /opt/devkitpro/devkitARM/bin/../lib/gcc/arm-none-eabi/13.2.0/libgcc.a(_dvmd_tls.o)
                0x0200881c                __aeabi_ldiv0
                0x0200881c                __aeabi_idiv0
 .text          0x02008820       0xd4 /opt/devkitpro/devkitARM/bin/../lib/gcc/arm-none-eabi/13.2.0/libgcc.a(_aeabi_ldivmod.o)
                0x02008820                __aeabi_ldivmod
 .text          0x020088f4       0x28 /opt/devkitpro/devkitARM/bin/../lib/gcc/arm-none-eabi/13.2.0/libgcc.a(_clzdi2.o)
                0x020088f4                __clzdi2
 .text          0x0200891c       0x48 /opt/devkitpro/devkitARM/bin/../lib/gcc/arm-none-eabi/13.2.0/libgcc.a(_clzsi2.o)
                0x0200891c                __clzsi2
 .text          0x02008964      0x224 /opt/devkitpro/devkitARM/bin/../lib/gcc/arm-none-eabi/13.2.0/../../../../arm-none-eabi/lib/libg.a(libc_a-strcmp.o)
                0x02008964                strcmp
 .text          0x02008b88      0x424 /opt/devkitpro/devkitARM/bin/../lib/gcc/arm-none-eabi/13.2.0/libgcc.a(_arm_addsubdf3.o)
                0x02008b88                __aeabi_drsub
                0x02008b90                __aeabi_dsub
                0x02008b90                __subdf3
                0x02008b94                __adddf3
                0x02008b94                __aeabi_dadd
                0x02008ea4                __aeabi_ui2d
                0x02008ea4                __floatunsidf
                0x02008ec8                __floatsidf
                0x02008ec8                __aeabi_i2d
                0x02008ef0                __extendsfdf2
                0x02008ef0                __aeabi_f2d
                0x02008f38                __aeabi_ul2d
                0x02008f38                __floatundidf
                0x02008f4c                __floatdidf
                0x02008f4c                __aeabi_l2d
 .text          0x02008fac      0x49c /opt/devkitpro/devkitARM/bin/../lib/gcc/arm-none-eabi/13.2.0/libgcc.a(_arm_muldivdf3.o)
                0x02008fac                __aeabi_dmul
                0x02008fac                __muldf3
                0x0200923c                __aeabi_ddiv
                0x0200923c                __divdf3
 .text          0x02009448      0x144 /opt/devkitpro/devkitARM/bin/../lib/gcc/arm-none-eabi/13.2.0/libgcc.a(_arm_cmpdf2.o)
                0x02009448                __gtdf2
                0x02009448                __gedf2
                0x02009450                __ltdf2
                0x02009450                __ledf2
                0x02009458                __cmpdf2
                0x02009458                __eqdf2
                0x02009458                __nedf2
                0x020094e0                __aeabi_cdrcmple
                0x020094fc                __aeabi_cdcmple
                0x020094fc                __aeabi_cdcmpeq
                0x02009514                __aeabi_dcmpeq
                0x0200952c                __aeabi_dcmplt
                0x02009544                __aeabi_dcmple
                0x0200955c                __aeabi_dcmpge
                0x02009574                __aeabi_dcmpgt
 .text          0x0200958c       0x38 /opt/devkitpro/devkitARM/bin/../lib/gcc/arm-none-eabi/13.2.0/libgcc.a(_arm_unorddf2.o)
                0x0200958c                __aeabi_dcmpun
                0x0200958c                __unorddf2
 .text          0x020095c4       0x5c /opt/devkitpro/devkitARM/bin/../lib/gcc/arm-none-eabi/13.2.0/libgcc.a(_arm_fixdfsi.o)
                0x020095c4                __fixdfsi
                0x020095c4                __aeabi_d2iz
 .text          0x02009620       0x3c /opt/devkitpro/devkitARM/bin/../lib/gcc/arm-none-eabi/13.2.0/libgcc.a(_aeabi_uldivmod.o)
                0x02009620                __aeabi_uldivmod
 *(EXCLUDE_FILE(*.twl* *.vectors* *.itcm*) .stub)
 *(EXCLUDE_FILE(*.twl* *.vectors* *.itcm*) .text.*)
 .text.__do_global_dtors_aux
                0x0200965c       0x40 /opt/devkitpro/devkitARM/bin/../lib/gcc/arm-none-eabi/13.2.0/crtbegin.o
 .text.frame_dummy
                0x0200969c       0x30 /opt/devkitpro/devkitARM/bin/../lib/gcc/arm-none-eabi/13.2.0/crtbegin.o
 .text.startup  0x020096cc      0x2d4 main.o
                0x020096cc                main
 .text.nitroFSDirClose
                0x020099a0        0x4 /opt/devkitpro/libnds/lib/libfilesystem.a(nitrofs.o)
 .text.nitroFSSeek
                0x020099a4       0x78 /opt/devkitpro/libnds/lib/libfilesystem.a(nitrofs.o)
 .text.nitroFSFstat
                0x02009a1c       0x10 /opt/devkitpro/libnds/lib/libfilesystem.a(nitrofs.o)
 .text.nitroSubReadBlock
                0x02009a2c       0x54 /opt/devkitpro/libnds/lib/libfilesystem.a(nitrofs.o)
 .text.nitroSubReadCard
                0x02009a80       0xb0 /opt/devkitpro/libnds/lib/libfilesystem.a(nitrofs.o)
 .text.nitroFSClose
                0x02009b30        0x4 /opt/devkitpro/libnds/lib/libfilesystem.a(nitrofs.o)
 .text.nitroDirReset
                0x02009b34       0x9c /opt/devkitpro/libnds/lib/libfilesystem.a(nitrofs.o)
 .text.nitroFSRead
                0x02009bd0       0xbc /opt/devkitpro/libnds/lib/libfilesystem.a(nitrofs.o)
 .text.nitroFSDirNext
                0x02009c8c      0x30c /opt/devkitpro/libnds/lib/libfilesystem.a(nitrofs.o)
 .text.nitroFSDirOpen
                0x02009f98       0xe0 /opt/devkitpro/libnds/lib/libfilesystem.a(nitrofs.o)
 .text.nitroFSChdir
                0x0200a078       0x30 /opt/devkitpro/libnds/lib/libfilesystem.a(nitrofs.o)
 .text.nitroFSOpen
                0x0200a0a8       0xc4 /opt/devkitpro/libnds/lib/libfilesystem.a(nitrofs.o)
 .text.nitroFSstat
                0x0200a16c       0x68 /opt/devkitpro/libnds/lib/libfilesystem.a(nitrofs.o)
 .text.nitroFSInit
                0x0200a1d4      0x12c /opt/devkitpro/libnds/lib/libfilesystem.a(nitrofs.o)
                0x0200a1d4                nitroFSInit
 .text.fatMount.part.0
                0x0200a300       0xa0 /opt/devkitpro/libnds/lib/libfat.a(libfat.o)
 .text.fatMount
                0x0200a3a0       0x3c /opt/devkitpro/libnds/lib/libfat.a(libfat.o)
                0x0200a3a0                fatMount
 .text.fatInit  0x0200a3dc      0x130 /opt/devkitpro/libnds/lib/libfat.a(libfat.o)
                0x0200a3dc                fatInit
 .text.fatInitDefault
                0x0200a50c        0xc /opt/devkitpro/libnds/lib/libfat.a(libfat.o)
                0x0200a50c                fatInitDefault
 .text._FAT_check_position_for_next_cluster.part.0
                0x0200a518       0x68 /opt/devkitpro/libnds/lib/libfat.a(fatfile.o)
 .text._FAT_syncToDisc.part.0
                0x0200a580       0xd4 /opt/devkitpro/libnds/lib/libfat.a(fatfile.o)
 .text._FAT_file_extend_r
                0x0200a654      0x208 /opt/devkitpro/libnds/lib/libfat.a(fatfile.o)
 .text._FAT_open_r
                0x0200a85c      0x2d4 /opt/devkitpro/libnds/lib/libfat.a(fatfile.o)
                0x0200a85c                _FAT_open_r
 .text._FAT_close_r
                0x0200ab30       0x74 /opt/devkitpro/libnds/lib/libfat.a(fatfile.o)
                0x0200ab30                _FAT_close_r
 .text._FAT_read_r
                0x0200aba4      0x398 /opt/devkitpro/libnds/lib/libfat.a(fatfile.o)
                0x0200aba4                _FAT_read_r
 .text._FAT_write_r
                0x0200af3c      0x53c /opt/devkitpro/libnds/lib/libfat.a(fatfile.o)
                0x0200af3c                _FAT_write_r
 .text._FAT_seek_r
                0x0200b478      0x194 /opt/devkitpro/libnds/lib/libfat.a(fatfile.o)
                0x0200b478                _FAT_seek_r
 .text._FAT_fstat_r
                0x0200b60c       0x8c /opt/devkitpro/libnds/lib/libfat.a(fatfile.o)
                0x0200b60c                _FAT_fstat_r
 .text._FAT_ftruncate_r
                0x0200b698      0x16c /opt/devkitpro/libnds/lib/libfat.a(fatfile.o)
                0x0200b698                _FAT_ftruncate_r
 .text._FAT_fsync_r
                0x0200b804       0x44 /opt/devkitpro/libnds/lib/libfat.a(fatfile.o)
                0x0200b804                _FAT_fsync_r
 .text._FAT_cache_getPage
                0x0200b848       0xf0 /opt/devkitpro/libnds/lib/libfat.a(cache.o)
 .text._FAT_cache_constructor
                0x0200b938       0x90 /opt/devkitpro/libnds/lib/libfat.a(cache.o)
                0x0200b938                _FAT_cache_constructor
 .text._FAT_cache_readSectors
                0x0200b9c8       0x60 /opt/devkitpro/libnds/lib/libfat.a(cache.o)
                0x0200b9c8                _FAT_cache_readSectors
 .text._FAT_cache_readPartialSector
                0x0200ba28       0x3c /opt/devkitpro/libnds/lib/libfat.a(cache.o)
                0x0200ba28                _FAT_cache_readPartialSector
 .text._FAT_cache_readLittleEndianValue
                0x0200ba64       0x70 /opt/devkitpro/libnds/lib/libfat.a(cache.o)
                0x0200ba64                _FAT_cache_readLittleEndianValue
 .text._FAT_cache_writePartialSector
                0x0200bad4       0x4c /opt/devkitpro/libnds/lib/libfat.a(cache.o)
                0x0200bad4                _FAT_cache_writePartialSector
 .text._FAT_cache_writeLittleEndianValue
                0x0200bb20       0x8c /opt/devkitpro/libnds/lib/libfat.a(cache.o)
                0x0200bb20                _FAT_cache_writeLittleEndianValue
 .text._FAT_cache_eraseWritePartialSector
                0x0200bbac       0x60 /opt/devkitpro/libnds/lib/libfat.a(cache.o)
                0x0200bbac                _FAT_cache_eraseWritePartialSector
 .text._FAT_cache_writeSectors
                0x0200bc0c       0x80 /opt/devkitpro/libnds/lib/libfat.a(cache.o)
                0x0200bc0c                _FAT_cache_writeSectors
 .text._FAT_cache_flush
                0x0200bc8c       0x40 /opt/devkitpro/libnds/lib/libfat.a(cache.o)
                0x0200bc8c                _FAT_cache_flush
 .text._FAT_stat_r
                0x0200bccc       0x90 /opt/devkitpro/libnds/lib/libfat.a(fatdir.o)
                0x0200bccc                _FAT_stat_r
 .text._FAT_link_r
                0x0200bd5c        0xc /opt/devkitpro/libnds/lib/libfat.a(fatdir.o)
                0x0200bd5c                _FAT_link_r
 .text._FAT_unlink_r
                0x0200bd68      0x184 /opt/devkitpro/libnds/lib/libfat.a(fatdir.o)
                0x0200bd68                _FAT_unlink_r
 .text._FAT_chdir_r
                0x0200beec       0x70 /opt/devkitpro/libnds/lib/libfat.a(fatdir.o)
                0x0200beec                _FAT_chdir_r
 .text._FAT_rename_r
                0x0200bf5c      0x1c4 /opt/devkitpro/libnds/lib/libfat.a(fatdir.o)
                0x0200bf5c                _FAT_rename_r
 .text._FAT_mkdir_r
                0x0200c120      0x244 /opt/devkitpro/libnds/lib/libfat.a(fatdir.o)
                0x0200c120                _FAT_mkdir_r
 .text._FAT_statvfs_r
                0x0200c364       0x78 /opt/devkitpro/libnds/lib/libfat.a(fatdir.o)
                0x0200c364                _FAT_statvfs_r
 .text._FAT_diropen_r
                0x0200c3dc       0xb0 /opt/devkitpro/libnds/lib/libfat.a(fatdir.o)
                0x0200c3dc                _FAT_diropen_r
 .text._FAT_dirreset_r
                0x0200c48c       0x4c /opt/devkitpro/libnds/lib/libfat.a(fatdir.o)
                0x0200c48c                _FAT_dirreset_r
 .text._FAT_dirnext_r
                0x0200c4d8       0x7c /opt/devkitpro/libnds/lib/libfat.a(fatdir.o)
                0x0200c4d8                _FAT_dirnext_r
 .text._FAT_dirclose_r
                0x0200c554       0x20 /opt/devkitpro/libnds/lib/libfat.a(fatdir.o)
                0x0200c554                _FAT_dirclose_r
 .text._FAT_directory_entryGetAlias
                0x0200c574       0xc8 /opt/devkitpro/libnds/lib/libfat.a(directory.o)
 .text._FAT_directory_incrementDirEntryPosition
                0x0200c63c       0x80 /opt/devkitpro/libnds/lib/libfat.a(directory.o)
 .text._FAT_directory_mbsncasecmp
                0x0200c6bc       0xa8 /opt/devkitpro/libnds/lib/libfat.a(directory.o)
 .text._FAT_directory_ucs2tombs.constprop.0
                0x0200c764       0x90 /opt/devkitpro/libnds/lib/libfat.a(directory.o)
 .text._FAT_directory_entryGetCluster
                0x0200c7f4       0x20 /opt/devkitpro/libnds/lib/libfat.a(directory.o)
                0x0200c7f4                _FAT_directory_entryGetCluster
 .text._FAT_directory_getNextEntry
                0x0200c814      0x23c /opt/devkitpro/libnds/lib/libfat.a(directory.o)
                0x0200c814                _FAT_directory_getNextEntry
 .text._FAT_directory_entryExists
                0x0200ca50       0x80 /opt/devkitpro/libnds/lib/libfat.a(directory.o)
 .text._FAT_directory_getFirstEntry
                0x0200cad0       0x20 /opt/devkitpro/libnds/lib/libfat.a(directory.o)
                0x0200cad0                _FAT_directory_getFirstEntry
 .text._FAT_directory_getRootEntry
                0x0200caf0       0x60 /opt/devkitpro/libnds/lib/libfat.a(directory.o)
                0x0200caf0                _FAT_directory_getRootEntry
 .text._FAT_directory_entryFromPosition
                0x0200cb50      0x150 /opt/devkitpro/libnds/lib/libfat.a(directory.o)
                0x0200cb50                _FAT_directory_entryFromPosition
 .text._FAT_directory_entryFromPath
                0x0200cca0      0x248 /opt/devkitpro/libnds/lib/libfat.a(directory.o)
                0x0200cca0                _FAT_directory_entryFromPath
 .text._FAT_directory_removeEntry
                0x0200cee8       0xd8 /opt/devkitpro/libnds/lib/libfat.a(directory.o)
                0x0200cee8                _FAT_directory_removeEntry
 .text._FAT_directory_addEntry
                0x0200cfc0      0x808 /opt/devkitpro/libnds/lib/libfat.a(directory.o)
                0x0200cfc0                _FAT_directory_addEntry
 .text._FAT_directory_chdir
                0x0200d7c8       0x3c /opt/devkitpro/libnds/lib/libfat.a(directory.o)
                0x0200d7c8                _FAT_directory_chdir
 .text._FAT_directory_entryStat
                0x0200d804       0xe4 /opt/devkitpro/libnds/lib/libfat.a(directory.o)
                0x0200d804                _FAT_directory_entryStat
 .text.isValidMBR
                0x0200d8e8       0x5c /opt/devkitpro/libnds/lib/libfat.a(partition.o)
 .text._FAT_updateFS_INFO
                0x0200d944       0x54 /opt/devkitpro/libnds/lib/libfat.a(partition.o)
 .text.FindFirstValidPartition_buf.part.0
                0x0200d998      0x11c /opt/devkitpro/libnds/lib/libfat.a(partition.o)
 .text._FAT_partition_getPartitionFromPath
                0x0200dab4       0x10 /opt/devkitpro/libnds/lib/libfat.a(partition.o)
                0x0200dab4                _FAT_partition_getPartitionFromPath
 .text._FAT_partition_createFSinfo
                0x0200dac4       0x50 /opt/devkitpro/libnds/lib/libfat.a(partition.o)
                0x0200dac4                _FAT_partition_createFSinfo
 .text._FAT_partition_readFSinfo.part.0
                0x0200db14       0x74 /opt/devkitpro/libnds/lib/libfat.a(partition.o)
 .text._FAT_partition_constructor_buf
                0x0200db88      0x2e8 /opt/devkitpro/libnds/lib/libfat.a(partition.o)
                0x0200db88                _FAT_partition_constructor_buf
 .text._FAT_partition_constructor
                0x0200de70       0x40 /opt/devkitpro/libnds/lib/libfat.a(partition.o)
                0x0200de70                _FAT_partition_constructor
 .text._FAT_partition_readFSinfo
                0x0200deb0       0x10 /opt/devkitpro/libnds/lib/libfat.a(partition.o)
                0x0200deb0                _FAT_partition_readFSinfo
 .text._FAT_lock_init
                0x0200dec0        0x4 /opt/devkitpro/libnds/lib/libfat.a(lock.o)
                0x0200dec0                _FAT_lock_init
 .text._FAT_lock
                0x0200dec4        0x4 /opt/devkitpro/libnds/lib/libfat.a(lock.o)
                0x0200dec4                _FAT_lock
 .text._FAT_unlock
                0x0200dec8        0x4 /opt/devkitpro/libnds/lib/libfat.a(lock.o)
                0x0200dec8                _FAT_unlock
 .text._FAT_filetime_getTimeFromRTC
                0x0200decc       0x44 /opt/devkitpro/libnds/lib/libfat.a(filetime.o)
                0x0200decc                _FAT_filetime_getTimeFromRTC
 .text._FAT_filetime_getDateFromRTC
                0x0200df10       0x44 /opt/devkitpro/libnds/lib/libfat.a(filetime.o)
                0x0200df10                _FAT_filetime_getDateFromRTC
 .text._FAT_filetime_to_time_t
                0x0200df54       0x38 /opt/devkitpro/libnds/lib/libfat.a(filetime.o)
                0x0200df54                _FAT_filetime_to_time_t
 .text._FAT_fat_writeFatEntry.part.0.isra.0
                0x0200df8c      0x12c /opt/devkitpro/libnds/lib/libfat.a(file_allocation_table.o)
 .text._FAT_fat_nextCluster
                0x0200e0b8      0x108 /opt/devkitpro/libnds/lib/libfat.a(file_allocation_table.o)
                0x0200e0b8                _FAT_fat_nextCluster
 .text._FAT_fat_linkFreeCluster
                0x0200e1c0       0xac /opt/devkitpro/libnds/lib/libfat.a(file_allocation_table.o)
                0x0200e1c0                _FAT_fat_linkFreeCluster
 .text._FAT_fat_linkFreeClusterCleared
                0x0200e26c       0x68 /opt/devkitpro/libnds/lib/libfat.a(file_allocation_table.o)
                0x0200e26c                _FAT_fat_linkFreeClusterCleared
 .text._FAT_fat_clearLinks
                0x0200e2d4       0x7c /opt/devkitpro/libnds/lib/libfat.a(file_allocation_table.o)
                0x0200e2d4                _FAT_fat_clearLinks
 .text._FAT_fat_trimChain
                0x0200e350       0x80 /opt/devkitpro/libnds/lib/libfat.a(file_allocation_table.o)
                0x0200e350                _FAT_fat_trimChain
 .text._FAT_fat_lastCluster
                0x0200e3d0       0x34 /opt/devkitpro/libnds/lib/libfat.a(file_allocation_table.o)
                0x0200e3d0                _FAT_fat_lastCluster
 .text._FAT_fat_freeClusterCount
                0x0200e404       0x2c /opt/devkitpro/libnds/lib/libfat.a(file_allocation_table.o)
                0x0200e404                _FAT_fat_freeClusterCount
 .text.setBrightness
                0x0200e430       0x40 /opt/devkitpro/libnds/lib/libnds9.a(video.o)
                0x0200e430                setBrightness
 .text.vramDefault
                0x0200e470       0xd0 /opt/devkitpro/libnds/lib/libnds9.a(video.o)
                0x0200e470                vramDefault
 .text.newRow   0x0200e540       0xa8 /opt/devkitpro/libnds/lib/libnds9.a(console.o)
 .text.consolePrintChar
                0x0200e5e8       0xe0 /opt/devkitpro/libnds/lib/libnds9.a(console.o)
                0x0200e5e8                consolePrintChar
 .text.con_write
                0x0200e6c8      0x36c /opt/devkitpro/libnds/lib/libnds9.a(console.o)
                0x0200e6c8                con_write
 .text.consoleLoadFont
                0x0200ea34      0x2a0 /opt/devkitpro/libnds/lib/libnds9.a(console.o)
                0x0200ea34                consoleLoadFont
 .text.consoleInit
                0x0200ecd4      0x18c /opt/devkitpro/libnds/lib/libnds9.a(console.o)
                0x0200ecd4                consoleInit
 .text.consoleDemoInit
                0x0200ee60       0x40 /opt/devkitpro/libnds/lib/libnds9.a(console.o)
                0x0200ee60                consoleDemoInit
 .text.oamInit  0x0200eea0      0x114 /opt/devkitpro/libnds/lib/libnds9.a(sprite.o)
                0x0200eea0                oamInit
 .text.oamGfxPtrToOffset
                0x0200efb4       0x34 /opt/devkitpro/libnds/lib/libnds9.a(sprite.o)
                0x0200efb4                oamGfxPtrToOffset
 .text.oamSet   0x0200efe8      0x104 /opt/devkitpro/libnds/lib/libnds9.a(sprite.o)
                0x0200efe8                oamSet
 .text.oamUpdate
                0x0200f0ec       0x60 /opt/devkitpro/libnds/lib/libnds9.a(sprite.o)
                0x0200f0ec                oamUpdate
 .text.oamRotateScale
                0x0200f14c       0x4c /opt/devkitpro/libnds/lib/libnds9.a(sprite.o)
                0x0200f14c                oamRotateScale
 .text.scanKeys
                0x0200f198       0x8c /opt/devkitpro/libnds/lib/libnds9.a(keys.o)
                0x0200f198                scanKeys
 .text.keysHeld
                0x0200f224        0xc /opt/devkitpro/libnds/lib/libnds9.a(keys.o)
                0x0200f224                keysHeld
 .text.dldiGetInternal
                0x0200f230       0x34 /opt/devkitpro/libnds/lib/libnds9.a(dldi.o)
                0x0200f230                dldiGetInternal
 .text.get_io_dsisd
                0x0200f264       0x24 /opt/devkitpro/libnds/lib/libnds9.a(dldi.o)
                0x0200f264                get_io_dsisd
 .text.__syscall_gettod_r
                0x0200f288       0x28 /opt/devkitpro/libnds/lib/libnds9.a(initSystem.o)
                0x0200f288                __syscall_gettod_r
 .text.__syscall_exit
                0x0200f2b0        0x8 /opt/devkitpro/libnds/lib/libnds9.a(initSystem.o)
                0x0200f2b0                __syscall_exit
 .text.initSystem
                0x0200f2b8      0x180 /opt/devkitpro/libnds/lib/libnds9.a(initSystem.o)
                0x0200f2b8                initSystem
 .text.irqDummy
                0x0200f438        0x4 /opt/devkitpro/libnds/lib/libnds9.a(interrupts.o)
                0x0200f438                irqDummy
 .text.irqSet   0x0200f43c       0x6c /opt/devkitpro/libnds/lib/libnds9.a(interrupts.o)
                0x0200f43c                irqSet
 .text.irqInit  0x0200f4a8       0x50 /opt/devkitpro/libnds/lib/libnds9.a(interrupts.o)
                0x0200f4a8                irqInit
 .text.irqEnable
                0x0200f4f8       0x64 /opt/devkitpro/libnds/lib/libnds9.a(interrupts.o)
                0x0200f4f8                irqEnable
 .text.systemErrorExit
                0x0200f55c        0x4 /opt/devkitpro/libnds/lib/libnds9.a(libnds_exit.arm.o)
                0x0200f55c                systemErrorExit
 .text.__libnds_exit
                0x0200f560       0x5c /opt/devkitpro/libnds/lib/libnds9.a(libnds_exit.arm.o)
                0x0200f560                __libnds_exit
 .text.cardPolledTransfer
                0x0200f5bc       0x54 /opt/devkitpro/libnds/lib/libnds9.a(card.o)
                0x0200f5bc                cardPolledTransfer
 .text.cardParamCommand
                0x0200f610       0x34 /opt/devkitpro/libnds/lib/libnds9.a(card.o)
                0x0200f610                cardParamCommand
 .text.fifo_queueBlock
                0x0200f644       0x44 /opt/devkitpro/libnds/lib/libnds9.a(fifosystem.o)
 .text.fifo_waitBlock
                0x0200f688       0x80 /opt/devkitpro/libnds/lib/libnds9.a(fifosystem.o)
 .text.fifoInternalSend.part.0
                0x0200f708       0xd4 /opt/devkitpro/libnds/lib/libnds9.a(fifosystem.o)
 .text.fifoInternalSendInterrupt
                0x0200f7dc       0xb0 /opt/devkitpro/libnds/lib/libnds9.a(fifosystem.o)
 .text.fifoSetValue32Handler
                0x0200f88c       0xd4 /opt/devkitpro/libnds/lib/libnds9.a(fifosystem.o)
                0x0200f88c                fifoSetValue32Handler
 .text.fifoSendValue32
                0x0200f960       0x4c /opt/devkitpro/libnds/lib/libnds9.a(fifosystem.o)
                0x0200f960                fifoSendValue32
 .text.fifoSendDatamsg
                0x0200f9ac       0x90 /opt/devkitpro/libnds/lib/libnds9.a(fifosystem.o)
                0x0200f9ac                fifoSendDatamsg
 .text.fifoGetValue32
                0x0200fa3c       0x70 /opt/devkitpro/libnds/lib/libnds9.a(fifosystem.o)
                0x0200fa3c                fifoGetValue32
 .text.fifoGetDatamsg
                0x0200faac       0xf4 /opt/devkitpro/libnds/lib/libnds9.a(fifosystem.o)
                0x0200faac                fifoGetDatamsg
 .text.fifoInternalRecvInterrupt
                0x0200fba0      0x37c /opt/devkitpro/libnds/lib/libnds9.a(fifosystem.o)
 .text.fifoSetDatamsgHandler
                0x0200ff1c       0x9c /opt/devkitpro/libnds/lib/libnds9.a(fifosystem.o)
                0x0200ff1c                fifoSetDatamsgHandler
 .text.fifoCheckValue32
                0x0200ffb8       0x24 /opt/devkitpro/libnds/lib/libnds9.a(fifosystem.o)
                0x0200ffb8                fifoCheckValue32
 .text.fifoInit
                0x0200ffdc      0x108 /opt/devkitpro/libnds/lib/libnds9.a(fifosystem.o)
                0x0200ffdc                fifoInit
 .text.DC_FlushRange
                0x020100e4       0x24 /opt/devkitpro/libnds/lib/libnds9.a(dcache.o)
                0x020100e4                DC_FlushRange
 .text.DC_InvalidateRange
                0x02010108       0x2c /opt/devkitpro/libnds/lib/libnds9.a(dcache.o)
                0x02010108                DC_InvalidateRange
 .text.__libnds_mpu_setup
                0x02010134      0x174 /opt/devkitpro/libnds/lib/libnds9.a(mpu_setup.o)
                0x02010134                __libnds_mpu_setup
 .text.memUncached
                0x020102a8       0x20 /opt/devkitpro/libnds/lib/libnds9.a(mpu_setup.o)
                0x020102a8                memUncached
 .text.swiWaitForVBlank
                0x020102c8        0x8 /opt/devkitpro/libnds/lib/libnds9.a(IntrWait.o)
                0x020102c8                swiWaitForVBlank
 .text.swiIntrWait
                0x020102d0       0x70 /opt/devkitpro/libnds/lib/libnds9.a(IntrWait.o)
                0x020102d0                swiIntrWait
 .text.setCpuClock
                0x02010340       0x50 /opt/devkitpro/libnds/lib/libnds9.a(cpu_clock.o)
                0x02010340                setCpuClock
 .text.swiDelay
                0x02010390        0x4 /opt/devkitpro/libnds/lib/libnds9.a(biosCalls.o)
                0x02010390                swiDelay
 .text.swiSoftReset
                0x02010394       0x2c /opt/devkitpro/libnds/lib/libnds9.a(swiSoftReset.o)
                0x02010394                swiSoftReset
 .text.checkIfText
                0x020103c0       0x5c /opt/devkitpro/libnds/lib/libnds9.a(background.o)
                0x020103c0                checkIfText
 .text.bgUpdate
                0x0201041c       0xf4 /opt/devkitpro/libnds/lib/libnds9.a(background.o)
                0x0201041c                bgUpdate
 .text.bgInit_call
                0x02010510       0xc4 /opt/devkitpro/libnds/lib/libnds9.a(background.o)
                0x02010510                bgInit_call
 .text.bgInitSub_call
                0x020105d4       0xcc /opt/devkitpro/libnds/lib/libnds9.a(background.o)
                0x020105d4                bgInitSub_call
 .text.sinLutLookup
                0x020106a0       0x4c /opt/devkitpro/libnds/lib/libnds9.a(trig.o)
                0x020106a0                sinLutLookup
 .text.sinLerp  0x020106ec       0x40 /opt/devkitpro/libnds/lib/libnds9.a(trig.o)
                0x020106ec                sinLerp
 .text.cosLerp  0x0201072c       0x4c /opt/devkitpro/libnds/lib/libnds9.a(trig.o)
                0x0201072c                cosLerp
 .text.oamAllocReset
                0x02010778       0x1c /opt/devkitpro/libnds/lib/libnds9.a(sprite_alloc.o)
                0x02010778                oamAllocReset
 .text.systemValueHandler
                0x02010794       0x48 /opt/devkitpro/libnds/lib/libnds9.a(system.o)
                0x02010794                systemValueHandler
 .text.systemMsgHandler
                0x020107dc       0x60 /opt/devkitpro/libnds/lib/libnds9.a(system.o)
                0x020107dc                systemMsgHandler
 .text.powerOn  0x0201083c       0x2c /opt/devkitpro/libnds/lib/libnds9.a(system.o)
                0x0201083c                powerOn
 .text.__muldi3
                0x02010868       0x18 /opt/devkitpro/devkitARM/bin/../lib/gcc/arm-none-eabi/13.2.0/libgcc.a(_muldi3.o)
                0x02010868                __aeabi_lmul
                0x02010868                __muldi3
 .text.__udivmoddi4
                0x02010880      0x128 /opt/devkitpro/devkitARM/bin/../lib/gcc/arm-none-eabi/13.2.0/libgcc.a(_udivmoddi4.o)
                0x02010880                __udivmoddi4
 .text.towlower
                0x020109a8       0x14 /opt/devkitpro/devkitARM/bin/../lib/gcc/arm-none-eabi/13.2.0/../../../../arm-none-eabi/lib/libg.a(libc_a-towlower.o)
                0x020109a8                towlower
 .text._mbrtowc_r
                0x020109bc       0xc0 /opt/devkitpro/devkitARM/bin/../lib/gcc/arm-none-eabi/13.2.0/../../../../arm-none-eabi/lib/libg.a(libc_a-mbrtowc.o)
                0x020109bc                _mbrtowc_r
 .text.mbrtowc  0x02010a7c       0xc4 /opt/devkitpro/devkitARM/bin/../lib/gcc/arm-none-eabi/13.2.0/../../../../arm-none-eabi/lib/libg.a(libc_a-mbrtowc.o)
                0x02010a7c                mbrtowc
 .text._wcrtomb_r
                0x02010b40       0xac /opt/devkitpro/devkitARM/bin/../lib/gcc/arm-none-eabi/13.2.0/../../../../arm-none-eabi/lib/libg.a(libc_a-wcrtomb.o)
                0x02010b40                _wcrtomb_r
 .text.wcrtomb  0x02010bec       0xb4 /opt/devkitpro/devkitARM/bin/../lib/gcc/arm-none-eabi/13.2.0/../../../../arm-none-eabi/lib/libg.a(libc_a-wcrtomb.o)
                0x02010bec                wcrtomb
 .text.towupper
                0x02010ca0       0x14 /opt/devkitpro/devkitARM/bin/../lib/gcc/arm-none-eabi/13.2.0/../../../../arm-none-eabi/lib/libg.a(libc_a-towupper.o)
                0x02010ca0                towupper
 .text.mbsrtowcs
                0x02010cb4       0x3c /opt/devkitpro/devkitARM/bin/../lib/gcc/arm-none-eabi/13.2.0/../../../../arm-none-eabi/lib/libg.a(libc_a-mbsrtowcs.o)
                0x02010cb4                mbsrtowcs
 .text.wctob    0x02010cf0       0x88 /opt/devkitpro/devkitARM/bin/../lib/gcc/arm-none-eabi/13.2.0/../../../../arm-none-eabi/lib/libg.a(libc_a-wctob.o)
                0x02010cf0                wctob
 .text.rewind   0x02010d78       0x30 /opt/devkitpro/devkitARM/bin/../lib/gcc/arm-none-eabi/13.2.0/../../../../arm-none-eabi/lib/libg.a(libc_a-rewind.o)
                0x02010d78                rewind
 .text.towctrans
                0x02010da8       0x48 /opt/devkitpro/devkitARM/bin/../lib/gcc/arm-none-eabi/13.2.0/../../../../arm-none-eabi/lib/libg.a(libc_a-towctrans.o)
                0x02010da8                towctrans
 .text.snprintf
                0x02010df0       0xcc /opt/devkitpro/devkitARM/bin/../lib/gcc/arm-none-eabi/13.2.0/../../../../arm-none-eabi/lib/libg.a(libc_a-snprintf.o)
                0x02010df0                snprintf
 .text._puts_r  0x02010ebc       0xe4 /opt/devkitpro/devkitARM/bin/../lib/gcc/arm-none-eabi/13.2.0/../../../../arm-none-eabi/lib/libg.a(libc_a-puts.o)
                0x02010ebc                _puts_r
 .text.puts     0x02010fa0       0x18 /opt/devkitpro/devkitARM/bin/../lib/gcc/arm-none-eabi/13.2.0/../../../../arm-none-eabi/lib/libg.a(libc_a-puts.o)
                0x02010fa0                puts
 .text.siscanf  0x02010fb8       0x74 /opt/devkitpro/devkitARM/bin/../lib/gcc/arm-none-eabi/13.2.0/../../../../arm-none-eabi/lib/libg.a(libc_a-siscanf.o)
                0x02010fb8                siscanf
 .text.calloc   0x0201102c       0x24 /opt/devkitpro/devkitARM/bin/../lib/gcc/arm-none-eabi/13.2.0/../../../../arm-none-eabi/lib/libg.a(libc_a-calloc.o)
                0x0201102c                calloc
 .text._calloc_r
                0x02011050       0xd0 /opt/devkitpro/devkitARM/bin/../lib/gcc/arm-none-eabi/13.2.0/../../../../arm-none-eabi/lib/libg.a(libc_a-callocr.o)
                0x02011050                _calloc_r
 .text.setvbuf  0x02011120      0x25c /opt/devkitpro/devkitARM/bin/../lib/gcc/arm-none-eabi/13.2.0/../../../../arm-none-eabi/lib/libg.a(libc_a-setvbuf.o)
                0x02011120                setvbuf
 .text.get_arg  0x0201137c       0x54 /opt/devkitpro/devkitARM/bin/../lib/gcc/arm-none-eabi/13.2.0/../../../../arm-none-eabi/lib/libg.a(libc_a-svfiscanf.o)
 .text._sungetc_r
                0x020113d0       0xe4 /opt/devkitpro/devkitARM/bin/../lib/gcc/arm-none-eabi/13.2.0/../../../../arm-none-eabi/lib/libg.a(libc_a-svfiscanf.o)
                0x020113d0                _sungetc_r
 .text.__ssrefill_r
                0x020114b4       0x68 /opt/devkitpro/devkitARM/bin/../lib/gcc/arm-none-eabi/13.2.0/../../../../arm-none-eabi/lib/libg.a(libc_a-svfiscanf.o)
                0x020114b4                __ssrefill_r
 .text._sfread_r
                0x0201151c       0xc8 /opt/devkitpro/devkitARM/bin/../lib/gcc/arm-none-eabi/13.2.0/../../../../arm-none-eabi/lib/libg.a(libc_a-svfiscanf.o)
                0x0201151c                _sfread_r
 .text.__ssvfiscanf_r
                0x020115e4     0x22dc /opt/devkitpro/devkitARM/bin/../lib/gcc/arm-none-eabi/13.2.0/../../../../arm-none-eabi/lib/libg.a(libc_a-svfiscanf.o)
                0x020115e4                __ssvfiscanf_r
 .text._malloc_trim_r
                0x020138c0      0x100 /opt/devkitpro/devkitARM/bin/../lib/gcc/arm-none-eabi/13.2.0/../../../../arm-none-eabi/lib/libg.a(libc_a-freer.o)
                0x020138c0                _malloc_trim_r
 .text._free_r  0x020139c0      0x2e8 /opt/devkitpro/devkitARM/bin/../lib/gcc/arm-none-eabi/13.2.0/../../../../arm-none-eabi/lib/libg.a(libc_a-freer.o)
                0x020139c0                _free_r
 .text.iprintf  0x02013ca8       0x34 /opt/devkitpro/devkitARM/bin/../lib/gcc/arm-none-eabi/13.2.0/../../../../arm-none-eabi/lib/libg.a(libc_a-iprintf.o)
                0x02013ca8                iprintf
 .text.strchr   0x02013cdc      0x13c /opt/devkitpro/devkitARM/bin/../lib/gcc/arm-none-eabi/13.2.0/../../../../arm-none-eabi/lib/libg.a(libc_a-strchr.o)
                0x02013cdc                strchr
 .text.memcmp   0x02013e18       0xe0 /opt/devkitpro/devkitARM/bin/../lib/gcc/arm-none-eabi/13.2.0/../../../../arm-none-eabi/lib/libg.a(libc_a-memcmp.o)
                0x02013e18                memcmp
 .text._fclose_r
                0x02013ef8      0x150 /opt/devkitpro/devkitARM/bin/../lib/gcc/arm-none-eabi/13.2.0/../../../../arm-none-eabi/lib/libg.a(libc_a-fclose.o)
                0x02013ef8                _fclose_r
 .text.fclose   0x02014048       0x18 /opt/devkitpro/devkitARM/bin/../lib/gcc/arm-none-eabi/13.2.0/../../../../arm-none-eabi/lib/libg.a(libc_a-fclose.o)
                0x02014048                fclose
 .text.get_arg  0x02014060      0x654 /opt/devkitpro/devkitARM/bin/../lib/gcc/arm-none-eabi/13.2.0/../../../../arm-none-eabi/lib/libg.a(libc_a-svfprintf.o)
 .text._svfprintf_r
                0x020146b4     0x3518 /opt/devkitpro/devkitARM/bin/../lib/gcc/arm-none-eabi/13.2.0/../../../../arm-none-eabi/lib/libg.a(libc_a-svfprintf.o)
                0x020146b4                _svfprintf_r
 .text.malloc   0x02017bcc       0x1c /opt/devkitpro/devkitARM/bin/../lib/gcc/arm-none-eabi/13.2.0/../../../../arm-none-eabi/lib/libg.a(libc_a-malloc.o)
                0x02017bcc                malloc
 .text.free     0x02017be8       0x1c /opt/devkitpro/devkitARM/bin/../lib/gcc/arm-none-eabi/13.2.0/../../../../arm-none-eabi/lib/libg.a(libc_a-malloc.o)
                0x02017be8                free
 .text._malloc_r
                0x02017c04      0x7a4 /opt/devkitpro/devkitARM/bin/../lib/gcc/arm-none-eabi/13.2.0/../../../../arm-none-eabi/lib/libg.a(libc_a-mallocr.o)
                0x02017c04                _malloc_r
 .text.memmove  0x020183a8      0x154 /opt/devkitpro/devkitARM/bin/../lib/gcc/arm-none-eabi/13.2.0/../../../../arm-none-eabi/lib/libg.a(libc_a-memmove.o)
                0x020183a8                memmove
 .text.memset   0x020184fc       0xfc /opt/devkitpro/devkitARM/bin/../lib/gcc/arm-none-eabi/13.2.0/../../../../arm-none-eabi/lib/libg.a(libc_a-memset.o)
                0x020184fc                memset
 .text.__malloc_lock
                0x020185f8       0x18 /opt/devkitpro/devkitARM/bin/../lib/gcc/arm-none-eabi/13.2.0/../../../../arm-none-eabi/lib/libg.a(libc_a-mlock.o)
                0x020185f8                __malloc_lock
 .text.__malloc_unlock
                0x02018610       0x18 /opt/devkitpro/devkitARM/bin/../lib/gcc/arm-none-eabi/13.2.0/../../../../arm-none-eabi/lib/libg.a(libc_a-mlock.o)
                0x02018610                __malloc_unlock
 .text.strlen   0x02018628       0x94 /opt/devkitpro/devkitARM/bin/../lib/gcc/arm-none-eabi/13.2.0/../../../../arm-none-eabi/lib/libg.a(libc_a-strlen.o)
                0x02018628                strlen
 .text._fopen_r
                0x020186bc      0x138 /opt/devkitpro/devkitARM/bin/../lib/gcc/arm-none-eabi/13.2.0/../../../../arm-none-eabi/lib/libg.a(libc_a-fopen.o)
                0x020186bc                _fopen_r
 .text.fopen    0x020187f4       0x20 /opt/devkitpro/devkitARM/bin/../lib/gcc/arm-none-eabi/13.2.0/../../../../arm-none-eabi/lib/libg.a(libc_a-fopen.o)
                0x020187f4                fopen
 .text.__sflush_r
                0x02018814      0x248 /opt/devkitpro/devkitARM/bin/../lib/gcc/arm-none-eabi/13.2.0/../../../../arm-none-eabi/lib/libg.a(libc_a-fflush.o)
                0x02018814                __sflush_r
 .text._fflush_r
                0x02018a5c       0x9c /opt/devkitpro/devkitARM/bin/../lib/gcc/arm-none-eabi/13.2.0/../../../../arm-none-eabi/lib/libg.a(libc_a-fflush.o)
                0x02018a5c                _fflush_r
 .text.strpbrk  0x02018af8       0x7c /opt/devkitpro/devkitARM/bin/../lib/gcc/arm-none-eabi/13.2.0/../../../../arm-none-eabi/lib/libg.a(libc_a-strpbrk.o)
                0x02018af8                strpbrk
 .text.strdup   0x02018b74       0x1c /opt/devkitpro/devkitARM/bin/../lib/gcc/arm-none-eabi/13.2.0/../../../../arm-none-eabi/lib/libg.a(libc_a-strdup.o)
                0x02018b74                strdup
 .text.strcasecmp
                0x02018b90       0x70 /opt/devkitpro/devkitARM/bin/../lib/gcc/arm-none-eabi/13.2.0/../../../../arm-none-eabi/lib/libg.a(libc_a-strcasecmp.o)
                0x02018b90                strcasecmp
 .text.strrchr  0x02018c00       0x58 /opt/devkitpro/devkitARM/bin/../lib/gcc/arm-none-eabi/13.2.0/../../../../arm-none-eabi/lib/libg.a(libc_a-strrchr.o)
                0x02018c00                strrchr
 .text.strncasecmp
                0x02018c58       0x8c /opt/devkitpro/devkitARM/bin/../lib/gcc/arm-none-eabi/13.2.0/../../../../arm-none-eabi/lib/libg.a(libc_a-strncasecmp.o)
                0x02018c58                strncasecmp
 .text._strdup_r
                0x02018ce4       0x44 /opt/devkitpro/devkitARM/bin/../lib/gcc/arm-none-eabi/13.2.0/../../../../arm-none-eabi/lib/libg.a(libc_a-strdup_r.o)
                0x02018ce4                _strdup_r
 .text.ftell    0x02018d28       0x30 /opt/devkitpro/devkitARM/bin/../lib/gcc/arm-none-eabi/13.2.0/../../../../arm-none-eabi/lib/libg.a(libc_a-ftell.o)
                0x02018d28                ftell
 .text.__sfvwrite_r
                0x02018d58      0x4c8 /opt/devkitpro/devkitARM/bin/../lib/gcc/arm-none-eabi/13.2.0/../../../../arm-none-eabi/lib/libg.a(libc_a-fvwrite.o)
                0x02018d58                __sfvwrite_r
 .text.strncmp  0x02019220       0xec /opt/devkitpro/devkitARM/bin/../lib/gcc/arm-none-eabi/13.2.0/../../../../arm-none-eabi/lib/libg.a(libc_a-strncmp.o)
                0x02019220                strncmp
 .text._fwalk_sglue
                0x0201930c       0x78 /opt/devkitpro/devkitARM/bin/../lib/gcc/arm-none-eabi/13.2.0/../../../../arm-none-eabi/lib/libg.a(libc_a-fwalk.o)
                0x0201930c                _fwalk_sglue
 .text._fread_r
                0x02019384      0x33c /opt/devkitpro/devkitARM/bin/../lib/gcc/arm-none-eabi/13.2.0/../../../../arm-none-eabi/lib/libg.a(libc_a-fread.o)
                0x02019384                _fread_r
 .text.fread    0x020196c0       0x3c /opt/devkitpro/devkitARM/bin/../lib/gcc/arm-none-eabi/13.2.0/../../../../arm-none-eabi/lib/libg.a(libc_a-fread.o)
                0x020196c0                fread
 .text._realloc_r
                0x020196fc      0x4b8 /opt/devkitpro/devkitARM/bin/../lib/gcc/arm-none-eabi/13.2.0/../../../../arm-none-eabi/lib/libg.a(libc_a-reallocr.o)
                0x020196fc                _realloc_r
 .text.strncpy  0x02019bb4       0xd0 /opt/devkitpro/devkitARM/bin/../lib/gcc/arm-none-eabi/13.2.0/../../../../arm-none-eabi/lib/libg.a(libc_a-strncpy.o)
                0x02019bb4                strncpy
 .text.stdio_exit_handler
                0x02019c84       0x28 /opt/devkitpro/devkitARM/bin/../lib/gcc/arm-none-eabi/13.2.0/../../../../arm-none-eabi/lib/libg.a(libc_a-findfp.o)
 .text.cleanup_stdio
                0x02019cac       0x54 /opt/devkitpro/devkitARM/bin/../lib/gcc/arm-none-eabi/13.2.0/../../../../arm-none-eabi/lib/libg.a(libc_a-findfp.o)
 .text.global_stdio_init.part.0
                0x02019d00      0x158 /opt/devkitpro/devkitARM/bin/../lib/gcc/arm-none-eabi/13.2.0/../../../../arm-none-eabi/lib/libg.a(libc_a-findfp.o)
 .text.__sfp    0x02019e58      0x138 /opt/devkitpro/devkitARM/bin/../lib/gcc/arm-none-eabi/13.2.0/../../../../arm-none-eabi/lib/libg.a(libc_a-findfp.o)
                0x02019e58                __sfp
 .text.__sinit  0x02019f90       0x64 /opt/devkitpro/devkitARM/bin/../lib/gcc/arm-none-eabi/13.2.0/../../../../arm-none-eabi/lib/libg.a(libc_a-findfp.o)
                0x02019f90                __sinit
 .text.__sfp_lock_acquire
                0x02019ff4       0x18 /opt/devkitpro/devkitARM/bin/../lib/gcc/arm-none-eabi/13.2.0/../../../../arm-none-eabi/lib/libg.a(libc_a-findfp.o)
                0x02019ff4                __sfp_lock_acquire
 .text.__sfp_lock_release
                0x0201a00c       0x18 /opt/devkitpro/devkitARM/bin/../lib/gcc/arm-none-eabi/13.2.0/../../../../arm-none-eabi/lib/libg.a(libc_a-findfp.o)
                0x0201a00c                __sfp_lock_release
 .text.localtime_r
                0x0201a024      0x374 /opt/devkitpro/devkitARM/bin/../lib/gcc/arm-none-eabi/13.2.0/../../../../arm-none-eabi/lib/libg.a(libc_a-lcltime_r.o)
                0x0201a024                localtime_r
 .text.strnlen  0x0201a398       0x48 /opt/devkitpro/devkitARM/bin/../lib/gcc/arm-none-eabi/13.2.0/../../../../arm-none-eabi/lib/libg.a(libc_a-strnlen.o)
                0x0201a398                strnlen
 .text._tzset_unlocked
                0x0201a3e0       0x14 /opt/devkitpro/devkitARM/bin/../lib/gcc/arm-none-eabi/13.2.0/../../../../arm-none-eabi/lib/libg.a(libc_a-tzset.o)
                0x0201a3e0                _tzset_unlocked
 .text.validate_structure
                0x0201a3f4      0x2e0 /opt/devkitpro/devkitARM/bin/../lib/gcc/arm-none-eabi/13.2.0/../../../../arm-none-eabi/lib/libg.a(libc_a-mktime.o)
 .text.mktime   0x0201a6d4      0x4cc /opt/devkitpro/devkitARM/bin/../lib/gcc/arm-none-eabi/13.2.0/../../../../arm-none-eabi/lib/libg.a(libc_a-mktime.o)
                0x0201a6d4                mktime
 .text.access   0x0201aba0       0x54 /opt/devkitpro/devkitARM/bin/../lib/gcc/arm-none-eabi/13.2.0/../../../../arm-none-eabi/lib/libg.a(libc_a-access.o)
                0x0201aba0                access
 .text._fseek_r
                0x0201abf4       0x20 /opt/devkitpro/devkitARM/bin/../lib/gcc/arm-none-eabi/13.2.0/../../../../arm-none-eabi/lib/libg.a(libc_a-fseek.o)
                0x0201abf4                _fseek_r
 .text.fseek    0x0201ac14       0x38 /opt/devkitpro/devkitARM/bin/../lib/gcc/arm-none-eabi/13.2.0/../../../../arm-none-eabi/lib/libg.a(libc_a-fseek.o)
                0x0201ac14                fseek
 .text._tzset_unlocked_r
                0x0201ac4c      0x688 /opt/devkitpro/devkitARM/bin/../lib/gcc/arm-none-eabi/13.2.0/../../../../arm-none-eabi/lib/libg.a(libc_a-tzset_r.o)
                0x0201ac4c                _tzset_unlocked_r
 .text._strtol_l.part.0
                0x0201b2d4      0x1b4 /opt/devkitpro/devkitARM/bin/../lib/gcc/arm-none-eabi/13.2.0/../../../../arm-none-eabi/lib/libg.a(libc_a-strtol.o)
 .text._strtol_r
                0x0201b488       0x64 /opt/devkitpro/devkitARM/bin/../lib/gcc/arm-none-eabi/13.2.0/../../../../arm-none-eabi/lib/libg.a(libc_a-strtol.o)
                0x0201b488                _strtol_r
 .text.realloc  0x0201b4ec       0x24 /opt/devkitpro/devkitARM/bin/../lib/gcc/arm-none-eabi/13.2.0/../../../../arm-none-eabi/lib/libg.a(libc_a-realloc.o)
                0x0201b4ec                realloc
 .text.__gettzinfo
                0x0201b510        0xc /opt/devkitpro/devkitARM/bin/../lib/gcc/arm-none-eabi/13.2.0/../../../../arm-none-eabi/lib/libg.a(libc_a-gettzinfo.o)
                0x0201b510                __gettzinfo
 .text._strtoul_l.isra.0
                0x0201b51c      0x1dc /opt/devkitpro/devkitARM/bin/../lib/gcc/arm-none-eabi/13.2.0/../../../../arm-none-eabi/lib/libg.a(libc_a-strtoul.o)
 .text._strtoul_r
                0x0201b6f8       0x30 /opt/devkitpro/devkitARM/bin/../lib/gcc/arm-none-eabi/13.2.0/../../../../arm-none-eabi/lib/libg.a(libc_a-strtoul.o)
                0x0201b6f8                _strtoul_r
 .text.strtoul  0x0201b728       0x34 /opt/devkitpro/devkitARM/bin/../lib/gcc/arm-none-eabi/13.2.0/../../../../arm-none-eabi/lib/libg.a(libc_a-strtoul.o)
                0x0201b728                strtoul
 .text.__locale_mb_cur_max
                0x0201b75c       0x28 /opt/devkitpro/devkitARM/bin/../lib/gcc/arm-none-eabi/13.2.0/../../../../arm-none-eabi/lib/libg.a(libc_a-locale.o)
                0x0201b75c                __locale_mb_cur_max
 .text.time     0x0201b784       0x50 /opt/devkitpro/devkitARM/bin/../lib/gcc/arm-none-eabi/13.2.0/../../../../arm-none-eabi/lib/libg.a(libc_a-time.o)
                0x0201b784                time
 .text._localeconv_r
                0x0201b7d4       0x28 /opt/devkitpro/devkitARM/bin/../lib/gcc/arm-none-eabi/13.2.0/../../../../arm-none-eabi/lib/libg.a(libc_a-localeconv.o)
                0x0201b7d4                _localeconv_r
 .text.__tzcalc_limits
                0x0201b7fc      0x254 /opt/devkitpro/devkitARM/bin/../lib/gcc/arm-none-eabi/13.2.0/../../../../arm-none-eabi/lib/libg.a(libc_a-tzcalc_limits.o)
                0x0201b7fc                __tzcalc_limits
 .text.strcpy   0x0201ba50       0xf0 /opt/devkitpro/devkitARM/bin/../lib/gcc/arm-none-eabi/13.2.0/../../../../arm-none-eabi/lib/libg.a(libc_a-strcpy.o)
                0x0201ba50                strcpy
 .text.memchr   0x0201bb40       0xf0 /opt/devkitpro/devkitARM/bin/../lib/gcc/arm-none-eabi/13.2.0/../../../../arm-none-eabi/lib/libg.a(libc_a-memchr-stub.o)
                0x0201bb40                memchr
 .text.__utf8_wctomb
                0x0201bc30       0xf4 /opt/devkitpro/devkitARM/bin/../lib/gcc/arm-none-eabi/13.2.0/../../../../arm-none-eabi/lib/libg.a(libc_a-wctomb_r.o)
                0x0201bc30                __utf8_wctomb
 .text.memcpy   0x0201bd24      0x114 /opt/devkitpro/devkitARM/bin/../lib/gcc/arm-none-eabi/13.2.0/../../../../arm-none-eabi/lib/libg.a(libc_a-memcpy-stub.o)
                0x0201bd24                memcpy
 .text.stpcpy   0x0201be38       0x74 /opt/devkitpro/devkitARM/bin/../lib/gcc/arm-none-eabi/13.2.0/../../../../arm-none-eabi/lib/libg.a(libc_a-stpcpy.o)
                0x0201be38                stpcpy
 .text.__libc_init_array
                0x0201beac       0x90 /opt/devkitpro/devkitARM/bin/../lib/gcc/arm-none-eabi/13.2.0/../../../../arm-none-eabi/lib/libg.a(libc_a-init.o)
                0x0201beac                __libc_init_array
 .text.__errno  0x0201bf3c       0x10 /opt/devkitpro/devkitARM/bin/../lib/gcc/arm-none-eabi/13.2.0/../../../../arm-none-eabi/lib/libg.a(libc_a-errno.o)
                0x0201bf3c                __errno
 .text.lseek    0x0201bf4c       0x3c /opt/devkitpro/devkitARM/bin/../lib/gcc/arm-none-eabi/13.2.0/../../../../arm-none-eabi/lib/libg.a(libc_a-syslseek.o)
                0x0201bf4c                lseek
 .text.open     0x0201bf88       0x40 /opt/devkitpro/devkitARM/bin/../lib/gcc/arm-none-eabi/13.2.0/../../../../arm-none-eabi/lib/libg.a(libc_a-sysopen.o)
                0x0201bf88                open
 .text.read     0x0201bfc8       0x2c /opt/devkitpro/devkitARM/bin/../lib/gcc/arm-none-eabi/13.2.0/../../../../arm-none-eabi/lib/libg.a(libc_a-sysread.o)
                0x0201bfc8                read
 .text.stat     0x0201bff4       0x24 /opt/devkitpro/devkitARM/bin/../lib/gcc/arm-none-eabi/13.2.0/../../../../arm-none-eabi/lib/libg.a(libc_a-sysstat.o)
                0x0201bff4                stat
 .text.frexp    0x0201c018       0xa4 /opt/devkitpro/devkitARM/bin/../lib/gcc/arm-none-eabi/13.2.0/../../../../arm-none-eabi/lib/libg.a(libm_a-s_frexp.o)
                0x0201c018                frexp
 .text._strtoll_l.isra.0
                0x0201c0bc      0x23c /opt/devkitpro/devkitARM/bin/../lib/gcc/arm-none-eabi/13.2.0/../../../../arm-none-eabi/lib/libg.a(libc_a-strtoll.o)
 .text._strtoll_r
                0x0201c2f8       0x30 /opt/devkitpro/devkitARM/bin/../lib/gcc/arm-none-eabi/13.2.0/../../../../arm-none-eabi/lib/libg.a(libc_a-strtoll.o)
                0x0201c2f8                _strtoll_r
 .text._strtoull_l.isra.0
                0x0201c328      0x260 /opt/devkitpro/devkitARM/bin/../lib/gcc/arm-none-eabi/13.2.0/../../../../arm-none-eabi/lib/libg.a(libc_a-strtoull.o)
 .text._strtoull_r
                0x0201c588       0x30 /opt/devkitpro/devkitARM/bin/../lib/gcc/arm-none-eabi/13.2.0/../../../../arm-none-eabi/lib/libg.a(libc_a-strtoull.o)
                0x0201c588                _strtoull_r
 .text.towctrans_l
                0x0201c5b8      0x244 /opt/devkitpro/devkitARM/bin/../lib/gcc/arm-none-eabi/13.2.0/../../../../arm-none-eabi/lib/libg.a(libc_a-towctrans_l.o)
                0x0201c5b8                towctrans_l
 .text.iswspace
                0x0201c7fc       0x14 /opt/devkitpro/devkitARM/bin/../lib/gcc/arm-none-eabi/13.2.0/../../../../arm-none-eabi/lib/libg.a(libc_a-iswspace.o)
                0x0201c7fc                iswspace
 .text.__smakebuf_r
                0x0201c810      0x138 /opt/devkitpro/devkitARM/bin/../lib/gcc/arm-none-eabi/13.2.0/../../../../arm-none-eabi/lib/libg.a(libc_a-makebuf.o)
                0x0201c810                __smakebuf_r
 .text.__swhatbuf_r
                0x0201c948       0x80 /opt/devkitpro/devkitARM/bin/../lib/gcc/arm-none-eabi/13.2.0/../../../../arm-none-eabi/lib/libg.a(libc_a-makebuf.o)
                0x0201c948                __swhatbuf_r
 .text.iswspace_l
                0x0201c9c8       0x40 /opt/devkitpro/devkitARM/bin/../lib/gcc/arm-none-eabi/13.2.0/../../../../arm-none-eabi/lib/libg.a(libc_a-iswspace_l.o)
                0x0201c9c8                iswspace_l
 .text._mbsnrtowcs_r
                0x0201ca08      0x104 /opt/devkitpro/devkitARM/bin/../lib/gcc/arm-none-eabi/13.2.0/../../../../arm-none-eabi/lib/libg.a(libc_a-mbsnrtowcs.o)
                0x0201ca08                _mbsnrtowcs_r
 .text._wcsrtombs_r
                0x0201cb0c       0x2c /opt/devkitpro/devkitARM/bin/../lib/gcc/arm-none-eabi/13.2.0/../../../../arm-none-eabi/lib/libg.a(libc_a-wcsrtombs.o)
                0x0201cb0c                _wcsrtombs_r
 .text.__sccl   0x0201cb38       0xe4 /opt/devkitpro/devkitARM/bin/../lib/gcc/arm-none-eabi/13.2.0/../../../../arm-none-eabi/lib/libg.a(libc_a-sccl.o)
                0x0201cb38                __sccl
 .text.lflush   0x0201cc1c       0x3c /opt/devkitpro/devkitARM/bin/../lib/gcc/arm-none-eabi/13.2.0/../../../../arm-none-eabi/lib/libg.a(libc_a-refill.o)
 .text.__srefill_r
                0x0201cc58      0x19c /opt/devkitpro/devkitARM/bin/../lib/gcc/arm-none-eabi/13.2.0/../../../../arm-none-eabi/lib/libg.a(libc_a-refill.o)
                0x0201cc58                __srefill_r
 .text.__submore
                0x0201cdf4       0xa8 /opt/devkitpro/devkitARM/bin/../lib/gcc/arm-none-eabi/13.2.0/../../../../arm-none-eabi/lib/libg.a(libc_a-ungetc.o)
                0x0201cdf4                __submore
 .text.__sread  0x0201ce9c       0x4c /opt/devkitpro/devkitARM/bin/../lib/gcc/arm-none-eabi/13.2.0/../../../../arm-none-eabi/lib/libg.a(libc_a-stdio.o)
                0x0201ce9c                __sread
 .text.__seofread
                0x0201cee8        0x8 /opt/devkitpro/devkitARM/bin/../lib/gcc/arm-none-eabi/13.2.0/../../../../arm-none-eabi/lib/libg.a(libc_a-stdio.o)
                0x0201cee8                __seofread
 .text.__swrite
                0x0201cef0       0x6c /opt/devkitpro/devkitARM/bin/../lib/gcc/arm-none-eabi/13.2.0/../../../../arm-none-eabi/lib/libg.a(libc_a-stdio.o)
                0x0201cef0                __swrite
 .text.__sseek  0x0201cf5c       0x48 /opt/devkitpro/devkitARM/bin/../lib/gcc/arm-none-eabi/13.2.0/../../../../arm-none-eabi/lib/libg.a(libc_a-stdio.o)
                0x0201cf5c                __sseek
 .text.__sclose
                0x0201cfa4       0x14 /opt/devkitpro/devkitARM/bin/../lib/gcc/arm-none-eabi/13.2.0/../../../../arm-none-eabi/lib/libg.a(libc_a-stdio.o)
                0x0201cfa4                __sclose
 .text.category
                0x0201cfb8       0x98 /opt/devkitpro/devkitARM/bin/../lib/gcc/arm-none-eabi/13.2.0/../../../../arm-none-eabi/lib/libg.a(libc_a-categories.o)
                0x0201cfb8                category
 .text.get_arg  0x0201d050      0x654 /opt/devkitpro/devkitARM/bin/../lib/gcc/arm-none-eabi/13.2.0/../../../../arm-none-eabi/lib/libg.a(libc_a-vfiprintf.o)
 .text.__sprint_r
                0x0201d6a4       0x34 /opt/devkitpro/devkitARM/bin/../lib/gcc/arm-none-eabi/13.2.0/../../../../arm-none-eabi/lib/libg.a(libc_a-vfiprintf.o)
                0x0201d6a4                __sprint_r
 .text._vfiprintf_r
                0x0201d6d8     0x2334 /opt/devkitpro/devkitARM/bin/../lib/gcc/arm-none-eabi/13.2.0/../../../../arm-none-eabi/lib/libg.a(libc_a-vfiprintf.o)
                0x0201d6d8                _vfiprintf_r
 .text.__sbprintf
                0x0201fa0c       0xbc /opt/devkitpro/devkitARM/bin/../lib/gcc/arm-none-eabi/13.2.0/../../../../arm-none-eabi/lib/libg.a(libc_a-vfiprintf.o)
 .text.__ssprint_r
                0x0201fac8      0x190 /opt/devkitpro/devkitARM/bin/../lib/gcc/arm-none-eabi/13.2.0/../../../../arm-none-eabi/lib/libg.a(libc_a-svfiprintf.o)
                0x0201fac8                __ssprint_r
 .text.div      0x0201fc58       0x2c /opt/devkitpro/devkitARM/bin/../lib/gcc/arm-none-eabi/13.2.0/../../../../arm-none-eabi/lib/libg.a(libc_a-div.o)
                0x0201fc58                div
 .text.__swsetup_r
                0x0201fc84      0x144 /opt/devkitpro/devkitARM/bin/../lib/gcc/arm-none-eabi/13.2.0/../../../../arm-none-eabi/lib/libg.a(libc_a-wsetup.o)
                0x0201fc84                __swsetup_r
 .text.quorem   0x0201fdc8      0x1d8 /opt/devkitpro/devkitARM/bin/../lib/gcc/arm-none-eabi/13.2.0/../../../../arm-none-eabi/lib/libg.a(libc_a-dtoa.o)
 .text._dtoa_r  0x0201ffa0     0x16cc /opt/devkitpro/devkitARM/bin/../lib/gcc/arm-none-eabi/13.2.0/../../../../arm-none-eabi/lib/libg.a(libc_a-dtoa.o)
                0x0201ffa0                _dtoa_r
 .text._fseeko_r
                0x0202166c      0x5a4 /opt/devkitpro/devkitARM/bin/../lib/gcc/arm-none-eabi/13.2.0/../../../../arm-none-eabi/lib/libg.a(libc_a-fseeko.o)
                0x0202166c                _fseeko_r
 .text._findenv_r
                0x02021c10       0xd0 /opt/devkitpro/devkitARM/bin/../lib/gcc/arm-none-eabi/13.2.0/../../../../arm-none-eabi/lib/libg.a(libc_a-getenv_r.o)
                0x02021c10                _findenv_r
 .text._getenv_r
                0x02021ce0       0x1c /opt/devkitpro/devkitARM/bin/../lib/gcc/arm-none-eabi/13.2.0/../../../../arm-none-eabi/lib/libg.a(libc_a-getenv_r.o)
                0x02021ce0                _getenv_r
 .text._ftello_r
                0x02021cfc      0x1c0 /opt/devkitpro/devkitARM/bin/../lib/gcc/arm-none-eabi/13.2.0/../../../../arm-none-eabi/lib/libg.a(libc_a-ftello.o)
                0x02021cfc                _ftello_r
 .text.__sflags
                0x02021ebc       0xbc /opt/devkitpro/devkitARM/bin/../lib/gcc/arm-none-eabi/13.2.0/../../../../arm-none-eabi/lib/libg.a(libc_a-flags.o)
                0x02021ebc                __sflags
 .text._Balloc  0x02021f78       0x8c /opt/devkitpro/devkitARM/bin/../lib/gcc/arm-none-eabi/13.2.0/../../../../arm-none-eabi/lib/libg.a(libc_a-mprec.o)
                0x02021f78                _Balloc
 .text._Bfree   0x02022004       0x1c /opt/devkitpro/devkitARM/bin/../lib/gcc/arm-none-eabi/13.2.0/../../../../arm-none-eabi/lib/libg.a(libc_a-mprec.o)
                0x02022004                _Bfree
 .text.__multadd
                0x02022020      0x100 /opt/devkitpro/devkitARM/bin/../lib/gcc/arm-none-eabi/13.2.0/../../../../arm-none-eabi/lib/libg.a(libc_a-mprec.o)
                0x02022020                __multadd
 .text.__hi0bits
                0x02022120       0x60 /opt/devkitpro/devkitARM/bin/../lib/gcc/arm-none-eabi/13.2.0/../../../../arm-none-eabi/lib/libg.a(libc_a-mprec.o)
                0x02022120                __hi0bits
 .text.__lo0bits
                0x02022180       0xa0 /opt/devkitpro/devkitARM/bin/../lib/gcc/arm-none-eabi/13.2.0/../../../../arm-none-eabi/lib/libg.a(libc_a-mprec.o)
                0x02022180                __lo0bits
 .text.__i2b    0x02022220       0xac /opt/devkitpro/devkitARM/bin/../lib/gcc/arm-none-eabi/13.2.0/../../../../arm-none-eabi/lib/libg.a(libc_a-mprec.o)
                0x02022220                __i2b
 .text.__multiply
                0x020222cc      0x218 /opt/devkitpro/devkitARM/bin/../lib/gcc/arm-none-eabi/13.2.0/../../../../arm-none-eabi/lib/libg.a(libc_a-mprec.o)
                0x020222cc                __multiply
 .text.__pow5mult
                0x020224e4      0x12c /opt/devkitpro/devkitARM/bin/../lib/gcc/arm-none-eabi/13.2.0/../../../../arm-none-eabi/lib/libg.a(libc_a-mprec.o)
                0x020224e4                __pow5mult
 .text.__lshift
                0x02022610      0x144 /opt/devkitpro/devkitARM/bin/../lib/gcc/arm-none-eabi/13.2.0/../../../../arm-none-eabi/lib/libg.a(libc_a-mprec.o)
                0x02022610                __lshift
 .text.__mcmp   0x02022754       0x54 /opt/devkitpro/devkitARM/bin/../lib/gcc/arm-none-eabi/13.2.0/../../../../arm-none-eabi/lib/libg.a(libc_a-mprec.o)
                0x02022754                __mcmp
 .text.__mdiff  0x020227a8      0x214 /opt/devkitpro/devkitARM/bin/../lib/gcc/arm-none-eabi/13.2.0/../../../../arm-none-eabi/lib/libg.a(libc_a-mprec.o)
                0x020227a8                __mdiff
 .text.__d2b    0x020229bc      0x128 /opt/devkitpro/devkitARM/bin/../lib/gcc/arm-none-eabi/13.2.0/../../../../arm-none-eabi/lib/libg.a(libc_a-mprec.o)
                0x020229bc                __d2b
 .text.gmtime_r
                0x02022ae4      0x26c /opt/devkitpro/devkitARM/bin/../lib/gcc/arm-none-eabi/13.2.0/../../../../arm-none-eabi/lib/libg.a(libc_a-gmtime_r.o)
                0x02022ae4                gmtime_r
 .text.__tz_lock
                0x02022d50       0x18 /opt/devkitpro/devkitARM/bin/../lib/gcc/arm-none-eabi/13.2.0/../../../../arm-none-eabi/lib/libg.a(libc_a-tzlock.o)
                0x02022d50                __tz_lock
 .text.__tz_unlock
                0x02022d68       0x18 /opt/devkitpro/devkitARM/bin/../lib/gcc/arm-none-eabi/13.2.0/../../../../arm-none-eabi/lib/libg.a(libc_a-tzlock.o)
                0x02022d68                __tz_unlock
 .text.__utf8_mbtowc
                0x02022d80      0x308 /opt/devkitpro/devkitARM/bin/../lib/gcc/arm-none-eabi/13.2.0/../../../../arm-none-eabi/lib/libg.a(libc_a-mbtowc_r.o)
                0x02022d80                __utf8_mbtowc
 .text._wcsnrtombs_l
                0x02023088      0x198 /opt/devkitpro/devkitARM/bin/../lib/gcc/arm-none-eabi/13.2.0/../../../../arm-none-eabi/lib/libg.a(libc_a-wcsnrtombs.o)
                0x02023088                _wcsnrtombs_l
 .text._wcsnrtombs_r
                0x02023220       0x68 /opt/devkitpro/devkitARM/bin/../lib/gcc/arm-none-eabi/13.2.0/../../../../arm-none-eabi/lib/libg.a(libc_a-wcsnrtombs.o)
                0x02023220                _wcsnrtombs_r
 .text.__env_lock
                0x02023288       0x18 /opt/devkitpro/devkitARM/bin/../lib/gcc/arm-none-eabi/13.2.0/../../../../arm-none-eabi/lib/libg.a(libc_a-envlock.o)
                0x02023288                __env_lock
 .text.__env_unlock
                0x020232a0       0x18 /opt/devkitpro/devkitARM/bin/../lib/gcc/arm-none-eabi/13.2.0/../../../../arm-none-eabi/lib/libg.a(libc_a-envlock.o)
                0x020232a0                __env_unlock
 .text.__assert_func
                0x020232b8       0x5c /opt/devkitpro/devkitARM/bin/../lib/gcc/arm-none-eabi/13.2.0/../../../../arm-none-eabi/lib/libg.a(libc_a-assert.o)
                0x020232b8                __assert_func
 .text.fiprintf
                0x02023314       0x3c /opt/devkitpro/devkitARM/bin/../lib/gcc/arm-none-eabi/13.2.0/../../../../arm-none-eabi/lib/libg.a(libc_a-fiprintf.o)
                0x02023314                fiprintf
 .text.abort    0x02023350       0x14 /opt/devkitpro/devkitARM/bin/../lib/gcc/arm-none-eabi/13.2.0/../../../../arm-none-eabi/lib/libg.a(libc_a-abort.o)
                0x02023350                abort
 .text._raise_r
                0x02023364       0x94 /opt/devkitpro/devkitARM/bin/../lib/gcc/arm-none-eabi/13.2.0/../../../../arm-none-eabi/lib/libg.a(libc_a-signal.o)
                0x02023364                _raise_r
 .text.raise    0x020233f8       0x18 /opt/devkitpro/devkitARM/bin/../lib/gcc/arm-none-eabi/13.2.0/../../../../arm-none-eabi/lib/libg.a(libc_a-signal.o)
                0x020233f8                raise
 .text._exit    0x02023410       0x20 /opt/devkitpro/devkitARM/bin/../lib/gcc/arm-none-eabi/13.2.0/../../../../arm-none-eabi/lib/libsysbase.a(libsysbase_libsysbase_a-_exit.o)
                0x02023410                _exit
 .text.build_argv
                0x02023430       0x90 /opt/devkitpro/devkitARM/bin/../lib/gcc/arm-none-eabi/13.2.0/../../../../arm-none-eabi/lib/libsysbase.a(libsysbase_libsysbase_a-build_argv.o)
                0x02023430                build_argv
 .text.chdir    0x020234c0      0x144 /opt/devkitpro/devkitARM/bin/../lib/gcc/arm-none-eabi/13.2.0/../../../../arm-none-eabi/lib/libsysbase.a(libsysbase_libsysbase_a-chdir.o)
                0x020234c0                chdir
 .text.getcwd   0x02023604       0x8c /opt/devkitpro/devkitARM/bin/../lib/gcc/arm-none-eabi/13.2.0/../../../../arm-none-eabi/lib/libsysbase.a(libsysbase_libsysbase_a-chdir.o)
                0x02023604                getcwd
 .text._concatenate_path
                0x02023690      0x1d4 /opt/devkitpro/devkitARM/bin/../lib/gcc/arm-none-eabi/13.2.0/../../../../arm-none-eabi/lib/libsysbase.a(libsysbase_libsysbase_a-concatenate.o)
                0x02023690                _concatenate_path
 .text._fstat_r
                0x02023864       0x7c /opt/devkitpro/devkitARM/bin/../lib/gcc/arm-none-eabi/13.2.0/../../../../arm-none-eabi/lib/libsysbase.a(libsysbase_libsysbase_a-fstat.o)
                0x02023864                _fstat_r
 .text._getpid_r
                0x020238e0       0x14 /opt/devkitpro/devkitARM/bin/../lib/gcc/arm-none-eabi/13.2.0/../../../../arm-none-eabi/lib/libsysbase.a(libsysbase_libsysbase_a-getpid.o)
                0x020238e0                _getpid_r
 .text.__getreent
                0x020238f4       0x30 /opt/devkitpro/devkitARM/bin/../lib/gcc/arm-none-eabi/13.2.0/../../../../arm-none-eabi/lib/libsysbase.a(libsysbase_libsysbase_a-getreent.o)
                0x020238f4                __getreent
 .text._gettimeofday_r
                0x02023924       0x34 /opt/devkitpro/devkitARM/bin/../lib/gcc/arm-none-eabi/13.2.0/../../../../arm-none-eabi/lib/libsysbase.a(libsysbase_libsysbase_a-gettod.o)
                0x02023924                _gettimeofday_r
 .text.__release_handle
                0x02023958       0x90 /opt/devkitpro/devkitARM/bin/../lib/gcc/arm-none-eabi/13.2.0/../../../../arm-none-eabi/lib/libsysbase.a(libsysbase_libsysbase_a-handle_manager.o)
                0x02023958                __release_handle
 .text.__alloc_handle
                0x020239e8       0xb4 /opt/devkitpro/devkitARM/bin/../lib/gcc/arm-none-eabi/13.2.0/../../../../arm-none-eabi/lib/libsysbase.a(libsysbase_libsysbase_a-handle_manager.o)
                0x020239e8                __alloc_handle
 .text.__get_handle
                0x02023a9c       0x40 /opt/devkitpro/devkitARM/bin/../lib/gcc/arm-none-eabi/13.2.0/../../../../arm-none-eabi/lib/libsysbase.a(libsysbase_libsysbase_a-handle_manager.o)
                0x02023a9c                __get_handle
 .text._close_r
                0x02023adc       0xfc /opt/devkitpro/devkitARM/bin/../lib/gcc/arm-none-eabi/13.2.0/../../../../arm-none-eabi/lib/libsysbase.a(libsysbase_libsysbase_a-handle_manager.o)
                0x02023adc                _close_r
 .text.null_write
                0x02023bd8        0x8 /opt/devkitpro/devkitARM/bin/../lib/gcc/arm-none-eabi/13.2.0/../../../../arm-none-eabi/lib/libsysbase.a(libsysbase_libsysbase_a-iosupport.o)
 .text.setDefaultDevice
                0x02023be0       0x18 /opt/devkitpro/devkitARM/bin/../lib/gcc/arm-none-eabi/13.2.0/../../../../arm-none-eabi/lib/libsysbase.a(libsysbase_libsysbase_a-iosupport.o)
                0x02023be0                setDefaultDevice
 .text.FindDevice
                0x02023bf8       0xd4 /opt/devkitpro/devkitARM/bin/../lib/gcc/arm-none-eabi/13.2.0/../../../../arm-none-eabi/lib/libsysbase.a(libsysbase_libsysbase_a-iosupport.o)
                0x02023bf8                FindDevice
 .text.AddDevice
                0x02023ccc       0xa4 /opt/devkitpro/devkitARM/bin/../lib/gcc/arm-none-eabi/13.2.0/../../../../arm-none-eabi/lib/libsysbase.a(libsysbase_libsysbase_a-iosupport.o)
                0x02023ccc                AddDevice
 .text.GetDeviceOpTab
                0x02023d70       0x24 /opt/devkitpro/devkitARM/bin/../lib/gcc/arm-none-eabi/13.2.0/../../../../arm-none-eabi/lib/libsysbase.a(libsysbase_libsysbase_a-iosupport.o)
                0x02023d70                GetDeviceOpTab
 .text._isatty_r
                0x02023d94        0x8 /opt/devkitpro/devkitARM/bin/../lib/gcc/arm-none-eabi/13.2.0/../../../../arm-none-eabi/lib/libsysbase.a(libsysbase_libsysbase_a-isatty.o)
                0x02023d94                _isatty_r
 .text._kill_r  0x02023d9c       0x14 /opt/devkitpro/devkitARM/bin/../lib/gcc/arm-none-eabi/13.2.0/../../../../arm-none-eabi/lib/libsysbase.a(libsysbase_libsysbase_a-kill.o)
                0x02023d9c                _kill_r
 .text._lseek_r
                0x02023db0       0x88 /opt/devkitpro/devkitARM/bin/../lib/gcc/arm-none-eabi/13.2.0/../../../../arm-none-eabi/lib/libsysbase.a(libsysbase_libsysbase_a-lseek.o)
                0x02023db0                _lseek_r
 .text._open_r  0x02023e38       0xc4 /opt/devkitpro/devkitARM/bin/../lib/gcc/arm-none-eabi/13.2.0/../../../../arm-none-eabi/lib/libsysbase.a(libsysbase_libsysbase_a-open.o)
                0x02023e38                _open_r
 .text._read_r  0x02023efc       0x84 /opt/devkitpro/devkitARM/bin/../lib/gcc/arm-none-eabi/13.2.0/../../../../arm-none-eabi/lib/libsysbase.a(libsysbase_libsysbase_a-read.o)
                0x02023efc                _read_r
 .text._sbrk_r  0x02023f80       0x7c /opt/devkitpro/devkitARM/bin/../lib/gcc/arm-none-eabi/13.2.0/../../../../arm-none-eabi/lib/libsysbase.a(libsysbase_libsysbase_a-sbrk.o)
                0x02023f80                _sbrk_r
 .text._stat_r  0x02023ffc       0x74 /opt/devkitpro/devkitARM/bin/../lib/gcc/arm-none-eabi/13.2.0/../../../../arm-none-eabi/lib/libsysbase.a(libsysbase_libsysbase_a-stat.o)
                0x02023ffc                _stat_r
 .text.__libc_lock_acquire
                0x02024070       0x20 /opt/devkitpro/devkitARM/bin/../lib/gcc/arm-none-eabi/13.2.0/../../../../arm-none-eabi/lib/libsysbase.a(libsysbase_libsysbase_a-syscall_support.o)
                0x02024070                __libc_lock_acquire
 .text.__libc_lock_release
                0x02024090       0x20 /opt/devkitpro/devkitARM/bin/../lib/gcc/arm-none-eabi/13.2.0/../../../../arm-none-eabi/lib/libsysbase.a(libsysbase_libsysbase_a-syscall_support.o)
                0x02024090                __libc_lock_release
 .text.__libc_lock_acquire_recursive
                0x020240b0       0x20 /opt/devkitpro/devkitARM/bin/../lib/gcc/arm-none-eabi/13.2.0/../../../../arm-none-eabi/lib/libsysbase.a(libsysbase_libsysbase_a-syscall_support.o)
                0x020240b0                __libc_lock_acquire_recursive
 .text.__libc_lock_release_recursive
                0x020240d0       0x20 /opt/devkitpro/devkitARM/bin/../lib/gcc/arm-none-eabi/13.2.0/../../../../arm-none-eabi/lib/libsysbase.a(libsysbase_libsysbase_a-syscall_support.o)
                0x020240d0                __libc_lock_release_recursive
 .text._write_r
                0x020240f0       0x84 /opt/devkitpro/devkitARM/bin/../lib/gcc/arm-none-eabi/13.2.0/../../../../arm-none-eabi/lib/libsysbase.a(libsysbase_libsysbase_a-write.o)
                0x020240f0                _write_r
 *fill*         0x02024174        0x4 ff
 .text._write_r.__stub
                0x02024178      0x368 linker stubs
 *(EXCLUDE_FILE(*.twl*) .gnu.warning)
 *(EXCLUDE_FILE(*.twl*) .gnu.linkonce.t*)
 *(.glue_7)
 .glue_7        0x02024558        0x0 linker stubs
 *(.glue_7t)
 .glue_7t       0x02024558        0x0 linker stubs
                0x02024558                        . = ALIGN (0x4)

.vfp11_veneer   0x02024558        0x0
 .vfp11_veneer  0x02024558        0x0 linker stubs

.v4_bx          0x02024558        0x0
 .v4_bx         0x02024558        0x0 linker stubs

.iplt           0x02024558        0x0
 .iplt          0x02024558        0x0 /opt/devkitpro/devkitARM/bin/../lib/gcc/arm-none-eabi/13.2.0/../../../../arm-none-eabi/lib/ds_arm9_crt0.o

.fini           0x02024558       0x18
 *(.fini)
 .fini          0x02024558        0xc /opt/devkitpro/devkitARM/bin/../lib/gcc/arm-none-eabi/13.2.0/crti.o
                0x02024558                _fini
 .fini          0x02024564        0xc /opt/devkitpro/devkitARM/bin/../lib/gcc/arm-none-eabi/13.2.0/crtn.o
                0x02024570                        __text_end = .

.rodata         0x02024570     0x6aa0
 *(EXCLUDE_FILE(*.twl*) .rodata)
 .rodata        0x02024570       0x50 /opt/devkitpro/nflib/lib/libnflib.a(nf_basic.o)
 .rodata        0x020245c0       0x90 /opt/devkitpro/nflib/lib/libnflib.a(nf_sprite256.o)
 .rodata        0x02024650      0x170 /opt/devkitpro/nflib/lib/libnflib.a(nf_text.o)
 *all.rodata*(*)
 *(EXCLUDE_FILE(*.twl*) .roda)
 *(EXCLUDE_FILE(*.twl*) .rodata.*)
 .rodata.str1.4
                0x020247c0      0xa3c main.o
                                 0xa1 (size before relaxing)
 .rodata.str1.4
                0x020251fc       0x27 /opt/devkitpro/nflib/lib/libnflib.a(nf_2d.o)
 .rodata.str1.4
                0x020251fc      0x667 /opt/devkitpro/nflib/lib/libnflib.a(nf_basic.o)
 .rodata.str1.4
                0x020251fc       0x36 /opt/devkitpro/nflib/lib/libnflib.a(nf_collision.o)
 .rodata.str1.4
                0x020251fc       0x87 /opt/devkitpro/nflib/lib/libnflib.a(nf_sprite256.o)
 .rodata.str1.4
                0x020251fc       0x35 /opt/devkitpro/nflib/lib/libnflib.a(nf_text.o)
 .rodata.str1.4
                0x020251fc       0x70 /opt/devkitpro/nflib/lib/libnflib.a(nf_tiledbg.o)
 .rodata.nitroFSInit.str1.4
                0x020251fc        0x8 /opt/devkitpro/libnds/lib/libfilesystem.a(nitrofs.o)
 .rodata.str1.4
                0x020251fc        0xe /opt/devkitpro/libnds/lib/libfilesystem.a(nitrofs.o)
 .rodata.fatMount.part.0.str1.4
                0x020251fc        0x2 /opt/devkitpro/libnds/lib/libfat.a(libfat.o)
 .rodata.fatInit.str1.4
                0x020251fc        0x3 /opt/devkitpro/libnds/lib/libfat.a(libfat.o)
 .rodata.str1.4
                0x020251fc        0x4 /opt/devkitpro/libnds/lib/libfat.a(libfat.o)
 .rodata.dotab_fat
                0x020251fc       0x70 /opt/devkitpro/libnds/lib/libfat.a(libfat.o)
 .rodata.str1.4
                0x0202526c        0x8 /opt/devkitpro/libnds/lib/libfat.a(disc.o)
 .rodata._FAT_disc_interfaces
                0x0202526c       0x18 /opt/devkitpro/libnds/lib/libfat.a(disc.o)
                0x0202526c                _FAT_disc_interfaces
 .rodata._FAT_directory_entryFromPath.str1.4
                0x02025284        0x7 /opt/devkitpro/libnds/lib/libfat.a(directory.o)
 .rodata.ILLEGAL_ALIAS_CHARACTERS
                0x02025284       0x12 /opt/devkitpro/libnds/lib/libfat.a(directory.o)
 *fill*         0x02025296        0x2 ff
 .rodata.ILLEGAL_LFN_CHARACTERS
                0x02025298        0xa /opt/devkitpro/libnds/lib/libfat.a(directory.o)
 *fill*         0x020252a2        0x2 ff
 .rodata.LFN_offset_table
                0x020252a4       0x34 /opt/devkitpro/libnds/lib/libfat.a(directory.o)
 .rodata.FAT_SIG
                0x020252d8        0x3 /opt/devkitpro/libnds/lib/libfat.a(partition.o)
 *fill*         0x020252db        0x1 ff
 .rodata.FS_TWL_SIG
                0x020252dc        0x8 /opt/devkitpro/libnds/lib/libfat.a(partition.o)
 .rodata.con_write.str1.4
                0x020252e4       0x30 /opt/devkitpro/libnds/lib/libnds9.a(console.o)
 .rodata.con_write
                0x020252e4       0xd4 /opt/devkitpro/libnds/lib/libnds9.a(console.o)
 .rodata.str1.4
                0x020253b8       0x14 /opt/devkitpro/libnds/lib/libnds9.a(console.o)
 .rodata.dotab_stdout
                0x020253b8       0x70 /opt/devkitpro/libnds/lib/libnds9.a(console.o)
 .rodata.default_font_bin
                0x02025428     0x2000 /opt/devkitpro/libnds/lib/libnds9.a(default_font.bin.o)
                0x02025428                default_font_bin
                0x02027428                default_font_bin_end
 .rodata.SIN_LUT
                0x02027428      0x102 /opt/devkitpro/libnds/lib/libnds9.a(trig.o)
                0x02027428                SIN_LUT
 .rodata._mbrtowc_r.str1.4
                0x0202752a        0x1 /opt/devkitpro/devkitARM/bin/../lib/gcc/arm-none-eabi/13.2.0/../../../../arm-none-eabi/lib/libg.a(libc_a-mbrtowc.o)
 *fill*         0x0202752a        0x2 ff
 .rodata._ctype_
                0x0202752c      0x101 /opt/devkitpro/devkitARM/bin/../lib/gcc/arm-none-eabi/13.2.0/../../../../arm-none-eabi/lib/libg.a(libc_a-ctype_.o)
                0x0202752c                _ctype_
 .rodata._puts_r.str1.4
                0x0202762d        0x2 /opt/devkitpro/devkitARM/bin/../lib/gcc/arm-none-eabi/13.2.0/../../../../arm-none-eabi/lib/libg.a(libc_a-puts.o)
 *fill*         0x0202762d        0x3 ff
 .rodata.basefix.0
                0x02027630       0x22 /opt/devkitpro/devkitARM/bin/../lib/gcc/arm-none-eabi/13.2.0/../../../../arm-none-eabi/lib/libg.a(libc_a-svfiscanf.o)
 .rodata._svfprintf_r.str1.1
                0x02027652       0x3b /opt/devkitpro/devkitARM/bin/../lib/gcc/arm-none-eabi/13.2.0/../../../../arm-none-eabi/lib/libg.a(libc_a-svfprintf.o)
 *fill*         0x0202768d        0x3 ff
 .rodata.zeroes.0
                0x02027690       0x10 /opt/devkitpro/devkitARM/bin/../lib/gcc/arm-none-eabi/13.2.0/../../../../arm-none-eabi/lib/libg.a(libc_a-svfprintf.o)
 .rodata.blanks.1
                0x020276a0       0x10 /opt/devkitpro/devkitARM/bin/../lib/gcc/arm-none-eabi/13.2.0/../../../../arm-none-eabi/lib/libg.a(libc_a-svfprintf.o)
 .rodata._DAYS_BEFORE_MONTH
                0x020276b0       0x30 /opt/devkitpro/devkitARM/bin/../lib/gcc/arm-none-eabi/13.2.0/../../../../arm-none-eabi/lib/libg.a(libc_a-mktime.o)
 .rodata.DAYS_IN_MONTH
                0x020276e0       0x30 /opt/devkitpro/devkitARM/bin/../lib/gcc/arm-none-eabi/13.2.0/../../../../arm-none-eabi/lib/libg.a(libc_a-mktime.o)
 .rodata._tzset_unlocked_r.str1.4
                0x02027710       0x6b /opt/devkitpro/devkitARM/bin/../lib/gcc/arm-none-eabi/13.2.0/../../../../arm-none-eabi/lib/libg.a(libc_a-tzset_r.o)
 .rodata.__month_lengths
                0x02027710       0x60 /opt/devkitpro/devkitARM/bin/../lib/gcc/arm-none-eabi/13.2.0/../../../../arm-none-eabi/lib/libg.a(libc_a-month_lengths.o)
                0x02027710                __month_lengths
 .rodata.str1.4
                0x02027770        0x4 /opt/devkitpro/devkitARM/bin/../lib/gcc/arm-none-eabi/13.2.0/../../../../arm-none-eabi/lib/libg.a(libc_a-tzvars.o)
 .rodata.str1.4
                0x02027770       0x4c /opt/devkitpro/devkitARM/bin/../lib/gcc/arm-none-eabi/13.2.0/../../../../arm-none-eabi/lib/libg.a(libc_a-locale.o)
 .rodata.categories
                0x02027770     0x3528 /opt/devkitpro/devkitARM/bin/../lib/gcc/arm-none-eabi/13.2.0/../../../../arm-none-eabi/lib/libg.a(libc_a-categories.o)
 .rodata._vfiprintf_r.str1.1
                0x0202ac98       0x29 /opt/devkitpro/devkitARM/bin/../lib/gcc/arm-none-eabi/13.2.0/../../../../arm-none-eabi/lib/libg.a(libc_a-vfiprintf.o)
 .rodata.zeroes.0
                0x0202ac98       0x10 /opt/devkitpro/devkitARM/bin/../lib/gcc/arm-none-eabi/13.2.0/../../../../arm-none-eabi/lib/libg.a(libc_a-vfiprintf.o)
 .rodata.blanks.1
                0x0202aca8       0x10 /opt/devkitpro/devkitARM/bin/../lib/gcc/arm-none-eabi/13.2.0/../../../../arm-none-eabi/lib/libg.a(libc_a-vfiprintf.o)
 .rodata.__action_table
                0x0202acb8       0x6c /opt/devkitpro/devkitARM/bin/../lib/gcc/arm-none-eabi/13.2.0/../../../../arm-none-eabi/lib/libg.a(libc_a-svfiprintf.o)
                0x0202acb8                __action_table
 .rodata.__state_table
                0x0202ad24       0x6c /opt/devkitpro/devkitARM/bin/../lib/gcc/arm-none-eabi/13.2.0/../../../../arm-none-eabi/lib/libg.a(libc_a-svfiprintf.o)
                0x0202ad24                __state_table
 .rodata.__chclass
                0x0202ad90      0x100 /opt/devkitpro/devkitARM/bin/../lib/gcc/arm-none-eabi/13.2.0/../../../../arm-none-eabi/lib/libg.a(libc_a-svfiprintf.o)
                0x0202ad90                __chclass
 .rodata._dtoa_r.str1.4
                0x0202ae90       0x64 /opt/devkitpro/devkitARM/bin/../lib/gcc/arm-none-eabi/13.2.0/../../../../arm-none-eabi/lib/libg.a(libc_a-dtoa.o)
 .rodata.__multadd.str1.4
                0x0202ae90       0x51 /opt/devkitpro/devkitARM/bin/../lib/gcc/arm-none-eabi/13.2.0/../../../../arm-none-eabi/lib/libg.a(libc_a-mprec.o)
 .rodata.p05.0  0x0202ae90        0xc /opt/devkitpro/devkitARM/bin/../lib/gcc/arm-none-eabi/13.2.0/../../../../arm-none-eabi/lib/libg.a(libc_a-mprec.o)
 *fill*         0x0202ae9c        0x4 ff
 .rodata.__mprec_bigtens
                0x0202aea0       0x28 /opt/devkitpro/devkitARM/bin/../lib/gcc/arm-none-eabi/13.2.0/../../../../arm-none-eabi/lib/libg.a(libc_a-mprec.o)
                0x0202aea0                __mprec_bigtens
 .rodata.__mprec_tens
                0x0202aec8       0xc8 /opt/devkitpro/devkitARM/bin/../lib/gcc/arm-none-eabi/13.2.0/../../../../arm-none-eabi/lib/libg.a(libc_a-mprec.o)
                0x0202aec8                __mprec_tens
 .rodata.__assert_func.str1.4
                0x0202af90       0x43 /opt/devkitpro/devkitARM/bin/../lib/gcc/arm-none-eabi/13.2.0/../../../../arm-none-eabi/lib/libg.a(libc_a-assert.o)
 .rodata.AddDevice.str1.4
                0x0202af90        0x8 /opt/devkitpro/devkitARM/bin/../lib/gcc/arm-none-eabi/13.2.0/../../../../arm-none-eabi/lib/libsysbase.a(libsysbase_libsysbase_a-iosupport.o)
 .rodata.dotab_stdnull
                0x0202af90       0x80 /opt/devkitpro/devkitARM/bin/../lib/gcc/arm-none-eabi/13.2.0/../../../../arm-none-eabi/lib/libsysbase.a(libsysbase_libsysbase_a-iosupport.o)
                0x0202af90                dotab_stdnull
 *(EXCLUDE_FILE(*.twl*) .gnu.linkonce.r*)
                0x0202b010                        . = ALIGN (0x4)

.ARM.extab
 *(.ARM.extab* .gnu.linkonce.armextab.*)
                0x0202b010                        __exidx_start = .

ARM.exidx
 *(.ARM.exidx* .gnu.linkonce.armexidx.*)
                0x0202b010                        __exidx_end = .
                0x0202b010                        . = ALIGN (0x4)
                0x0202b010                        PROVIDE (__preinit_array_start = .)

.preinit_array
 *(.preinit_array)
                0x0202b010                        PROVIDE (__preinit_array_end = .)
                0x0202b010                        PROVIDE (__init_array_start = .)

.init_array     0x0202b010        0x4
 *(SORT_BY_NAME(.init_array.*))
 *(.init_array)
 .init_array    0x0202b010        0x4 /opt/devkitpro/devkitARM/bin/../lib/gcc/arm-none-eabi/13.2.0/crtbegin.o
                0x0202b014                        PROVIDE (__init_array_end = .)
                [!provide]                        PROVIDE (__fini_array_start = .)

.fini_array     0x0202b014        0x4
 *(.fini_array)
 .fini_array    0x0202b014        0x4 /opt/devkitpro/devkitARM/bin/../lib/gcc/arm-none-eabi/13.2.0/crtbegin.o
 *(SORT_BY_NAME(.fini_array.*))
                [!provide]                        PROVIDE (__fini_array_end = .)

.ctors          0x0202b018        0x0
 *crtbegin.o(.ctors)
 *(EXCLUDE_FILE(*crtend.o) .ctors)
 *(SORT_BY_NAME(.ctors.*))
 *(.ctors)
                0x0202b018                        . = ALIGN (0x4)

.dtors          0x0202b018        0x0
 *crtbegin.o(.dtors)
 *(EXCLUDE_FILE(*crtend.o) .dtors)
 *(SORT_BY_NAME(.dtors.*))
 *(.dtors)
                0x0202b018                        . = ALIGN (0x4)

.eh_frame       0x0202b018        0x4
 *(.eh_frame)
 .eh_frame      0x0202b018        0x0 /opt/devkitpro/devkitARM/bin/../lib/gcc/arm-none-eabi/13.2.0/crtbegin.o
 .eh_frame      0x0202b018        0x4 /opt/devkitpro/devkitARM/bin/../lib/gcc/arm-none-eabi/13.2.0/crtend.o
                0x0202b01c                        . = ALIGN (0x4)

.gcc_except_table
                0x0202b01c        0x0
 *(.gcc_except_table)
                0x0202b01c                        . = ALIGN (0x4)

.jcr
 *(.jcr)

.got
 *(.got.plt)
 *(.got)
 *(.rel.got)

.ewram          0x0202b01c        0x0
                0x0202b01c                        __ewram_start = ABSOLUTE (.)
 *(.ewram)
 *ewram.*(.text)
                0x0202b01c                        . = ALIGN (0x4)

.data           0x0202b01c     0x2524
                0x0202b01c                        __data_start = ABSOLUTE (.)
 *(EXCLUDE_FILE(*.twl*) .data)
 .data          0x0202b01c       0x28 /opt/devkitpro/libnds/lib/libnds9.a(mpu_setup.o)
 *(EXCLUDE_FILE(*.twl*) .data.*)
 .data.ndsFileFD
                0x0202b044        0x4 /opt/devkitpro/libnds/lib/libfilesystem.a(nitrofs.o)
 .data.nitroFSdevoptab
                0x0202b048       0x70 /opt/devkitpro/libnds/lib/libfilesystem.a(nitrofs.o)
                0x0202b048                nitroFSdevoptab
 .data.syspaths
                0x0202b0b8        0x8 /opt/devkitpro/libnds/lib/libfilesystem.a(nitrofs.o)
                0x0202b0b8                syspaths
 .data.currentConsole
                0x0202b0c0        0x4 /opt/devkitpro/libnds/lib/libnds9.a(console.o)
                0x0202b0c0                currentConsole
 .data.defaultConsole
                0x0202b0c4       0x5c /opt/devkitpro/libnds/lib/libnds9.a(console.o)
                0x0202b0c4                defaultConsole
 .data.firstConsoleInit.0
                0x0202b120        0x1 /opt/devkitpro/libnds/lib/libnds9.a(console.o)
 *fill*         0x0202b121        0x3 ff
 .data.oamMain  0x0202b124       0x18 /opt/devkitpro/libnds/lib/libnds9.a(sprite.o)
                0x0202b124                oamMain
 .data.oamSub   0x0202b13c       0x18 /opt/devkitpro/libnds/lib/libnds9.a(sprite.o)
                0x0202b13c                oamSub
 .data.count    0x0202b154        0x1 /opt/devkitpro/libnds/lib/libnds9.a(keys.o)
 .data.delay    0x0202b155        0x1 /opt/devkitpro/libnds/lib/libnds9.a(keys.o)
 .data.repeat   0x0202b156        0x1 /opt/devkitpro/libnds/lib/libnds9.a(keys.o)
 *fill*         0x0202b157        0x1 ff
 .data.fifo_buffer_free
                0x0202b158        0x4 /opt/devkitpro/libnds/lib/libnds9.a(fifosystem.o)
                0x0202b158                fifo_buffer_free
 .data.fifo_freewords
                0x0202b15c        0x4 /opt/devkitpro/libnds/lib/libnds9.a(fifosystem.o)
                0x0202b15c                fifo_freewords
 .data.fifo_receive_queue
                0x0202b160        0x4 /opt/devkitpro/libnds/lib/libnds9.a(fifosystem.o)
                0x0202b160                fifo_receive_queue
 .data.fifo_send_queue
                0x0202b164        0x4 /opt/devkitpro/libnds/lib/libnds9.a(fifosystem.o)
                0x0202b164                fifo_send_queue
 .data.bgControl
                0x0202b168       0x20 /opt/devkitpro/libnds/lib/libnds9.a(background.o)
                0x0202b168                bgControl
 .data.bgScrollTable
                0x0202b188       0x20 /opt/devkitpro/libnds/lib/libnds9.a(background.o)
                0x0202b188                bgScrollTable
 .data.bgTransform
                0x0202b1a8       0x20 /opt/devkitpro/libnds/lib/libnds9.a(background.o)
                0x0202b1a8                bgTransform
 .data.__malloc_sbrk_base
                0x0202b1c8        0x4 /opt/devkitpro/devkitARM/bin/../lib/gcc/arm-none-eabi/13.2.0/../../../../arm-none-eabi/lib/libg.a(libc_a-mallocr.o)
                0x0202b1c8                __malloc_sbrk_base
 .data.__malloc_trim_threshold
                0x0202b1cc        0x4 /opt/devkitpro/devkitARM/bin/../lib/gcc/arm-none-eabi/13.2.0/../../../../arm-none-eabi/lib/libg.a(libc_a-mallocr.o)
                0x0202b1cc                __malloc_trim_threshold
 .data.__malloc_av_
                0x0202b1d0      0x408 /opt/devkitpro/devkitARM/bin/../lib/gcc/arm-none-eabi/13.2.0/../../../../arm-none-eabi/lib/libg.a(libc_a-mallocr.o)
                0x0202b1d0                __malloc_av_
 .data.__sglue  0x0202b5d8        0xc /opt/devkitpro/devkitARM/bin/../lib/gcc/arm-none-eabi/13.2.0/../../../../arm-none-eabi/lib/libg.a(libc_a-findfp.o)
                0x0202b5d8                __sglue
 .data._tzname  0x0202b5e4        0x8 /opt/devkitpro/devkitARM/bin/../lib/gcc/arm-none-eabi/13.2.0/../../../../arm-none-eabi/lib/libg.a(libc_a-tzvars.o)
                0x0202b5e4                _tzname
 *fill*         0x0202b5ec        0x4 ff
 .data.tzinfo   0x0202b5f0       0x58 /opt/devkitpro/devkitARM/bin/../lib/gcc/arm-none-eabi/13.2.0/../../../../arm-none-eabi/lib/libg.a(libc_a-gettzinfo.o)
 .data.__global_locale
                0x0202b648      0x16c /opt/devkitpro/devkitARM/bin/../lib/gcc/arm-none-eabi/13.2.0/../../../../arm-none-eabi/lib/libg.a(libc_a-locale.o)
                0x0202b648                __global_locale
 .data._impure_ptr
                0x0202b7b4        0x4 /opt/devkitpro/devkitARM/bin/../lib/gcc/arm-none-eabi/13.2.0/../../../../arm-none-eabi/lib/libg.a(libc_a-impure.o)
                0x0202b7b4                _impure_ptr
 .data._impure_data
                0x0202b7b8      0x120 /opt/devkitpro/devkitARM/bin/../lib/gcc/arm-none-eabi/13.2.0/../../../../arm-none-eabi/lib/libg.a(libc_a-impure.o)
                0x0202b7b8                _impure_data
 .data.caseconv_table
                0x0202b8d8      0x7b0 /opt/devkitpro/devkitARM/bin/../lib/gcc/arm-none-eabi/13.2.0/../../../../arm-none-eabi/lib/libg.a(libc_a-towctrans_l.o)
 .data.environ  0x0202c088        0x4 /opt/devkitpro/devkitARM/bin/../lib/gcc/arm-none-eabi/13.2.0/../../../../arm-none-eabi/lib/libg.a(libc_a-environ.o)
                0x0202c088                environ
 .data._current_working_directory
                0x0202c08c      0x400 /opt/devkitpro/devkitARM/bin/../lib/gcc/arm-none-eabi/13.2.0/../../../../arm-none-eabi/lib/libsysbase.a(libsysbase_libsysbase_a-chdir.o)
 .data.handles  0x0202c48c     0x1000 /opt/devkitpro/devkitARM/bin/../lib/gcc/arm-none-eabi/13.2.0/../../../../arm-none-eabi/lib/libsysbase.a(libsysbase_libsysbase_a-handle_manager.o)