Archive member included to satisfy reference by file (symbol)

/opt/blocksds/external/nflib/lib/libnflib.a(nf_basic.c.o)
                              build/test_repository/source/main.c.o (NF_SetRootFolder)
/opt/blocksds/external/nflib/lib/libnflib.a(nf_collision.c.o)
                              build/test_repository/source/main.c.o (NF_InitCmapBuffers)
/opt/blocksds/external/nflib/lib/libnflib.a(nf_text.c.o)
                              build/test_repository/source/main.c.o (NF_InitTextSys)
/opt/blocksds/external/nflib/lib/libnflib.a(nf_tiledbg.c.o)
                              build/test_repository/source/main.c.o (NF_InitTiledBgBuffers)
/opt/blocksds/external/nflib/lib/libnflib.a(nf_2d.c.o)
                              build/test_repository/source/main.c.o (NF_Set2D)
/opt/blocksds/external/nflib/lib/libnflib.a(nf_sprite256.c.o)
                              build/test_repository/source/main.c.o (NF_InitSpriteBuffers)
/opt/blocksds/core/libs/libnds/lib/libnds9.a(IntrWait.s.o)
                              build/test_repository/source/main.c.o (swiWaitForVBlank)
/opt/blocksds/core/libs/libnds/lib/libnds9.a(mpu_setup.s.o)
                              /opt/blocksds/core/sys/crts/ds_arm9_crt0.o (__libnds_mpu_setup)
/opt/blocksds/core/libs/libnds/lib/libnds9.a(cp15.s.o)
                              /opt/blocksds/core/libs/libnds/lib/libnds9.a(mpu_setup.s.o) (CP15_FlushICache)
/opt/blocksds/core/libs/libnds/lib/libnds9.a(dma.s.o)
                              /opt/blocksds/external/nflib/lib/libnflib.a(nf_basic.c.o) (dmaSetParams)
/opt/blocksds/core/libs/libnds/lib/libnds9.a(memset.s.o)
                              /opt/blocksds/external/nflib/lib/libnflib.a(nf_text.c.o) (memset)
/opt/blocksds/core/libs/libnds/lib/libnds9.a(memcpy.s.o)
                              /opt/blocksds/external/nflib/lib/libnflib.a(nf_basic.c.o) (memcpy)
/opt/blocksds/core/libs/libnds/lib/libnds9.a(console.c.o)
                              build/test_repository/source/main.c.o (consoleDemoInit)
/opt/blocksds/core/libs/libnds/lib/libnds9.a(background.c.o)
                              /opt/blocksds/core/libs/libnds/lib/libnds9.a(console.c.o) (bgState)
/opt/blocksds/core/libs/libnds/lib/libnds9.a(sprite.c.o)
                              /opt/blocksds/external/nflib/lib/libnflib.a(nf_sprite256.c.o) (oamInit)
/opt/blocksds/core/libs/libnds/lib/libnds9.a(video.c.o)
                              /opt/blocksds/external/nflib/lib/libnflib.a(nf_basic.c.o) (setBrightness)
/opt/blocksds/core/libs/libnds/lib/libnds9.a(cache.c.o)
                              /opt/blocksds/external/nflib/lib/libnflib.a(nf_basic.c.o) (CP15_CleanAndFlushDCacheRange)
/opt/blocksds/core/libs/libnds/lib/libnds9.a(initSystem.c.o)
                              /opt/blocksds/core/sys/crts/ds_arm9_crt0.o (initSystem)
/opt/blocksds/core/libs/libnds/lib/libnds9.a(keys.c.o)
                              build/test_repository/source/main.c.o (scanKeys)
/opt/blocksds/core/libs/libnds/lib/libnds9.a(system.c.o)
                              /opt/blocksds/core/libs/libnds/lib/libnds9.a(initSystem.c.o) (systemValueHandler)
/opt/blocksds/core/libs/libnds/lib/libnds9.a(securearea.c.o)
                              /opt/blocksds/core/sys/crts/ds_arm9_crt0.o (__secure_area__)
/opt/blocksds/core/libs/libnds/lib/libnds9.a(exceptions.c.o)
                              /opt/blocksds/core/libs/libnds/lib/libnds9.a(system.c.o) (exceptionStatePrint)
/opt/blocksds/core/libs/libnds/lib/libnds9.a(chdir.c.o)
                              /opt/blocksds/external/nflib/lib/libnflib.a(nf_basic.c.o) (chdir)
/opt/blocksds/core/libs/libnds/lib/libnds9.a(nitrofs.c.o)
                              /opt/blocksds/core/libs/libnds/lib/libnds9.a(chdir.c.o) (nitrofs_getcwd)
/opt/blocksds/core/libs/libnds/lib/libnds9.a(iob.c.o)
                              /opt/blocksds/core/libs/libnds/lib/libnds9.a(console.c.o) (stderr)
/opt/blocksds/core/libs/libnds/lib/libnds9.a(fatfs.c.o)
                              /opt/blocksds/core/libs/libnds/lib/libnds9.a(chdir.c.o) (fatfs_error_to_posix)
/opt/blocksds/core/libs/libnds/lib/libnds9.a(crt0_argv.c.o)
                              /opt/blocksds/core/sys/crts/ds_arm9_crt0.o (build_argv)
/opt/blocksds/core/libs/libnds/lib/libnds9.a(filesystem.c.o)
                              /opt/blocksds/external/nflib/lib/libnflib.a(nf_basic.c.o) (access)
/opt/blocksds/core/libs/libnds/lib/libnds9.a(cache.c.o)
                              /opt/blocksds/core/libs/libnds/lib/libnds9.a(nitrofs.c.o) (cache_initialized)
/opt/blocksds/core/libs/libnds/lib/libnds9.a(debugprint.c.o)
                              /opt/blocksds/core/libs/libnds/lib/libnds9.a(console.c.o) (nocash_putc_buffered)
/opt/blocksds/core/libs/libnds/lib/libnds9.a(threads.c.o)
                              /opt/blocksds/core/sys/crts/ds_arm9_crt0.o (init_tls)
/opt/blocksds/core/libs/libnds/lib/libnds9.a(interrupts.c.o)
[...]
Memory Configuration

Name             Origin             Length             Attributes
ewram            0x02000000         0x00380000
dtcm             0x02ff0000         0x00004000
itcm             0x01000000         0x00008000
*default*        0x00000000         0xffffffff

Linker script and memory map

                0x00000000                        PROVIDE (__dtcm_data_size = 0x0)
                0x00000001                        ASSERT (((__dtcm_data_size & 0x3) == 0x0), __dtcm_data_size must be a multiple of 4)
                0x00004000                        PROVIDE (__dldi_size = 0x4000)
                0x00000040                        PROVIDE (__dtcm_reserved_size = 0x40)
                0x00000001                        ASSERT (((__dtcm_reserved_size & 0x3) == 0x0), __dtcm_reserved_size must be a multiple of 4)
                0x00000100                        PROVIDE (__svc_stack_size = 0x100)
                0x00000001                        ASSERT (((__svc_stack_size & 0x3) == 0x0), __svc_stack_size must be a multiple of 4)
                0x00000100                        PROVIDE (__irq_stack_size = 0x100)
                0x00000001                        ASSERT (((__irq_stack_size & 0x3) == 0x0), __irq_stack_size must be a multiple of 4)
                0x00000000                        PROVIDE (__usr_stack_size = 0x0)
                0x00000001                        ASSERT (((__usr_stack_size & 0x3) == 0x0), __usr_stack_size must be a multiple of 4)
                0x02380000                        __ewram_end = (ORIGIN (ewram) + LENGTH (ewram))
                0x02380000                        __eheap_end = (ORIGIN (ewram) + LENGTH (ewram))
                0x02ff0000                        __dtcm_start = ORIGIN (dtcm)
                0x02ff4000                        __dtcm_top = (ORIGIN (dtcm) + LENGTH (dtcm))
                0x02ff3ff8                        __irq_flags = (__dtcm_top - 0x8)
                0x02ff3ffc                        __irq_vector = (__dtcm_top - 0x4)
                0x02ff3fc0                        __sp_svc = (__dtcm_top - __dtcm_reserved_size)
                0x02ff3ec0                        __sp_irq = (__sp_svc - __svc_stack_size)
                0x02ff3dc0                        __sp_usr = ((__sp_irq - __irq_stack_size) - __dtcm_data_size)
                0x02ff0000                        __dtcm_data_start = (__dtcm_data_size > 0x0)?__sp_usr:ORIGIN (dtcm)
                0x02ff3dc0                        __dtcm_data_top = (__dtcm_data_size > 0x0)?(__sp_irq - __irq_stack_size):(__sp_usr - __usr_stack_size)
                0x0000000e                        __dldi_log2_size = (LOG2CEIL ((__dldi_size + 0x1)) - 0x1)

.secure         0x02000000      0x800
 *(.secure)
 .secure        0x02000000      0x800 /opt/blocksds/core/libs/libnds/lib/libnds9.a(securearea.c.o)
                0x02000000                __secure_area__

.crt0           0x02000800      0x2f4
                0x02000800                        __text_start = .
 *(.crt0)
 .crt0          0x02000800      0x2f4 /opt/blocksds/core/sys/crts/ds_arm9_crt0.o
                0x02000800                _start
                0x02000af4                        . = ALIGN (0x4)

.dldi           0x02000b00     0x4000
                0x02000b00                        __dldi_start = .
 *(.dldi)
 .dldi          0x02000b00       0x88 /opt/blocksds/core/libs/libnds/lib/libnds9.a(dldi_stub.s.o)
                0x02000b00                _io_dldi_stub
                0x02000b88                        . = ALIGN (0x4)
                0x02000b88                        __dldi_data_end = .
                0x02004b00                        __dldi_end = (__dldi_data_end > __dldi_start)?(__dldi_start + __dldi_size):__dldi_start
                0x02004b00                        . = __dldi_end
 *fill*         0x02000b88     0x3f78 00
                0x02004b00                        . = ALIGN (0x4)

.plt
 *(.plt)

.init           0x02004b00        0x8
 *(SORT_NONE(.init))
 .init          0x02004b00        0x8 /opt/wonderful/toolchain/gcc-arm-none-eabi/lib/gcc/arm-none-eabi/14.2.0/thumb/arm946e-s/crtn.o

.text           0x02004b08     0xf328
 *(EXCLUDE_FILE(*.twl* *.itcm*) .text)
 .text          0x02004b08       0x14 /opt/wonderful/toolchain/gcc-arm-none-eabi/lib/gcc/arm-none-eabi/14.2.0/../../../../arm-none-eabi/lib/thumb/arm946e-s/libc.a(strcmp.S.o)
                0x02004b08                strcmp
 .text          0x02004b1c        0xe /opt/wonderful/toolchain/gcc-arm-none-eabi/lib/gcc/arm-none-eabi/14.2.0/../../../../arm-none-eabi/lib/thumb/arm946e-s/libc.a(strlen.S.o)
                0x02004b1c                strlen
 *fill*         0x02004b2a        0x2 ff
 .text          0x02004b2c       0x14 /opt/wonderful/toolchain/gcc-arm-none-eabi/lib/gcc/arm-none-eabi/14.2.0/thumb/arm946e-s/libgcc.a(_thumb1_case_uqi.o)
                0x02004b2c                __gnu_thumb1_case_uqi
 .text          0x02004b40       0x14 /opt/wonderful/toolchain/gcc-arm-none-eabi/lib/gcc/arm-none-eabi/14.2.0/thumb/arm946e-s/libgcc.a(_thumb1_case_uhi.o)
                0x02004b40                __gnu_thumb1_case_uhi
 .text          0x02004b54      0x214 /opt/wonderful/toolchain/gcc-arm-none-eabi/lib/gcc/arm-none-eabi/14.2.0/thumb/arm946e-s/libgcc.a(_udivsi3.o)
                0x02004b54                __udivsi3
                0x02004b54                __aeabi_uidiv
                0x02004d48                __aeabi_uidivmod
 .text          0x02004d68      0x248 /opt/wonderful/toolchain/gcc-arm-none-eabi/lib/gcc/arm-none-eabi/14.2.0/thumb/arm946e-s/libgcc.a(_divsi3.o)
                0x02004d68                __aeabi_idiv
                0x02004d68                __divsi3
                0x02004f90                __aeabi_idivmod
 .text          0x02004fb0        0x4 /opt/wonderful/toolchain/gcc-arm-none-eabi/lib/gcc/arm-none-eabi/14.2.0/thumb/arm946e-s/libgcc.a(_dvmd_tls.o)
                0x02004fb0                __aeabi_ldiv0
                0x02004fb0                __aeabi_idiv0
 .text          0x02004fb4       0x18 /opt/wonderful/toolchain/gcc-arm-none-eabi/lib/gcc/arm-none-eabi/14.2.0/thumb/arm946e-s/libgcc.a(_lshrdi3.o)
                0x02004fb4                __aeabi_llsr
                0x02004fb4                __lshrdi3
 .text          0x02004fcc       0x1c /opt/wonderful/toolchain/gcc-arm-none-eabi/lib/gcc/arm-none-eabi/14.2.0/thumb/arm946e-s/libgcc.a(_ashrdi3.o)
                0x02004fcc                __ashrdi3
                0x02004fcc                __aeabi_lasr
 .text          0x02004fe8       0x18 /opt/wonderful/toolchain/gcc-arm-none-eabi/lib/gcc/arm-none-eabi/14.2.0/thumb/arm946e-s/libgcc.a(_ashldi3.o)
                0x02004fe8                __ashldi3
                0x02004fe8                __aeabi_llsl
 .text          0x02005000      0x3c0 /opt/wonderful/toolchain/gcc-arm-none-eabi/lib/gcc/arm-none-eabi/14.2.0/thumb/arm946e-s/libgcc.a(_arm_addsubdf3.o)
                0x02005000                __aeabi_drsub
                0x02005008                __subdf3
                0x02005008                __aeabi_dsub
                0x0200500c                __adddf3
                0x0200500c                __aeabi_dadd
                0x020052b8                __aeabi_ui2d
                0x020052b8                __floatunsidf
                0x020052dc                __floatsidf
                0x020052dc                __aeabi_i2d
                0x02005304                __extendsfdf2
                0x02005304                __aeabi_f2d
                0x0200534c                __aeabi_ul2d
                0x0200534c                __floatundidf
                0x02005360                __aeabi_l2d
                0x02005360                __floatdidf
 .text          0x020053c0      0x12c /opt/wonderful/toolchain/gcc-arm-none-eabi/lib/gcc/arm-none-eabi/14.2.0/thumb/arm946e-s/libgcc.a(_arm_cmpdf2.o)
                0x020053c0                __gtdf2
                0x020053c0                __gedf2
                0x020053c8                __ledf2
                0x020053c8                __ltdf2
                0x020053d0                __cmpdf2
                0x020053d0                __eqdf2
                0x020053d0                __nedf2
                0x02005458                __aeabi_cdrcmple
                0x02005474                __aeabi_cdcmpeq
                0x02005474                __aeabi_cdcmple
                0x02005488                __aeabi_dcmpeq
                0x0200549c                __aeabi_dcmplt
                0x020054b0                __aeabi_dcmple
                0x020054c4                __aeabi_dcmpge
                0x020054d8                __aeabi_dcmpgt
 .text          0x020054ec       0xa0 /opt/wonderful/toolchain/gcc-arm-none-eabi/lib/gcc/arm-none-eabi/14.2.0/thumb/arm946e-s/libgcc.a(_arm_truncdfsf2.o)
                0x020054ec                __aeabi_d2f
                0x020054ec                __truncdfsf2
 .text          0x0200558c        0x8 /opt/wonderful/toolchain/gcc-arm-none-eabi/lib/gcc/arm-none-eabi/14.2.0/thumb/arm946e-s/libgcc.a(_clzsi2.o)
                0x0200558c                __clzsi2
 .text          0x02005594       0x14 /opt/wonderful/toolchain/gcc-arm-none-eabi/lib/gcc/arm-none-eabi/14.2.0/thumb/arm946e-s/libgcc.a(_clzdi2.o)
                0x02005594                __clzdi2
 .text          0x020055a8       0xd4 /opt/wonderful/toolchain/gcc-arm-none-eabi/lib/gcc/arm-none-eabi/14.2.0/thumb/arm946e-s/libgcc.a(_aeabi_ldivmod.o)
                0x020055a8                __aeabi_ldivmod
 .text          0x0200567c       0x3c /opt/wonderful/toolchain/gcc-arm-none-eabi/lib/gcc/arm-none-eabi/14.2.0/thumb/arm946e-s/libgcc.a(_aeabi_uldivmod.o)
                0x0200567c                __aeabi_uldivmod
 .text          0x020056b8       0x60 /opt/wonderful/toolchain/gcc-arm-none-eabi/lib/gcc/arm-none-eabi/14.2.0/thumb/arm946e-s/libgcc.a(_muldi3.o)
                0x020056b8                __aeabi_lmul
                0x020056b8                __muldi3
 .text          0x02005718      0x198 /opt/wonderful/toolchain/gcc-arm-none-eabi/lib/gcc/arm-none-eabi/14.2.0/thumb/arm946e-s/libgcc.a(_udivmoddi4.o)
                0x02005718                __udivmoddi4
 *(EXCLUDE_FILE(*.twl* *.itcm*) .stub)
 *(EXCLUDE_FILE(*.twl* *.itcm*) .text.*)
 .text.create_player
                0x020058b0       0x1c build/test_repository/source/player/player.c.o
                0x020058b0                create_player
 .text.move_player
                0x020058cc       0x20 build/test_repository/source/player/player.c.o
                0x020058cc                move_player
 .text.startup.main
                0x020058ec      0x25c build/test_repository/source/main.c.o
                0x020058ec                main
 .text.NF_Error
                0x02005b48      0x2d8 /opt/blocksds/external/nflib/lib/libnflib.a(nf_basic.c.o)
                0x02005b48                NF_Error
 .text.NF_SetRootFolder
                0x02005e20      0x1dc /opt/blocksds/external/nflib/lib/libnflib.a(nf_basic.c.o)
                0x02005e20                NF_SetRootFolder
 .text.NF_DmaMemCopy
                0x02005ffc       0x7c /opt/blocksds/external/nflib/lib/libnflib.a(nf_basic.c.o)
                0x02005ffc                NF_DmaMemCopy
 .text.NF_FileLoad
                0x02006078       0xac /opt/blocksds/external/nflib/lib/libnflib.a(nf_basic.c.o)
                0x02006078                NF_FileLoad
 .text.NF_FileExists
                0x02006124       0x30 /opt/blocksds/external/nflib/lib/libnflib.a(nf_basic.c.o)
                0x02006124                NF_FileExists
 .text.NF_InitCmapBuffers
                0x02006154       0x98 /opt/blocksds/external/nflib/lib/libnflib.a(nf_collision.c.o)
                0x02006154                NF_InitCmapBuffers
 .text.NF_LoadCollisionMap
                0x020061ec       0xd4 /opt/blocksds/external/nflib/lib/libnflib.a(nf_collision.c.o)
                0x020061ec                NF_LoadCollisionMap
 .text.NF_GetTile
                0x020062c0       0x44 /opt/blocksds/external/nflib/lib/libnflib.a(nf_collision.c.o)
                0x020062c0                NF_GetTile
 .text.NF_InitTextSys
                0x02006304       0x34 /opt/blocksds/external/nflib/lib/libnflib.a(nf_text.c.o)
                0x02006304                NF_InitTextSys
 .text.NF_LoadTextFont
                0x02006338      0x1dc /opt/blocksds/external/nflib/lib/libnflib.a(nf_text.c.o)
                0x02006338                NF_LoadTextFont
 .text.NF_CreateTextLayer
                0x02006514       0x8c /opt/blocksds/external/nflib/lib/libnflib.a(nf_text.c.o)
                0x02006514                NF_CreateTextLayer
 .text.NF_WriteText
                0x020065a0      0x2f8 /opt/blocksds/external/nflib/lib/libnflib.a(nf_text.c.o)
                0x020065a0                NF_WriteText
 .text.NF_UpdateTextLayers
                0x02006898       0x4c /opt/blocksds/external/nflib/lib/libnflib.a(nf_text.c.o)
                0x02006898                NF_UpdateTextLayers
 .text.NF_InitTiledBgBuffers
                0x020068e4       0x94 /opt/blocksds/external/nflib/lib/libnflib.a(nf_tiledbg.c.o)
                0x020068e4                NF_InitTiledBgBuffers
 .text.NF_InitTiledBgSys
                0x02006978      0x164 /opt/blocksds/external/nflib/lib/libnflib.a(nf_tiledbg.c.o)
                0x02006978                NF_InitTiledBgSys
 .text.NF_LoadTiledBg
                0x02006adc      0x1ac /opt/blocksds/external/nflib/lib/libnflib.a(nf_tiledbg.c.o)
                0x02006adc                NF_LoadTiledBg
 .text.NF_DeleteTiledBg
                0x02006c88      0x18c /opt/blocksds/external/nflib/lib/libnflib.a(nf_tiledbg.c.o)
                0x02006c88                NF_DeleteTiledBg
 .text.NF_CreateTiledBg
                0x02006e14      0x56c /opt/blocksds/external/nflib/lib/libnflib.a(nf_tiledbg.c.o)
                0x02006e14                NF_CreateTiledBg
 .text.NF_GetTileMapAddress
                0x02007380       0x88 /opt/blocksds/external/nflib/lib/libnflib.a(nf_tiledbg.c.o)
                0x02007380                NF_GetTileMapAddress
 .text.NF_SetTileOfMap
                0x02007408       0x40 /opt/blocksds/external/nflib/lib/libnflib.a(nf_tiledbg.c.o)
                0x02007408                NF_SetTileOfMap
 .text.NF_UpdateVramMap
                0x02007448       0xf8 /opt/blocksds/external/nflib/lib/libnflib.a(nf_tiledbg.c.o)
                0x02007448                NF_UpdateVramMap
 .text.NF_RotateTileGfx
                0x02007540      0x104 /opt/blocksds/external/nflib/lib/libnflib.a(nf_tiledbg.c.o)
                0x02007540                NF_RotateTileGfx
 .text.NF_Set2D
                0x02007644       0x64 /opt/blocksds/external/nflib/lib/libnflib.a(nf_2d.c.o)
                0x02007644                NF_Set2D
 .text.NF_ShowBg
                0x020076a8       0x74 /opt/blocksds/external/nflib/lib/libnflib.a(nf_2d.c.o)
                0x020076a8                NF_ShowBg
 .text.NF_HideBg
                0x0200771c       0x9c /opt/blocksds/external/nflib/lib/libnflib.a(nf_2d.c.o)
                0x0200771c                NF_HideBg
 .text.NF_ScrollBg
                0x020077b8      0x2fc /opt/blocksds/external/nflib/lib/libnflib.a(nf_2d.c.o)
                0x020077b8                NF_ScrollBg
 .text.NF_InitSpriteBuffers
                0x02007ab4       0x5c /opt/blocksds/external/nflib/lib/libnflib.a(nf_sprite256.c.o)
                0x02007ab4                NF_InitSpriteBuffers
 .text.NF_InitSpriteSys
                0x02007b10      0x204 /opt/blocksds/external/nflib/lib/libnflib.a(nf_sprite256.c.o)
                0x02007b10                NF_InitSpriteSys
 .text.NF_LoadSpriteGfx
                0x02007d14       0x98 /opt/blocksds/external/nflib/lib/libnflib.a(nf_sprite256.c.o)
                0x02007d14                NF_LoadSpriteGfx
 .text.NF_LoadSpritePal
                0x02007dac       0x80 /opt/blocksds/external/nflib/lib/libnflib.a(nf_sprite256.c.o)
                0x02007dac                NF_LoadSpritePal
 .text.NF_VramSpriteGfx
                0x02007e2c      0x298 /opt/blocksds/external/nflib/lib/libnflib.a(nf_sprite256.c.o)
                0x02007e2c                NF_VramSpriteGfx
 .text.NF_VramSpritePal
                0x020080c4       0xb0 /opt/blocksds/external/nflib/lib/libnflib.a(nf_sprite256.c.o)
                0x020080c4                NF_VramSpritePal
 .text.NF_CreateSprite
                0x02008174      0x1c8 /opt/blocksds/external/nflib/lib/libnflib.a(nf_sprite256.c.o)
                0x02008174                NF_CreateSprite
 .text.NF_SpriteOamSet
                0x0200833c       0xc4 /opt/blocksds/external/nflib/lib/libnflib.a(nf_sprite256.c.o)
                0x0200833c                NF_SpriteOamSet
 .text.swiWaitForVBlank
                0x02008400       0x78 /opt/blocksds/core/libs/libnds/lib/libnds9.a(IntrWait.s.o)
                0x02008400                swiWaitForVBlank
                0x02008408                swiIntrWait
 .text.__libnds_mpu_setup
                0x02008478      0x1c4 /opt/blocksds/core/libs/libnds/lib/libnds9.a(mpu_setup.s.o)
                0x02008478                __libnds_mpu_setup
 .text.CP15_MPUDisable
                0x0200863c       0x3c /opt/blocksds/core/libs/libnds/lib/libnds9.a(mpu_setup.s.o)
                0x0200863c                CP15_MPUDisable
 .text.memUncached
                0x02008678       0x20 /opt/blocksds/core/libs/libnds/lib/libnds9.a(mpu_setup.s.o)
                0x02008678                memUncached
 .text.CP15_FlushICache
                0x02008698        0xc /opt/blocksds/core/libs/libnds/lib/libnds9.a(cp15.s.o)
                0x02008698                CP15_FlushICache
 .text.CP15_FlushDCache
                0x020086a4        0xc /opt/blocksds/core/libs/libnds/lib/libnds9.a(cp15.s.o)
                0x020086a4                CP15_FlushDCache
 .text.CP15_WaitForInterrupt
                0x020086b0        0xc /opt/blocksds/core/libs/libnds/lib/libnds9.a(cp15.s.o)
                0x020086b0                CP15_WaitForInterrupt
 .text.CP15_CleanAndFlushDCache
                0x020086bc       0x34 /opt/blocksds/core/libs/libnds/lib/libnds9.a(cp15.s.o)
                0x020086bc                CP15_CleanAndFlushDCache
 .text.dmaSetParams
                0x020086f0       0x1c /opt/blocksds/core/libs/libnds/lib/libnds9.a(dma.s.o)
                0x020086f0                dmaSetParams
 .text.__aeabi_memset
                0x0200870c       0x9c /opt/blocksds/core/libs/libnds/lib/libnds9.a(memset.s.o)
                0x0200870c                __aeabi_memset
                0x02008730                __aeabi_memset8
                0x02008730                __aeabi_memset4
                0x0200873c                __ndsabi_wordset4
                0x02008740                __ndsabi_lwordset4
 .text.__ndsabi_memset1
                0x020087a8       0x10 /opt/blocksds/core/libs/libnds/lib/libnds9.a(memset.s.o)
                0x020087a8                __ndsabi_memset1
 .text.memset   0x020087b8       0x1c /opt/blocksds/core/libs/libnds/lib/libnds9.a(memset.s.o)
                0x020087b8                memset
 .text.__aeabi_memcpy
                0x020087d4       0xc8 /opt/blocksds/core/libs/libnds/lib/libnds9.a(memcpy.s.o)
                0x020087d4                __aeabi_memcpy
                0x0200880c                __aeabi_memcpy4
                0x0200880c                __aeabi_memcpy8
                0x02008878                __ndsabi_memcpy2
 .text.__ndsabi_memcpy1
                0x0200889c       0x14 /opt/blocksds/core/libs/libnds/lib/libnds9.a(memcpy.s.o)
                0x0200889c                __ndsabi_memcpy1
 .text.memcpy   0x020088b0       0x10 /opt/blocksds/core/libs/libnds/lib/libnds9.a(memcpy.s.o)
                0x020088b0                memcpy
 .text.newRow   0x020088c0       0x88 /opt/blocksds/core/libs/libnds/lib/libnds9.a(console.c.o)
 .text.consolePrintChar.part.0
                0x02008948      0x100 /opt/blocksds/core/libs/libnds/lib/libnds9.a(console.c.o)
 .text.consolePrintChar
                0x02008a48       0x2c /opt/blocksds/core/libs/libnds/lib/libnds9.a(console.c.o)
                0x02008a48                consolePrintChar
 .text.con_write
                0x02008a74      0x33c /opt/blocksds/core/libs/libnds/lib/libnds9.a(console.c.o)
 .text.consoleLoadFont
                0x02008db0      0x268 /opt/blocksds/core/libs/libnds/lib/libnds9.a(console.c.o)
                0x02008db0                consoleLoadFont
 .text.consoleInitEx
                0x02009018      0x1b8 /opt/blocksds/core/libs/libnds/lib/libnds9.a(console.c.o)
                0x02009018                consoleInitEx
 .text.consoleDemoInit
                0x020091d0       0x48 /opt/blocksds/core/libs/libnds/lib/libnds9.a(console.c.o)
                0x020091d0                consoleDemoInit
 .text.consoleSetCursor
                0x02009218       0x24 /opt/blocksds/core/libs/libnds/lib/libnds9.a(console.c.o)
                0x02009218                consoleSetCursor
 .text.consoleArm7Flush
                0x0200923c       0x98 /opt/blocksds/core/libs/libnds/lib/libnds9.a(console.c.o)
                0x0200923c                consoleArm7Flush
 .text.checkIfText
                0x020092d4       0x6c /opt/blocksds/core/libs/libnds/lib/libnds9.a(background.c.o)
                0x020092d4                checkIfText
 .text.bgUpdate
                0x02009340       0xf4 /opt/blocksds/core/libs/libnds/lib/libnds9.a(background.c.o)
                0x02009340                bgUpdate
 .text.bgInit_call
                0x02009434       0xb0 /opt/blocksds/core/libs/libnds/lib/libnds9.a(background.c.o)
                0x02009434                bgInit_call
 .text.bgInitSub_call
                0x020094e4       0xb8 /opt/blocksds/core/libs/libnds/lib/libnds9.a(background.c.o)
                0x020094e4                bgInitSub_call
 .text.oamInit  0x0200959c      0x100 /opt/blocksds/core/libs/libnds/lib/libnds9.a(sprite.c.o)
                0x0200959c                oamInit
 .text.oamGfxPtrToOffset
                0x0200969c       0x34 /opt/blocksds/core/libs/libnds/lib/libnds9.a(sprite.c.o)
                0x0200969c                oamGfxPtrToOffset
 .text.oamSet   0x020096d0      0x114 /opt/blocksds/core/libs/libnds/lib/libnds9.a(sprite.c.o)
                0x020096d0                oamSet
 .text.oamUpdate
                0x020097e4       0x50 /opt/blocksds/core/libs/libnds/lib/libnds9.a(sprite.c.o)
                0x020097e4                oamUpdate
 .text.setBrightness
                0x02009834       0x40 /opt/blocksds/core/libs/libnds/lib/libnds9.a(video.c.o)
                0x02009834                setBrightness
 .text.vramDefault
                0x02009874       0xe4 /opt/blocksds/core/libs/libnds/lib/libnds9.a(video.c.o)
                0x02009874                vramDefault
 .text.initSystem
                0x02009958      0x184 /opt/blocksds/core/libs/libnds/lib/libnds9.a(initSystem.c.o)
                0x02009958                initSystem
 .text.scanKeys
                0x02009adc       0xc0 /opt/blocksds/core/libs/libnds/lib/libnds9.a(keys.c.o)
                0x02009adc                scanKeys
 .text.keysHeld
                0x02009b9c        0xc /opt/blocksds/core/libs/libnds/lib/libnds9.a(keys.c.o)
                0x02009b9c                keysHeld
 .text.keysCurrent
                0x02009ba8       0x48 /opt/blocksds/core/libs/libnds/lib/libnds9.a(keys.c.o)
                0x02009ba8                keysCurrent
 .text.touchRead
                0x02009bf0       0x24 /opt/blocksds/core/libs/libnds/lib/libnds9.a(keys.c.o)
                0x02009bf0                touchRead
 .text.setTransferInputData
                0x02009c14       0x20 /opt/blocksds/core/libs/libnds/lib/libnds9.a(keys.c.o)
                0x02009c14                setTransferInputData
 .text.systemValueHandler
                0x02009c34       0x8c /opt/blocksds/core/libs/libnds/lib/libnds9.a(system.c.o)
                0x02009c34                systemValueHandler
 .text.systemMsgHandler
                0x02009cc0       0x2c /opt/blocksds/core/libs/libnds/lib/libnds9.a(system.c.o)
                0x02009cc0                systemMsgHandler
 .text.powerOn  0x02009cec       0x2c /opt/blocksds/core/libs/libnds/lib/libnds9.a(system.c.o)
                0x02009cec                powerOn
 .text.releaseCrashHandler
                0x02009d18       0x78 /opt/blocksds/core/libs/libnds/lib/libnds9.a(exceptions.c.o)
 .text.exceptionStatePrint
                0x02009d90       0xec /opt/blocksds/core/libs/libnds/lib/libnds9.a(exceptions.c.o)
                0x02009d90                exceptionStatePrint
 .text.releaseExceptionHandler
                0x02009e7c       0x10 /opt/blocksds/core/libs/libnds/lib/libnds9.a(exceptions.c.o)
                0x02009e7c                releaseExceptionHandler
 .text.chdir    0x02009e8c      0x110 /opt/blocksds/core/libs/libnds/lib/libnds9.a(chdir.c.o)
                0x02009e8c                chdir
 .text.nitrofs_read_internal
                0x02009f9c       0xf8 /opt/blocksds/core/libs/libnds/lib/libnds9.a(nitrofs.c.o)
 .text.nitrofs_dir_state_init
                0x0200a094       0xa8 /opt/blocksds/core/libs/libnds/lib/libnds9.a(nitrofs.c.o)
 .text.nitrofs_dir_state_next
                0x0200a13c       0xc0 /opt/blocksds/core/libs/libnds/lib/libnds9.a(nitrofs.c.o)
 .text.nitrofs_dir_step
                0x0200a1fc      0x100 /opt/blocksds/core/libs/libnds/lib/libnds9.a(nitrofs.c.o)
 .text.nitrofs_use_for_path
                0x0200a2fc       0x30 /opt/blocksds/core/libs/libnds/lib/libnds9.a(nitrofs.c.o)
                0x0200a2fc                nitrofs_use_for_path
 .text.nitrofs_path_resolve
                0x0200a32c       0x68 /opt/blocksds/core/libs/libnds/lib/libnds9.a(nitrofs.c.o)
                0x0200a32c                nitrofs_path_resolve
 .text.nitrofs_chdir
                0x0200a394       0x24 /opt/blocksds/core/libs/libnds/lib/libnds9.a(nitrofs.c.o)
                0x0200a394                nitrofs_chdir
 .text.nitrofs_read
                0x0200a3b8       0x30 /opt/blocksds/core/libs/libnds/lib/libnds9.a(nitrofs.c.o)
                0x0200a3b8                nitrofs_read
 .text.nitrofs_lseek
                0x0200a3e8       0x54 /opt/blocksds/core/libs/libnds/lib/libnds9.a(nitrofs.c.o)
                0x0200a3e8                nitrofs_lseek
 .text.nitrofs_close
                0x0200a43c       0x10 /opt/blocksds/core/libs/libnds/lib/libnds9.a(nitrofs.c.o)
                0x0200a43c                nitrofs_close
 .text.nitroFSOpenById
                0x0200a44c       0x6c /opt/blocksds/core/libs/libnds/lib/libnds9.a(nitrofs.c.o)
                0x0200a44c                nitroFSOpenById
 .text.nitrofs_open
                0x0200a4b8       0x4c /opt/blocksds/core/libs/libnds/lib/libnds9.a(nitrofs.c.o)
                0x0200a4b8                nitrofs_open
 .text.nitroFSInit
                0x0200a504      0x1b8 /opt/blocksds/core/libs/libnds/lib/libnds9.a(nitrofs.c.o)
                0x0200a504                nitroFSInit
 .text.putc_buffered
                0x0200a6bc       0x98 /opt/blocksds/core/libs/libnds/lib/libnds9.a(iob.c.o)
 .text.stderr_putc_buffered
                0x0200a754       0x20 /opt/blocksds/core/libs/libnds/lib/libnds9.a(iob.c.o)
 .text.stdin_getc_keyboard
                0x0200a774       0xec /opt/blocksds/core/libs/libnds/lib/libnds9.a(iob.c.o)
 .text.stdout_putc_buffered
                0x0200a860       0x40 /opt/blocksds/core/libs/libnds/lib/libnds9.a(iob.c.o)
 .text.fatfs_error_to_posix
                0x0200a8a0       0x24 /opt/blocksds/core/libs/libnds/lib/libnds9.a(fatfs.c.o)
                0x0200a8a0                fatfs_error_to_posix
 .text.fatfs_timestamp_to_fattime
                0x0200a8c4       0x2c /opt/blocksds/core/libs/libnds/lib/libnds9.a(fatfs.c.o)
                0x0200a8c4                fatfs_timestamp_to_fattime
 .text.get_dirname
                0x0200a8f0       0x98 /opt/blocksds/core/libs/libnds/lib/libnds9.a(fatfs.c.o)
                0x0200a8f0                get_dirname
 .text.fatGetDefaultCwd
                0x0200a988       0x70 /opt/blocksds/core/libs/libnds/lib/libnds9.a(fatfs.c.o)
                0x0200a988                fatGetDefaultCwd
 .text.fatInit.part.0
                0x0200a9f8      0x108 /opt/blocksds/core/libs/libnds/lib/libnds9.a(fatfs.c.o)
 .text.fatInitDefault
                0x0200ab00       0x24 /opt/blocksds/core/libs/libnds/lib/libnds9.a(fatfs.c.o)
                0x0200ab00                fatInitDefault
 .text.fatInitLookupCache
                0x0200ab24       0x5c /opt/blocksds/core/libs/libnds/lib/libnds9.a(fatfs.c.o)
                0x0200ab24                fatInitLookupCache
 .text.build_argv
                0x0200ab80       0x58 /opt/blocksds/core/libs/libnds/lib/libnds9.a(crt0_argv.c.o)
                0x0200ab80                build_argv
 .text.open     0x0200abd8       0xf0 /opt/blocksds/core/libs/libnds/lib/libnds9.a(filesystem.c.o)
                0x0200abd8                open
 .text.read     0x0200acc8       0x44 /opt/blocksds/core/libs/libnds/lib/libnds9.a(filesystem.c.o)
                0x0200acc8                read
 .text.write    0x0200ad0c       0x54 /opt/blocksds/core/libs/libnds/lib/libnds9.a(filesystem.c.o)
                0x0200ad0c                write
 .text.close    0x0200ad60       0x50 /opt/blocksds/core/libs/libnds/lib/libnds9.a(filesystem.c.o)
                0x0200ad60                close
 .text.lseek    0x0200adb0       0x70 /opt/blocksds/core/libs/libnds/lib/libnds9.a(filesystem.c.o)
                0x0200adb0                lseek
 .text.access   0x0200ae20       0x80 /opt/blocksds/core/libs/libnds/lib/libnds9.a(filesystem.c.o)
                0x0200ae20                access
 .text.cache_initialized
                0x0200aea0       0x10 /opt/blocksds/core/libs/libnds/lib/libnds9.a(cache.c.o)
                0x0200aea0                cache_initialized
 .text.cache_init
                0x0200aeb0       0x9c /opt/blocksds/core/libs/libnds/lib/libnds9.a(cache.c.o)
                0x0200aeb0                cache_init
 .text.cache_sector_get
                0x0200af4c       0x70 /opt/blocksds/core/libs/libnds/lib/libnds9.a(cache.c.o)
                0x0200af4c                cache_sector_get
 .text.cache_sector_add
                0x0200afbc       0xbc /opt/blocksds/core/libs/libnds/lib/libnds9.a(cache.c.o)
                0x0200afbc                cache_sector_add
 .text.cache_sector_invalidate
                0x0200b078       0x44 /opt/blocksds/core/libs/libnds/lib/libnds9.a(cache.c.o)
                0x0200b078                cache_sector_invalidate
 .text.cothread_delete_internal
                0x0200b0bc       0x3c /opt/blocksds/core/libs/libnds/lib/libnds9.a(threads.c.o)
 .text.cothread_main
                0x0200b0f8       0x10 /opt/blocksds/core/libs/libnds/lib/libnds9.a(threads.c.o)
                0x0200b0f8                cothread_main
 .text.init_tls
                0x0200b108       0x28 /opt/blocksds/core/libs/libnds/lib/libnds9.a(threads.c.o)
                0x0200b108                init_tls
 .text.cothread_yield
                0x0200b130       0x14 /opt/blocksds/core/libs/libnds/lib/libnds9.a(threads.c.o)
                0x0200b130                cothread_yield
 .text.cothread_yield_irq
                0x0200b144       0x18 /opt/blocksds/core/libs/libnds/lib/libnds9.a(threads.c.o)
                0x0200b144                cothread_yield_irq
 .text.cothread_start
                0x0200b15c      0x108 /opt/blocksds/core/libs/libnds/lib/libnds9.a(threads.c.o)
                0x0200b15c                cothread_start
 .text.irqDummy
                0x0200b264        0x4 /opt/blocksds/core/libs/libnds/lib/libnds9.a(interrupts.c.o)
                0x0200b264                irqDummy
 .text.irqSet   0x0200b268       0x9c /opt/blocksds/core/libs/libnds/lib/libnds9.a(interrupts.c.o)
                0x0200b268                irqSet
 .text.irqInit  0x0200b304       0x4c /opt/blocksds/core/libs/libnds/lib/libnds9.a(interrupts.c.o)
                0x0200b304                irqInit
 .text.irqEnable
                0x0200b350       0x64 /opt/blocksds/core/libs/libnds/lib/libnds9.a(interrupts.c.o)
                0x0200b350                irqEnable
 .text.setExceptionHandler
                0x0200b3b4       0x18 /opt/blocksds/core/libs/libnds/lib/libnds9.a(exceptions.c.o)
                0x0200b3b4                setExceptionHandler
 .text.libndsCrash
                0x0200b3cc        0xc /opt/blocksds/core/libs/libnds/lib/libnds9.a(exceptions.c.o)
                0x0200b3cc                libndsCrash
 .text.__ndsabi_coro_make_noctx
                0x0200b3d8       0x24 /opt/blocksds/core/libs/libnds/lib/libnds9.a(coroutine.c.o)
                0x0200b3d8                __ndsabi_coro_make_noctx
 .text.cardPolledTransfer
                0x0200b3fc       0x54 /opt/blocksds/core/libs/libnds/lib/libnds9.a(card.c.o)
                0x0200b3fc                cardPolledTransfer
 .text.cardRead
                0x0200b450      0x19c /opt/blocksds/core/libs/libnds/lib/libnds9.a(card.c.o)
                0x0200b450                cardRead
 .text.systemErrorExit
                0x0200b5ec        0x4 /opt/blocksds/core/libs/libnds/lib/libnds9.a(exit.c.o)
                0x0200b5ec                systemErrorExit
 .text.__libnds_exit
                0x0200b5f0        0x8 /opt/blocksds/core/libs/libnds/lib/libnds9.a(exit.c.o)
                0x0200b5f0                __libnds_exit
 .text._exit    0x0200b5f8       0x78 /opt/blocksds/core/libs/libnds/lib/libnds9.a(exit.c.o)
                0x0200b5f8                _exit
 .text.__retarget_lock_acquire_recursive
                0x0200b670       0x40 /opt/blocksds/core/libs/libnds/lib/libnds9.a(locks.c.o)
                0x0200b670                __retarget_lock_acquire_recursive
 .text.__retarget_lock_release_recursive
                0x0200b6b0       0x4c /opt/blocksds/core/libs/libnds/lib/libnds9.a(locks.c.o)
                0x0200b6b0                __retarget_lock_release_recursive
 .text.__retarget_lock_init
                0x0200b6fc       0x40 /opt/blocksds/core/libs/libnds/lib/libnds9.a(locks.c.o)
                0x0200b6fc                __retarget_lock_init
 .text.__retarget_lock_close
                0x0200b73c       0x30 /opt/blocksds/core/libs/libnds/lib/libnds9.a(locks.c.o)
                0x0200b73c                __retarget_lock_close
 .text.__retarget_lock_acquire
                0x0200b76c        0x8 /opt/blocksds/core/libs/libnds/lib/libnds9.a(locks.c.o)
                0x0200b76c                __retarget_lock_acquire
 .text.__retarget_lock_release
                0x0200b774       0x4c /opt/blocksds/core/libs/libnds/lib/libnds9.a(locks.c.o)
                0x0200b774                __retarget_lock_release
 .text.sbrk     0x0200b7c0       0x5c /opt/blocksds/core/libs/libnds/lib/libnds9.a(sbrk.c.o)
                0x0200b7c0                sbrk
 .text.fifo_buffer_enqueue_block
                0x0200b81c       0x3c /opt/blocksds/core/libs/libnds/lib/libnds9.a(fifosystem.c.o)
 .text.fifo_buffer_wait_block
                0x0200b858       0x7c /opt/blocksds/core/libs/libnds/lib/libnds9.a(fifosystem.c.o)
 .text.fifoInternalSend.part.0
                0x0200b8d4       0xc4 /opt/blocksds/core/libs/libnds/lib/libnds9.a(fifosystem.c.o)
 .text.fifoInternalSendInterrupt
                0x0200b998       0xb0 /opt/blocksds/core/libs/libnds/lib/libnds9.a(fifosystem.c.o)
 .text.fifoSetValue32Handler
                0x0200ba48       0xd4 /opt/blocksds/core/libs/libnds/lib/libnds9.a(fifosystem.c.o)
                0x0200ba48                fifoSetValue32Handler
 .text.fifoSendValue32
                0x0200bb1c       0x54 /opt/blocksds/core/libs/libnds/lib/libnds9.a(fifosystem.c.o)
                0x0200bb1c                fifoSendValue32
 .text.fifoSendDatamsg
                0x0200bb70       0x98 /opt/blocksds/core/libs/libnds/lib/libnds9.a(fifosystem.c.o)
                0x0200bb70                fifoSendDatamsg
 .text.fifoGetValue32
                0x0200bc08       0x70 /opt/blocksds/core/libs/libnds/lib/libnds9.a(fifosystem.c.o)
                0x0200bc08                fifoGetValue32
 .text.fifoGetDatamsg
                0x0200bc78       0xe8 /opt/blocksds/core/libs/libnds/lib/libnds9.a(fifosystem.c.o)
                0x0200bc78                fifoGetDatamsg
 .text.fifoInternalRecvInterrupt
                0x0200bd60      0x30c /opt/blocksds/core/libs/libnds/lib/libnds9.a(fifosystem.c.o)
 .text.fifoSetDatamsgHandler
                0x0200c06c       0x9c /opt/blocksds/core/libs/libnds/lib/libnds9.a(fifosystem.c.o)
                0x0200c06c                fifoSetDatamsgHandler
 .text.fifoCheckValue32
                0x0200c108       0x24 /opt/blocksds/core/libs/libnds/lib/libnds9.a(fifosystem.c.o)
                0x0200c108                fifoCheckValue32
 .text.fifoInit
                0x0200c12c      0x114 /opt/blocksds/core/libs/libnds/lib/libnds9.a(fifosystem.c.o)
                0x0200c12c                fifoInit
 .text.fifoMutexAcquire
                0x0200c240       0x30 /opt/blocksds/core/libs/libnds/lib/libnds9.a(fifosystem.c.o)
                0x0200c240                fifoMutexAcquire
 .text.fifoMutexRelease
                0x0200c270       0x14 /opt/blocksds/core/libs/libnds/lib/libnds9.a(fifosystem.c.o)
                0x0200c270                fifoMutexRelease
 .text.get_ldnumber
                0x0200c284       0xdc /opt/blocksds/core/libs/libnds/lib/libnds9.a(ff.c.o)
 .text.put_utf  0x0200c360       0xf4 /opt/blocksds/core/libs/libnds/lib/libnds9.a(ff.c.o)
 .text.get_fileinfo
                0x0200c454      0x190 /opt/blocksds/core/libs/libnds/lib/libnds9.a(ff.c.o)
 .text.dir_clear
                0x0200c5e4      0x10c /opt/blocksds/core/libs/libnds/lib/libnds9.a(ff.c.o)
 .text.unlock_volume.part.0.isra.0
                0x0200c6f0        0x8 /opt/blocksds/core/libs/libnds/lib/libnds9.a(ff.c.o)
 .text.sync_fs  0x0200c6f8       0xb4 /opt/blocksds/core/libs/libnds/lib/libnds9.a(ff.c.o)
 .text.move_window
                0x0200c7ac       0x6c /opt/blocksds/core/libs/libnds/lib/libnds9.a(ff.c.o)
 .text.put_fat.part.0
                0x0200c818      0x118 /opt/blocksds/core/libs/libnds/lib/libnds9.a(ff.c.o)
 .text.get_fat.isra.0
                0x0200c930       0xbc /opt/blocksds/core/libs/libnds/lib/libnds9.a(ff.c.o)
 .text.remove_chain
                0x0200c9ec       0x90 /opt/blocksds/core/libs/libnds/lib/libnds9.a(ff.c.o)
 .text.create_chain
                0x0200ca7c      0x124 /opt/blocksds/core/libs/libnds/lib/libnds9.a(ff.c.o)
 .text.dir_next
                0x0200cba0       0xd4 /opt/blocksds/core/libs/libnds/lib/libnds9.a(ff.c.o)
 .text.dir_sdi  0x0200cc74       0x9c /opt/blocksds/core/libs/libnds/lib/libnds9.a(ff.c.o)
 .text.dir_find
                0x0200cd10      0x1e8 /opt/blocksds/core/libs/libnds/lib/libnds9.a(ff.c.o)
 .text.follow_path
                0x0200cef8      0x4f4 /opt/blocksds/core/libs/libnds/lib/libnds9.a(ff.c.o)
 .text.dir_register
                0x0200d3ec      0x31c /opt/blocksds/core/libs/libnds/lib/libnds9.a(ff.c.o)
 .text.validate
                0x0200d708       0x58 /opt/blocksds/core/libs/libnds/lib/libnds9.a(ff.c.o)
 .text.check_fs
                0x0200d760      0x154 /opt/blocksds/core/libs/libnds/lib/libnds9.a(ff.c.o)
 .text.mount_volume
                0x0200d8b4      0x34c /opt/blocksds/core/libs/libnds/lib/libnds9.a(ff.c.o)
 .text.f_mount  0x0200dc00       0xa0 /opt/blocksds/core/libs/libnds/lib/libnds9.a(ff.c.o)
                0x0200dc00                f_mount
 .text.f_open   0x0200dca0      0x2cc /opt/blocksds/core/libs/libnds/lib/libnds9.a(ff.c.o)
                0x0200dca0                f_open
 .text.f_read   0x0200df6c      0x2c0 /opt/blocksds/core/libs/libnds/lib/libnds9.a(ff.c.o)
                0x0200df6c                f_read
 .text.f_write  0x0200e22c      0x300 /opt/blocksds/core/libs/libnds/lib/libnds9.a(ff.c.o)
                0x0200e22c                f_write
 .text.f_sync   0x0200e52c       0xe0 /opt/blocksds/core/libs/libnds/lib/libnds9.a(ff.c.o)
                0x0200e52c                f_sync
 .text.f_close  0x0200e60c       0x30 /opt/blocksds/core/libs/libnds/lib/libnds9.a(ff.c.o)
                0x0200e60c                f_close
 .text.f_chdrive
                0x0200e63c       0x24 /opt/blocksds/core/libs/libnds/lib/libnds9.a(ff.c.o)
                0x0200e63c                f_chdrive
 .text.f_chdir  0x0200e660       0xb4 /opt/blocksds/core/libs/libnds/lib/libnds9.a(ff.c.o)
                0x0200e660                f_chdir
 .text.f_lseek  0x0200e714      0x348 /opt/blocksds/core/libs/libnds/lib/libnds9.a(ff.c.o)
                0x0200e714                f_lseek
 .text.f_stat   0x0200ea5c       0xec /opt/blocksds/core/libs/libnds/lib/libnds9.a(ff.c.o)
                0x0200ea5c                f_stat
 .text.ff_uni2oem
                0x0200eb48       0x44 /opt/blocksds/core/libs/libnds/lib/libnds9.a(ffunicode.c.o)
                0x0200eb48                ff_uni2oem
 .text.ff_oem2uni
                0x0200eb8c       0x2c /opt/blocksds/core/libs/libnds/lib/libnds9.a(ffunicode.c.o)
                0x0200eb8c                ff_oem2uni
 .text.ff_wtoupper
                0x0200ebb8       0xcc /opt/blocksds/core/libs/libnds/lib/libnds9.a(ffunicode.c.o)
                0x0200ebb8                ff_wtoupper
 .text.__aeabi_read_tp
                0x0200ec84        0xc /opt/blocksds/core/libs/libnds/lib/libnds9.a(aeabi_read_tp.s.o)
                0x0200ec84                __aeabi_read_tp
 .text.getCPSR  0x0200ec90        0x8 /opt/blocksds/core/libs/libnds/lib/libnds9.a(cpu.s.o)
                0x0200ec90                getCPSR
 .text.enterException
                0x0200ec98       0xd4 /opt/blocksds/core/libs/libnds/lib/libnds9.a(exceptionHandler.s.o)
                0x0200ec98                enterException
                0x0200ed0c                exceptionC
                0x0200ed10                exceptionStack
                0x0200ed14                exceptionRegisters
 .text.__ndsabi_coro_resume
                0x0200ed6c       0x18 /opt/blocksds/core/libs/libnds/lib/libnds9.a(coroutine.s.o)
                0x0200ed6c                __ndsabi_coro_resume
 .text.__ndsabi_coro_yield
                0x0200ed84       0x1c /opt/blocksds/core/libs/libnds/lib/libnds9.a(coroutine.s.o)
                0x0200ed84                __ndsabi_coro_yield
 .text.__ndsabi_coro_pop_noctx
                0x0200eda0       0x34 /opt/blocksds/core/libs/libnds/lib/libnds9.a(coroutine.s.o)
                0x0200eda0                __ndsabi_coro_pop_noctx
 .text.cardReadArm7
                0x0200edd4       0x80 /opt/blocksds/core/libs/libnds/lib/libnds9.a(card.c.o)
                0x0200edd4                cardReadArm7
 .text.dldi_arm7_read_sectors
                0x0200ee54       0x70 /opt/blocksds/core/libs/libnds/lib/libnds9.a(dldi.c.o)
 .text.dldi_arm7_shutdown
                0x0200eec4       0x3c /opt/blocksds/core/libs/libnds/lib/libnds9.a(dldi.c.o)
 .text.dldi_arm7_clear_status
                0x0200ef00       0x3c /opt/blocksds/core/libs/libnds/lib/libnds9.a(dldi.c.o)
 .text.dldi_arm7_is_inserted
                0x0200ef3c       0x3c /opt/blocksds/core/libs/libnds/lib/libnds9.a(dldi.c.o)
 .text.dldi_arm7_startup
                0x0200ef78       0x50 /opt/blocksds/core/libs/libnds/lib/libnds9.a(dldi.c.o)
 .text.dldi_arm7_write_sectors
                0x0200efc8       0x70 /opt/blocksds/core/libs/libnds/lib/libnds9.a(dldi.c.o)
 .text.dldiGetMode
                0x0200f038        0xc /opt/blocksds/core/libs/libnds/lib/libnds9.a(dldi.c.o)
                0x0200f038                dldiGetMode
 .text.dldiGetInternal
                0x0200f044       0xac /opt/blocksds/core/libs/libnds/lib/libnds9.a(dldi.c.o)
                0x0200f044                dldiGetInternal
 .text.dldiGetStubDataEnd
                0x0200f0f0       0x1c /opt/blocksds/core/libs/libnds/lib/libnds9.a(dldi.c.o)
                0x0200f0f0                dldiGetStubDataEnd
 .text.dldiGetStubEnd
                0x0200f10c        0x8 /opt/blocksds/core/libs/libnds/lib/libnds9.a(dldi.c.o)
                0x0200f10c                dldiGetStubEnd
 .text.keyboardShiftState.part.0
                0x0200f114       0x7c /opt/blocksds/core/libs/libnds/lib/libnds9.a(keyboard.c.o)
 .text.swapKeyGfx.part.0
                0x0200f190      0x164 /opt/blocksds/core/libs/libnds/lib/libnds9.a(keyboard.c.o)
 .text.keyboardGetKey
                0x0200f2f4       0x64 /opt/blocksds/core/libs/libnds/lib/libnds9.a(keyboard.c.o)
                0x0200f2f4                keyboardGetKey
 .text.keyboardUpdate
                0x0200f358      0x120 /opt/blocksds/core/libs/libnds/lib/libnds9.a(keyboard.c.o)
                0x0200f358                keyboardUpdate
 .text.keyboardShow
                0x0200f478      0x144 /opt/blocksds/core/libs/libnds/lib/libnds9.a(keyboard.c.o)
                0x0200f478                keyboardShow
 .text.keyboardHide
                0x0200f5bc       0x90 /opt/blocksds/core/libs/libnds/lib/libnds9.a(keyboard.c.o)
                0x0200f5bc                keyboardHide
 .text.sinLutLookup
                0x0200f64c       0x4c /opt/blocksds/core/libs/libnds/lib/libnds9.a(trig.c.o)
                0x0200f64c                sinLutLookup
 .text.sinLerp  0x0200f698       0x38 /opt/blocksds/core/libs/libnds/lib/libnds9.a(trig.c.o)
                0x0200f698                sinLerp
 .text.cosLerp  0x0200f6d0       0x48 /opt/blocksds/core/libs/libnds/lib/libnds9.a(trig.c.o)
                0x0200f6d0                cosLerp
 .text.oamAllocReset
                0x0200f718       0x1c /opt/blocksds/core/libs/libnds/lib/libnds9.a(sprite_alloc.c.o)
                0x0200f718                oamAllocReset
 .text.ff_mutex_create
                0x0200f734       0x10 /opt/blocksds/core/libs/libnds/lib/libnds9.a(ffsystem.c.o)
                0x0200f734                ff_mutex_create
 .text.ff_mutex_delete
                0x0200f744        0x4 /opt/blocksds/core/libs/libnds/lib/libnds9.a(ffsystem.c.o)
                0x0200f744                ff_mutex_delete
 .text.ff_mutex_take
                0x0200f748       0x1c /opt/blocksds/core/libs/libnds/lib/libnds9.a(ffsystem.c.o)
                0x0200f748                ff_mutex_take
 .text.ff_mutex_give
                0x0200f764       0x10 /opt/blocksds/core/libs/libnds/lib/libnds9.a(ffsystem.c.o)
                0x0200f764                ff_mutex_give
 .text.disk_status
                0x0200f774       0x28 /opt/blocksds/core/libs/libnds/lib/libnds9.a(diskio.c.o)
                0x0200f774                disk_status
 .text.disk_initialize
                0x0200f79c       0x50 /opt/blocksds/core/libs/libnds/lib/libnds9.a(diskio.c.o)
                0x0200f79c                disk_initialize
 .text.disk_read
                0x0200f7ec      0x130 /opt/blocksds/core/libs/libnds/lib/libnds9.a(diskio.c.o)
                0x0200f7ec                disk_read
 .text.disk_write
                0x0200f91c       0xc8 /opt/blocksds/core/libs/libnds/lib/libnds9.a(diskio.c.o)
                0x0200f91c                disk_write
 .text.disk_ioctl
                0x0200f9e4       0x2c /opt/blocksds/core/libs/libnds/lib/libnds9.a(diskio.c.o)
                0x0200f9e4                disk_ioctl
 .text.get_fattime
                0x0200fa10       0x1c /opt/blocksds/core/libs/libnds/lib/libnds9.a(diskio.c.o)
                0x0200fa10                get_fattime
 .text.calloc   0x0200fa2c       0xb4 /opt/wonderful/toolchain/gcc-arm-none-eabi/lib/gcc/arm-none-eabi/14.2.0/../../../../arm-none-eabi/lib/thumb/arm946e-s/libc.a(malloc-calloc.c.o)
                0x0200fa2c                calloc
 .text.malloc_trim
                0x0200fae0       0x9c /opt/wonderful/toolchain/gcc-arm-none-eabi/lib/gcc/arm-none-eabi/14.2.0/../../../../arm-none-eabi/lib/thumb/arm946e-s/libc.a(malloc-free.c.o)
                0x0200fae0                malloc_trim
 .text.free     0x0200fb7c      0x164 /opt/wonderful/toolchain/gcc-arm-none-eabi/lib/gcc/arm-none-eabi/14.2.0/../../../../arm-none-eabi/lib/thumb/arm946e-s/libc.a(malloc-free.c.o)
                0x0200fb7c                __malloc_free
                0x0200fb7c                free
 .text.malloc   0x0200fce0      0x434 /opt/wonderful/toolchain/gcc-arm-none-eabi/lib/gcc/arm-none-eabi/14.2.0/../../../../arm-none-eabi/lib/thumb/arm946e-s/libc.a(malloc-malloc.c.o)
                0x0200fce0                malloc
 .text.realloc  0x02010114      0x364 /opt/wonderful/toolchain/gcc-arm-none-eabi/lib/gcc/arm-none-eabi/14.2.0/../../../../arm-none-eabi/lib/thumb/arm946e-s/libc.a(malloc-realloc.c.o)
                0x02010114                realloc
 .text.__libc_init_array
                0x02010478       0x54 /opt/wonderful/toolchain/gcc-arm-none-eabi/lib/gcc/arm-none-eabi/14.2.0/../../../../arm-none-eabi/lib/thumb/arm946e-s/libc.a(libc_misc_init.c.o)
                0x02010478                __libc_init_array
 .text.exit     0x020104cc       0x20 /opt/wonderful/toolchain/gcc-arm-none-eabi/lib/gcc/arm-none-eabi/14.2.0/../../../../arm-none-eabi/lib/thumb/arm946e-s/libc.a(libc_stdlib_pico-exit.c.o)
                0x020104cc                exit
 .text.memcmp   0x020104ec       0x1c /opt/wonderful/toolchain/gcc-arm-none-eabi/lib/gcc/arm-none-eabi/14.2.0/../../../../arm-none-eabi/lib/thumb/arm946e-s/libc.a(libc_string_memcmp.c.o)
                0x020104ec                memcmp
 .text.strchr   0x02010508       0x1e /opt/wonderful/toolchain/gcc-arm-none-eabi/lib/gcc/arm-none-eabi/14.2.0/../../../../arm-none-eabi/lib/thumb/arm946e-s/libc.a(libc_string_strchr.c.o)
                0x02010508                strchr
 .text.strdup   0x02010526       0x20 /opt/wonderful/toolchain/gcc-arm-none-eabi/lib/gcc/arm-none-eabi/14.2.0/../../../../arm-none-eabi/lib/thumb/arm946e-s/libc.a(libc_string_strdup.c.o)
                0x02010526                strdup
 .text.strncmp  0x02010546       0x22 /opt/wonderful/toolchain/gcc-arm-none-eabi/lib/gcc/arm-none-eabi/14.2.0/../../../../arm-none-eabi/lib/thumb/arm946e-s/libc.a(libc_string_strncmp.c.o)
                0x02010546                strncmp
 .text.strstr   0x02010568       0x2c /opt/wonderful/toolchain/gcc-arm-none-eabi/lib/gcc/arm-none-eabi/14.2.0/../../../../arm-none-eabi/lib/thumb/arm946e-s/libc.a(libc_string_strstr.c.o)
                0x02010568                strstr
 .text.localtime
                0x02010594       0x18 /opt/wonderful/toolchain/gcc-arm-none-eabi/lib/gcc/arm-none-eabi/14.2.0/../../../../arm-none-eabi/lib/thumb/arm946e-s/libc.a(libc_time_lcltime.c.o)
                0x02010594                localtime
 .text.localtime_r
                0x020105ac      0x1f8 /opt/wonderful/toolchain/gcc-arm-none-eabi/lib/gcc/arm-none-eabi/14.2.0/../../../../arm-none-eabi/lib/thumb/arm946e-s/libc.a(libc_time_lcltime_r.c.o)
                0x020105ac                localtime_r
 .text.time     0x020107a4       0x2a /opt/wonderful/toolchain/gcc-arm-none-eabi/lib/gcc/arm-none-eabi/14.2.0/../../../../arm-none-eabi/lib/thumb/arm946e-s/libc.a(libc_time_time.c.o)
                0x020107a4                time
 *fill*         0x020107ce        0x2 ff
 .text.__tzcalc_limits
                0x020107d0      0x17c /opt/wonderful/toolchain/gcc-arm-none-eabi/lib/gcc/arm-none-eabi/14.2.0/../../../../arm-none-eabi/lib/thumb/arm946e-s/libc.a(libc_time_tzcalc_limits.c.o)
                0x020107d0                __tzcalc_limits
 .text._tzset_unlocked
                0x0201094c      0x3a0 /opt/wonderful/toolchain/gcc-arm-none-eabi/lib/gcc/arm-none-eabi/14.2.0/../../../../arm-none-eabi/lib/thumb/arm946e-s/libc.a(libc_time_tzset.c.o)
                0x0201094c                _tzset_unlocked
 .text.fclose   0x02010cec       0x18 /opt/wonderful/toolchain/gcc-arm-none-eabi/lib/gcc/arm-none-eabi/14.2.0/../../../../arm-none-eabi/lib/thumb/arm946e-s/libc.a(libc_tinystdio_fclose.c.o)
                0x02010cec                fclose
 .text.fflush   0x02010d04       0x12 /opt/wonderful/toolchain/gcc-arm-none-eabi/lib/gcc/arm-none-eabi/14.2.0/../../../../arm-none-eabi/lib/thumb/arm946e-s/libc.a(libc_tinystdio_fflush.c.o)
                0x02010d04                fflush
 .text.fileno   0x02010d16       0x10 /opt/wonderful/toolchain/gcc-arm-none-eabi/lib/gcc/arm-none-eabi/14.2.0/../../../../arm-none-eabi/lib/thumb/arm946e-s/libc.a(libc_tinystdio_fileno.c.o)
                0x02010d16                fileno
 *fill*         0x02010d26        0x2 ff
 .text.fread    0x02010d28      0x1a0 /opt/wonderful/toolchain/gcc-arm-none-eabi/lib/gcc/arm-none-eabi/14.2.0/../../../../arm-none-eabi/lib/thumb/arm946e-s/libc.a(libc_tinystdio_fread.c.o)
                0x02010d28                fread
 .text.fseek    0x02010ec8       0x40 /opt/wonderful/toolchain/gcc-arm-none-eabi/lib/gcc/arm-none-eabi/14.2.0/../../../../arm-none-eabi/lib/thumb/arm946e-s/libc.a(libc_tinystdio_fseek.c.o)
                0x02010ec8                fseek
 .text.ftell    0x02010f08       0x3c /opt/wonderful/toolchain/gcc-arm-none-eabi/lib/gcc/arm-none-eabi/14.2.0/../../../../arm-none-eabi/lib/thumb/arm946e-s/libc.a(libc_tinystdio_ftell.c.o)
                0x02010f08                ftell
 .text.printf   0x02010f44       0x20 /opt/wonderful/toolchain/gcc-arm-none-eabi/lib/gcc/arm-none-eabi/14.2.0/../../../../arm-none-eabi/lib/thumb/arm946e-s/libc.a(libc_tinystdio_printf.c.o)
                0x02010f44                printf
 .text.putchar  0x02010f64       0x10 /opt/wonderful/toolchain/gcc-arm-none-eabi/lib/gcc/arm-none-eabi/14.2.0/../../../../arm-none-eabi/lib/thumb/arm946e-s/libc.a(libc_tinystdio_putchar.c.o)
                0x02010f64                putchar
                0x02010f64                putchar_unlocked
 .text.puts     0x02010f74       0x40 /opt/wonderful/toolchain/gcc-arm-none-eabi/lib/gcc/arm-none-eabi/14.2.0/../../../../arm-none-eabi/lib/thumb/arm946e-s/libc.a(libc_tinystdio_puts.c.o)
                0x02010f74                puts
 .text.rewind   0x02010fb4       0x16 /opt/wonderful/toolchain/gcc-arm-none-eabi/lib/gcc/arm-none-eabi/14.2.0/../../../../arm-none-eabi/lib/thumb/arm946e-s/libc.a(libc_tinystdio_rewind.c.o)
                0x02010fb4                rewind
 .text.setvbuf  0x02010fca       0x18 /opt/wonderful/toolchain/gcc-arm-none-eabi/lib/gcc/arm-none-eabi/14.2.0/../../../../arm-none-eabi/lib/thumb/arm946e-s/libc.a(libc_tinystdio_setvbuf.c.o)
                0x02010fca                setvbuf
 *fill*         0x02010fe2        0x2 ff
 .text.snprintf
                0x02010fe4       0x5c /opt/wonderful/toolchain/gcc-arm-none-eabi/lib/gcc/arm-none-eabi/14.2.0/../../../../arm-none-eabi/lib/thumb/arm946e-s/libc.a(libc_tinystdio_snprintf.c.o)
                0x02010fe4                snprintf
 .text.sscanf   0x02011040       0x3c /opt/wonderful/toolchain/gcc-arm-none-eabi/lib/gcc/arm-none-eabi/14.2.0/../../../../arm-none-eabi/lib/thumb/arm946e-s/libc.a(libc_tinystdio_sscanf.c.o)
                0x02011040                sscanf
 .text.strtoul  0x0201107c      0x12c /opt/wonderful/toolchain/gcc-arm-none-eabi/lib/gcc/arm-none-eabi/14.2.0/../../../../arm-none-eabi/lib/thumb/arm946e-s/libc.a(libc_tinystdio_strtoul.c.o)
                0x0201107c                strtoul
 .text.__ultoa_invert
                0x020111a8       0x52 /opt/wonderful/toolchain/gcc-arm-none-eabi/lib/gcc/arm-none-eabi/14.2.0/../../../../arm-none-eabi/lib/thumb/arm946e-s/libc.a(libc_tinystdio_vfprintf.c.o)
 *fill*         0x020111fa        0x2 ff
 .text.skip_to_arg
                0x020111fc      0x13c /opt/wonderful/toolchain/gcc-arm-none-eabi/lib/gcc/arm-none-eabi/14.2.0/../../../../arm-none-eabi/lib/thumb/arm946e-s/libc.a(libc_tinystdio_vfprintf.c.o)
 .text.vfprintf
                0x02011338      0x9b4 /opt/wonderful/toolchain/gcc-arm-none-eabi/lib/gcc/arm-none-eabi/14.2.0/../../../../arm-none-eabi/lib/thumb/arm946e-s/libc.a(libc_tinystdio_vfprintf.c.o)
                0x02011338                __d_vfprintf
                0x02011338                vfprintf
 .text.scanf_getc
                0x02011cec       0x14 /opt/wonderful/toolchain/gcc-arm-none-eabi/lib/gcc/arm-none-eabi/14.2.0/../../../../arm-none-eabi/lib/thumb/arm946e-s/libc.a(libc_tinystdio_vfscanf.c.o)
 .text.scanf_ungetc
                0x02011d00       0x12 /opt/wonderful/toolchain/gcc-arm-none-eabi/lib/gcc/arm-none-eabi/14.2.0/../../../../arm-none-eabi/lib/thumb/arm946e-s/libc.a(libc_tinystdio_vfscanf.c.o)
 .text.skip_spaces
                0x02011d12       0x2a /opt/wonderful/toolchain/gcc-arm-none-eabi/lib/gcc/arm-none-eabi/14.2.0/../../../../arm-none-eabi/lib/thumb/arm946e-s/libc.a(libc_tinystdio_vfscanf.c.o)
 .text.putval   0x02011d3c       0x2a /opt/wonderful/toolchain/gcc-arm-none-eabi/lib/gcc/arm-none-eabi/14.2.0/../../../../arm-none-eabi/lib/thumb/arm946e-s/libc.a(libc_tinystdio_vfscanf.c.o)
 *fill*         0x02011d66        0x2 ff
 .text.vfscanf  0x02011d68      0x9e8 /opt/wonderful/toolchain/gcc-arm-none-eabi/lib/gcc/arm-none-eabi/14.2.0/../../../../arm-none-eabi/lib/thumb/arm946e-s/libc.a(libc_tinystdio_vfscanf.c.o)
                0x02011d68                __d_vfscanf
                0x02011d68                vfscanf
 .text.mulShift64
                0x02012750       0x64 /opt/wonderful/toolchain/gcc-arm-none-eabi/lib/gcc/arm-none-eabi/14.2.0/../../../../arm-none-eabi/lib/thumb/arm946e-s/libc.a(libc_tinystdio_atod_ryu.c.o)
 .text.__atod_engine
                0x020127b4      0x158 /opt/wonderful/toolchain/gcc-arm-none-eabi/lib/gcc/arm-none-eabi/14.2.0/../../../../arm-none-eabi/lib/thumb/arm946e-s/libc.a(libc_tinystdio_atod_ryu.c.o)
                0x020127b4                __atod_engine
 .text.__atof_engine
                0x0201290c      0x11e /opt/wonderful/toolchain/gcc-arm-none-eabi/lib/gcc/arm-none-eabi/14.2.0/../../../../arm-none-eabi/lib/thumb/arm946e-s/libc.a(libc_tinystdio_atof_ryu.c.o)
                0x0201290c                __atof_engine
 .text.mulShiftAll64
                0x02012a2a      0x208 /opt/wonderful/toolchain/gcc-arm-none-eabi/lib/gcc/arm-none-eabi/14.2.0/../../../../arm-none-eabi/lib/thumb/arm946e-s/libc.a(libc_tinystdio_dtoa_ryu.c.o)
 *fill*         0x02012c32        0x2 ff
 .text.div10    0x02012c34       0x28 /opt/wonderful/toolchain/gcc-arm-none-eabi/lib/gcc/arm-none-eabi/14.2.0/../../../../arm-none-eabi/lib/thumb/arm946e-s/libc.a(libc_tinystdio_dtoa_ryu.c.o)
 .text.__dtoa_engine
                0x02012c5c      0x4a0 /opt/wonderful/toolchain/gcc-arm-none-eabi/lib/gcc/arm-none-eabi/14.2.0/../../../../arm-none-eabi/lib/thumb/arm946e-s/libc.a(libc_tinystdio_dtoa_ryu.c.o)
                0x02012c5c                __dtoa_engine
 .text.mulShift32
                0x020130fc       0x4a /opt/wonderful/toolchain/gcc-arm-none-eabi/lib/gcc/arm-none-eabi/14.2.0/../../../../arm-none-eabi/lib/thumb/arm946e-s/libc.a(libc_tinystdio_ryu_divpow2.c.o)
 .text.__mulPow5InvDivPow2
                0x02013146       0x2a /opt/wonderful/toolchain/gcc-arm-none-eabi/lib/gcc/arm-none-eabi/14.2.0/../../../../arm-none-eabi/lib/thumb/arm946e-s/libc.a(libc_tinystdio_ryu_divpow2.c.o)
                0x02013146                __mulPow5InvDivPow2
 .text.__mulPow5divPow2
                0x02013170       0x22 /opt/wonderful/toolchain/gcc-arm-none-eabi/lib/gcc/arm-none-eabi/14.2.0/../../../../arm-none-eabi/lib/thumb/arm946e-s/libc.a(libc_tinystdio_ryu_divpow2.c.o)
                0x02013170                __mulPow5divPow2
 *fill*         0x02013192        0x2 ff
 .text.__log10Pow2
                0x02013194        0xc /opt/wonderful/toolchain/gcc-arm-none-eabi/lib/gcc/arm-none-eabi/14.2.0/../../../../arm-none-eabi/lib/thumb/arm946e-s/libc.a(libc_tinystdio_ryu_log10.c.o)
                0x02013194                __log10Pow2
 .text.__log10Pow5
                0x020131a0        0xc /opt/wonderful/toolchain/gcc-arm-none-eabi/lib/gcc/arm-none-eabi/14.2.0/../../../../arm-none-eabi/lib/thumb/arm946e-s/libc.a(libc_tinystdio_ryu_log10.c.o)
                0x020131a0                __log10Pow5
 .text.__log2pow5
                0x020131ac        0xc /opt/wonderful/toolchain/gcc-arm-none-eabi/lib/gcc/arm-none-eabi/14.2.0/../../../../arm-none-eabi/lib/thumb/arm946e-s/libc.a(libc_tinystdio_ryu_log2pow5.c.o)
                0x020131ac                __log2pow5
 .text.__ceil_log2pow5
                0x020131b8       0x10 /opt/wonderful/toolchain/gcc-arm-none-eabi/lib/gcc/arm-none-eabi/14.2.0/../../../../arm-none-eabi/lib/thumb/arm946e-s/libc.a(libc_tinystdio_ryu_log2pow5.c.o)
                0x020131b8                __ceil_log2pow5
 .text.__pow5bits
                0x020131c8       0x10 /opt/wonderful/toolchain/gcc-arm-none-eabi/lib/gcc/arm-none-eabi/14.2.0/../../../../arm-none-eabi/lib/thumb/arm946e-s/libc.a(libc_tinystdio_ryu_pow5bits.c.o)
                0x020131c8                __pow5bits
 .text.__pow5Factor
                0x020131d8       0x2c /opt/wonderful/toolchain/gcc-arm-none-eabi/lib/gcc/arm-none-eabi/14.2.0/../../../../arm-none-eabi/lib/thumb/arm946e-s/libc.a(libc_tinystdio_ryu_table.c.o)
                0x020131d8                __pow5Factor
 .text.__double_computePow5
                0x02013204      0x104 /opt/wonderful/toolchain/gcc-arm-none-eabi/lib/gcc/arm-none-eabi/14.2.0/../../../../arm-none-eabi/lib/thumb/arm946e-s/libc.a(libc_tinystdio_ryu_table.c.o)
                0x02013204                __double_computePow5
 .text.__double_computeInvPow5
                0x02013308      0x100 /opt/wonderful/toolchain/gcc-arm-none-eabi/lib/gcc/arm-none-eabi/14.2.0/../../../../arm-none-eabi/lib/thumb/arm946e-s/libc.a(libc_tinystdio_ryu_table.c.o)
                0x02013308                __double_computeInvPow5
 .text.__umul128
                0x02013408       0x6a /opt/wonderful/toolchain/gcc-arm-none-eabi/lib/gcc/arm-none-eabi/14.2.0/../../../../arm-none-eabi/lib/thumb/arm946e-s/libc.a(libc_tinystdio_ryu_umul128.c.o)
                0x02013408                __umul128
 .text.__shiftright128
                0x02013472       0x28 /opt/wonderful/toolchain/gcc-arm-none-eabi/lib/gcc/arm-none-eabi/14.2.0/../../../../arm-none-eabi/lib/thumb/arm946e-s/libc.a(libc_tinystdio_ryu_umul128.c.o)
                0x02013472                __shiftright128
 .text.__picolibc_non_atomic_exchange_ungetc
                0x0201349a        0x8 /opt/wonderful/toolchain/gcc-arm-none-eabi/lib/gcc/arm-none-eabi/14.2.0/../../../../arm-none-eabi/lib/thumb/arm946e-s/libc.a(libc_tinystdio_exchange.c.o)
                0x0201349a                __atomic_exchange_ungetc
                0x0201349a                __picolibc_non_atomic_exchange_ungetc
 *fill*         0x020134a2        0x2 ff
 .text.fdopen   0x020134a4       0xac /opt/wonderful/toolchain/gcc-arm-none-eabi/lib/gcc/arm-none-eabi/14.2.0/../../../../arm-none-eabi/lib/thumb/arm946e-s/libc.a(libc_tinystdio_fdopen.c.o)
                0x020134a4                fdopen
 .text.fopen    0x02013550       0x2e /opt/wonderful/toolchain/gcc-arm-none-eabi/lib/gcc/arm-none-eabi/14.2.0/../../../../arm-none-eabi/lib/thumb/arm946e-s/libc.a(libc_tinystdio_fopen.c.o)
                0x02013550                fopen
 .text.memmove  0x0201357e       0x24 /opt/wonderful/toolchain/gcc-arm-none-eabi/lib/gcc/arm-none-eabi/14.2.0/../../../../arm-none-eabi/lib/thumb/arm946e-s/libc.a(memmove.c.o)
                0x0201357e                memmove
                0x0201357e                __aeabi_memmove8
                0x0201357e                __aeabi_memmove
                0x0201357e                __aeabi_memmove4
 *fill*         0x020135a2        0x2 ff
 .text.__libc_fini_array
                0x020135a4       0x30 /opt/wonderful/toolchain/gcc-arm-none-eabi/lib/gcc/arm-none-eabi/14.2.0/../../../../arm-none-eabi/lib/thumb/arm946e-s/libc.a(libc_misc_fini.c.o)
                0x020135a4                __libc_fini_array
 .text.getenv   0x020135d4        0xa /opt/wonderful/toolchain/gcc-arm-none-eabi/lib/gcc/arm-none-eabi/14.2.0/../../../../arm-none-eabi/lib/thumb/arm946e-s/libc.a(libc_stdlib_getenv.c.o)
                0x020135d4                getenv
 *fill*         0x020135de        0x2 ff
 .text._findenv
                0x020135e0       0x7c /opt/wonderful/toolchain/gcc-arm-none-eabi/lib/gcc/arm-none-eabi/14.2.0/../../../../arm-none-eabi/lib/thumb/arm946e-s/libc.a(libc_stdlib_getenv_r.c.o)
                0x020135e0                _findenv
 .text.strnlen  0x0201365c       0x16 /opt/wonderful/toolchain/gcc-arm-none-eabi/lib/gcc/arm-none-eabi/14.2.0/../../../../arm-none-eabi/lib/thumb/arm946e-s/libc.a(libc_string_strnlen.c.o)
                0x0201365c                strnlen
 *fill*         0x02013672        0x2 ff
 .text.__gettzinfo
                0x02013674        0x8 /opt/wonderful/toolchain/gcc-arm-none-eabi/lib/gcc/arm-none-eabi/14.2.0/../../../../arm-none-eabi/lib/thumb/arm946e-s/libc.a(libc_time_gettzinfo.c.o)
                0x02013674                __gettzinfo
 .text.gmtime_r
                0x0201367c      0x1d4 /opt/wonderful/toolchain/gcc-arm-none-eabi/lib/gcc/arm-none-eabi/14.2.0/../../../../arm-none-eabi/lib/thumb/arm946e-s/libc.a(libc_time_gmtime_r.c.o)
                0x0201367c                gmtime_r
 .text.__picolibc_non_atomic_load_ungetc
                0x02013850        0x4 /opt/wonderful/toolchain/gcc-arm-none-eabi/lib/gcc/arm-none-eabi/14.2.0/../../../../arm-none-eabi/lib/thumb/arm946e-s/libc.a(libc_tinystdio_atomic_load.c.o)
                0x02013850                __atomic_load_ungetc
                0x02013850                __picolibc_non_atomic_load_ungetc
 .text.__bufio_flush_locked
                0x02013854       0x66 /opt/wonderful/toolchain/gcc-arm-none-eabi/lib/gcc/arm-none-eabi/14.2.0/../../../../arm-none-eabi/lib/thumb/arm946e-s/libc.a(libc_tinystdio_bufio.c.o)
                0x02013854                __bufio_flush_locked
 .text.__bufio_fill_locked
                0x020138ba       0x2c /opt/wonderful/toolchain/gcc-arm-none-eabi/lib/gcc/arm-none-eabi/14.2.0/../../../../arm-none-eabi/lib/thumb/arm946e-s/libc.a(libc_tinystdio_bufio.c.o)
                0x020138ba                __bufio_fill_locked
 .text.__bufio_flush
                0x020138e6       0x1c /opt/wonderful/toolchain/gcc-arm-none-eabi/lib/gcc/arm-none-eabi/14.2.0/../../../../arm-none-eabi/lib/thumb/arm946e-s/libc.a(libc_tinystdio_bufio.c.o)
                0x020138e6                __bufio_flush
 .text.__bufio_setdir_locked
                0x02013902       0x1a /opt/wonderful/toolchain/gcc-arm-none-eabi/lib/gcc/arm-none-eabi/14.2.0/../../../../arm-none-eabi/lib/thumb/arm946e-s/libc.a(libc_tinystdio_bufio.c.o)
                0x02013902                __bufio_setdir_locked
 .text.__bufio_put
                0x0201391c       0x50 /opt/wonderful/toolchain/gcc-arm-none-eabi/lib/gcc/arm-none-eabi/14.2.0/../../../../arm-none-eabi/lib/thumb/arm946e-s/libc.a(libc_tinystdio_bufio.c.o)
                0x0201391c                __bufio_put
 .text.__bufio_get
                0x0201396c       0x84 /opt/wonderful/toolchain/gcc-arm-none-eabi/lib/gcc/arm-none-eabi/14.2.0/../../../../arm-none-eabi/lib/thumb/arm946e-s/libc.a(libc_tinystdio_bufio.c.o)
                0x0201396c                __bufio_get
 .text.__bufio_seek
                0x020139f0       0x6c /opt/wonderful/toolchain/gcc-arm-none-eabi/lib/gcc/arm-none-eabi/14.2.0/../../../../arm-none-eabi/lib/thumb/arm946e-s/libc.a(libc_tinystdio_bufio.c.o)
                0x020139f0                __bufio_seek
 .text.__bufio_setvbuf
                0x02013a5c       0x8a /opt/wonderful/toolchain/gcc-arm-none-eabi/lib/gcc/arm-none-eabi/14.2.0/../../../../arm-none-eabi/lib/thumb/arm946e-s/libc.a(libc_tinystdio_bufio.c.o)
                0x02013a5c                __bufio_setvbuf
 .text.__bufio_close
                0x02013ae6       0x48 /opt/wonderful/toolchain/gcc-arm-none-eabi/lib/gcc/arm-none-eabi/14.2.0/../../../../arm-none-eabi/lib/thumb/arm946e-s/libc.a(libc_tinystdio_bufio.c.o)
                0x02013ae6                __bufio_close
 *fill*         0x02013b2e        0x2 ff
 .text.__dtox_engine
                0x02013b30      0x13c /opt/wonderful/toolchain/gcc-arm-none-eabi/lib/gcc/arm-none-eabi/14.2.0/../../../../arm-none-eabi/lib/thumb/arm946e-s/libc.a(libc_tinystdio_dtox_engine.c.o)
                0x02013b30                __dtox_engine
 .text.fgetc    0x02013c6c       0x48 /opt/wonderful/toolchain/gcc-arm-none-eabi/lib/gcc/arm-none-eabi/14.2.0/../../../../arm-none-eabi/lib/thumb/arm946e-s/libc.a(libc_tinystdio_fgetc.c.o)
                0x02013c6c                getc_unlocked
                0x02013c6c                getc
                0x02013c6c                fgetc
 .text.__file_str_get
                0x02013cb4       0x16 /opt/wonderful/toolchain/gcc-arm-none-eabi/lib/gcc/arm-none-eabi/14.2.0/../../../../arm-none-eabi/lib/thumb/arm946e-s/libc.a(libc_tinystdio_filestrget.c.o)
                0x02013cb4                __file_str_get
 .text.__file_str_put
                0x02013cca       0x10 /opt/wonderful/toolchain/gcc-arm-none-eabi/lib/gcc/arm-none-eabi/14.2.0/../../../../arm-none-eabi/lib/thumb/arm946e-s/libc.a(libc_tinystdio_filestrput.c.o)
                0x02013cca                __file_str_put
 .text.fputc    0x02013cda       0x2c /opt/wonderful/toolchain/gcc-arm-none-eabi/lib/gcc/arm-none-eabi/14.2.0/../../../../arm-none-eabi/lib/thumb/arm946e-s/libc.a(libc_tinystdio_fputc.c.o)
                0x02013cda                putc_unlocked
                0x02013cda                putc
                0x02013cda                fputc
 *fill*         0x02013d06        0x2 ff
 .text.fseeko   0x02013d08       0x40 /opt/wonderful/toolchain/gcc-arm-none-eabi/lib/gcc/arm-none-eabi/14.2.0/../../../../arm-none-eabi/lib/thumb/arm946e-s/libc.a(libc_tinystdio_fseeko.c.o)
                0x02013d08                fseeko
 .text.__posix_sflags
                0x02013d48       0x58 /opt/wonderful/toolchain/gcc-arm-none-eabi/lib/gcc/arm-none-eabi/14.2.0/../../../../arm-none-eabi/lib/thumb/arm946e-s/libc.a(libc_tinystdio_sflags.c.o)
                0x02013d48                __posix_sflags
 .text.ungetc   0x02013da0       0x36 /opt/wonderful/toolchain/gcc-arm-none-eabi/lib/gcc/arm-none-eabi/14.2.0/../../../../arm-none-eabi/lib/thumb/arm946e-s/libc.a(libc_tinystdio_ungetc.c.o)
                0x02013da0                ungetc
 .text.__picolibc_non_atomic_compare_exchange_ungetc
                0x02013dd6       0x12 /opt/wonderful/toolchain/gcc-arm-none-eabi/lib/gcc/arm-none-eabi/14.2.0/../../../../arm-none-eabi/lib/thumb/arm946e-s/libc.a(libc_tinystdio_compare_exchange.c.o)
                0x02013dd6                __picolibc_non_atomic_compare_exchange_ungetc
                0x02013dd6                __atomic_compare_exchange_ungetc
 .text.gettimeofday
                0x02013de8       0x1c /opt/blocksds/core/libs/libnds/lib/libnds9.a(syscalls.c.o)
                0x02013de8                gettimeofday
 *fill*         0x02013e04        0x4 ff
 .text.gettimeofday.__stub
                0x02013e08       0x28 linker stubs
 *(EXCLUDE_FILE(*.twl*) .gnu.warning)
 *(EXCLUDE_FILE(*.twl*) .gnu.linkonce.t*)
 *(.glue_7)
 .glue_7        0x02013e30        0x0 linker stubs
 *(.glue_7t)
 .glue_7t       0x02013e30        0x0 linker stubs
                0x02013e30                        . = ALIGN (0x4)

.vfp11_veneer   0x02013e30        0x0
 .vfp11_veneer  0x02013e30        0x0 linker stubs

.v4_bx          0x02013e30        0x0
 .v4_bx         0x02013e30        0x0 linker stubs

.iplt           0x02013e30        0x0
 .iplt          0x02013e30        0x0 /opt/blocksds/core/sys/crts/ds_arm9_crt0.o

.fini           0x02013e30        0x8
 *(.fini)
 .fini          0x02013e30        0x8 /opt/wonderful/toolchain/gcc-arm-none-eabi/lib/gcc/arm-none-eabi/14.2.0/thumb/arm946e-s/crtn.o
                0x02013e38                        __text_end = .

.rodata         0x02013e38     0x19c4
 *(EXCLUDE_FILE(*.twl*) .rodata)
 .rodata        0x02013e38       0x90 /opt/blocksds/external/nflib/lib/libnflib.a(nf_sprite256.c.o)
 .rodata        0x02013ec8       0x40 /opt/blocksds/core/libs/libnds/lib/libnds9.a(exceptions.c.o)
 .rodata        0x02013f08       0x14 /opt/blocksds/core/libs/libnds/lib/libnds9.a(fatfs.c.o)
 .rodata        0x02013f1c       0x18 /opt/wonderful/toolchain/gcc-arm-none-eabi/lib/gcc/arm-none-eabi/14.2.0/../../../../arm-none-eabi/lib/thumb/arm946e-s/libc.a(libc_time_month_lengths.c.o)
                0x02013f1c                __month_lengths
 .rodata        0x02013f34        0xb /opt/wonderful/toolchain/gcc-arm-none-eabi/lib/gcc/arm-none-eabi/14.2.0/../../../../arm-none-eabi/lib/thumb/arm946e-s/libc.a(libc_tinystdio_vfscanf.c.o)
 *fill*         0x02013f3f        0x1 ff
 .rodata        0x02013f40      0x338 /opt/wonderful/toolchain/gcc-arm-none-eabi/lib/gcc/arm-none-eabi/14.2.0/../../../../arm-none-eabi/lib/thumb/arm946e-s/libc.a(libc_tinystdio_ryu_table.c.o)
 *all.rodata*(*)
 *(EXCLUDE_FILE(*.twl*) .roda)
 *(EXCLUDE_FILE(*.twl*) .rodata.*)
 .rodata.main.str1.4
                0x02014278      0x94d build/test_repository/source/main.c.o
                                 0xb9 (size before relaxing)
 .rodata.NF_Error.str1.4
                0x02014bc5      0x408 /opt/blocksds/external/nflib/lib/libnflib.a(nf_basic.c.o)
 *fill*         0x02014bc5        0x3 ff
 .rodata.NF_Error
                0x02014bc8       0x5c /opt/blocksds/external/nflib/lib/libnflib.a(nf_basic.c.o)
 .rodata.NF_SetRootFolder.str1.4
                0x02014c24      0x256 /opt/blocksds/external/nflib/lib/libnflib.a(nf_basic.c.o)
 .rodata.NF_FileLoad.str1.4
                0x02014c24        0x3 /opt/blocksds/external/nflib/lib/libnflib.a(nf_basic.c.o)
 .rodata.NF_LoadCollisionMap.str1.4
                0x02014c24       0x26 /opt/blocksds/external/nflib/lib/libnflib.a(nf_collision.c.o)
 .rodata.NF_LoadTextFont.str1.4
                0x02014c24       0x37 /opt/blocksds/external/nflib/lib/libnflib.a(nf_text.c.o)
 .rodata.NF_CreateTextLayer.str1.4
                0x02014c24        0x9 /opt/blocksds/external/nflib/lib/libnflib.a(nf_text.c.o)
 .rodata.NF_WriteText
                0x02014c24      0x170 /opt/blocksds/external/nflib/lib/libnflib.a(nf_text.c.o)
 .rodata.NF_InitTiledBgBuffers.str1.4
                0x02014d94        0xd /opt/blocksds/external/nflib/lib/libnflib.a(nf_tiledbg.c.o)
 .rodata.NF_LoadTiledBg.str1.4
                0x02014d94       0x37 /opt/blocksds/external/nflib/lib/libnflib.a(nf_tiledbg.c.o)
 .rodata.NF_DeleteTiledBg.str1.4
                0x02014d94        0x3 /opt/blocksds/external/nflib/lib/libnflib.a(nf_tiledbg.c.o)
 .rodata.NF_GetTileMapAddress.str1.4
                0x02014d94        0xf /opt/blocksds/external/nflib/lib/libnflib.a(nf_tiledbg.c.o)
 .rodata.NF_LoadSpriteGfx.str1.4
                0x02014d94       0x1a /opt/blocksds/external/nflib/lib/libnflib.a(nf_sprite256.c.o)
 .rodata.NF_LoadSpritePal.str1.4
                0x02014d94       0x1a /opt/blocksds/external/nflib/lib/libnflib.a(nf_sprite256.c.o)
 .rodata.NF_VramSpriteGfx.str1.4
                0x02014d94       0x20 /opt/blocksds/external/nflib/lib/libnflib.a(nf_sprite256.c.o)
 .rodata.NF_VramSpritePal.str1.4
                0x02014d94       0x14 /opt/blocksds/external/nflib/lib/libnflib.a(nf_sprite256.c.o)
 .rodata.NF_CreateSprite.str1.4
                0x02014d94       0x18 /opt/blocksds/external/nflib/lib/libnflib.a(nf_sprite256.c.o)
 .rodata.con_write
                0x02014d94      0x118 /opt/blocksds/core/libs/libnds/lib/libnds9.a(console.c.o)
 .rodata.bgTransform
                0x02014eac       0x20 /opt/blocksds/core/libs/libnds/lib/libnds9.a(background.c.o)
                0x02014eac                bgTransform
 .rodata.bgScrollTable
                0x02014ecc       0x20 /opt/blocksds/core/libs/libnds/lib/libnds9.a(background.c.o)
                0x02014ecc                bgScrollTable
 .rodata.bgControl
                0x02014eec       0x20 /opt/blocksds/core/libs/libnds/lib/libnds9.a(background.c.o)
                0x02014eec                bgControl
 .rodata.systemValueHandler.str1.4
                0x02014f0c       0x1b /opt/blocksds/core/libs/libnds/lib/libnds9.a(system.c.o)
 .rodata.releaseCrashHandler.str1.4
                0x02014f0c       0x33 /opt/blocksds/core/libs/libnds/lib/libnds9.a(exceptions.c.o)
 .rodata.exceptionStatePrint.str1.4
                0x02014f0c       0x54 /opt/blocksds/core/libs/libnds/lib/libnds9.a(exceptions.c.o)
 .rodata.str1.4
                0x02014f0c       0x40 /opt/blocksds/core/libs/libnds/lib/libnds9.a(exceptions.c.o)
 .rodata.chdir.str1.4
                0x02014f0c        0xb /opt/blocksds/core/libs/libnds/lib/libnds9.a(chdir.c.o)
 .rodata.nitrofs_use_for_path.str1.4
                0x02014f0c        0xc /opt/blocksds/core/libs/libnds/lib/libnds9.a(nitrofs.c.o)
 .rodata.nitroFSInit.str1.4
                0x02014f0c        0x2 /opt/blocksds/core/libs/libnds/lib/libnds9.a(nitrofs.c.o)
 .rodata.stderr
                0x02014f0c        0x4 /opt/blocksds/core/libs/libnds/lib/libnds9.a(iob.c.o)
                0x02014f0c                stderr
 .rodata.stdout
                0x02014f10        0x4 /opt/blocksds/core/libs/libnds/lib/libnds9.a(iob.c.o)
                0x02014f10                stdout
 .rodata.stdin  0x02014f14        0x4 /opt/blocksds/core/libs/libnds/lib/libnds9.a(iob.c.o)
                0x02014f14                stdin
 .rodata.fatGetDefaultCwd.str1.4
                0x02014f18        0xd /opt/blocksds/core/libs/libnds/lib/libnds9.a(fatfs.c.o)
 .rodata.CSWTCH.24
                0x02014f18        0xc /opt/blocksds/core/libs/libnds/lib/libnds9.a(filesystem.c.o)
 .rodata.__retarget_lock_init_recursive.str1.4
                0x02014f24        0xa /opt/blocksds/core/libs/libnds/lib/libnds9.a(locks.c.o)
 .rodata.__retarget_lock_close_recursive.str1.4
                0x02014f24        0xb /opt/blocksds/core/libs/libnds/lib/libnds9.a(locks.c.o)
 .rodata.__retarget_lock_release_recursive.str1.4
                0x02014f24        0xd /opt/blocksds/core/libs/libnds/lib/libnds9.a(locks.c.o)
 .rodata.get_ldnumber.str1.4
                0x02014f24        0x7 /opt/blocksds/core/libs/libnds/lib/libnds9.a(ff.c.o)
 .rodata.follow_path.str1.4
                0x02014f24       0x13 /opt/blocksds/core/libs/libnds/lib/libnds9.a(ff.c.o)
 .rodata.check_fs.str1.4
                0x02014f24        0x9 /opt/blocksds/core/libs/libnds/lib/libnds9.a(ff.c.o)
 .rodata.ExCvt  0x02014f24       0x80 /opt/blocksds/core/libs/libnds/lib/libnds9.a(ff.c.o)
 .rodata.LfnOfs
                0x02014fa4        0xd /opt/blocksds/core/libs/libnds/lib/libnds9.a(ff.c.o)
 *fill*         0x02014fb1        0x3 ff
 .rodata.ff_wtoupper
                0x02014fb4       0x24 /opt/blocksds/core/libs/libnds/lib/libnds9.a(ffunicode.c.o)
 .rodata.cvt2.0
                0x02014fd8       0xbc /opt/blocksds/core/libs/libnds/lib/libnds9.a(ffunicode.c.o)
 .rodata.cvt1.1
                0x02015094      0x1f2 /opt/blocksds/core/libs/libnds/lib/libnds9.a(ffunicode.c.o)
 *fill*         0x02015286        0x2 ff
 .rodata.uc437  0x02015288      0x100 /opt/blocksds/core/libs/libnds/lib/libnds9.a(ffunicode.c.o)
 .rodata.default_fontTiles
                0x02015388      0x300 /opt/blocksds/core/libs/libnds/lib/libnds9.a(default_font.png.o)
                0x02015388                default_fontTiles
 .rodata.SIN_LUT
                0x02015688      0x102 /opt/blocksds/core/libs/libnds/lib/libnds9.a(trig.c.o)
                0x02015688                SIN_LUT
 .rodata.str1.1
                0x0201578a       0x72 /opt/wonderful/toolchain/gcc-arm-none-eabi/lib/gcc/arm-none-eabi/14.2.0/../../../../arm-none-eabi/lib/thumb/arm946e-s/libc.a(libc_time_tzset.c.o)
                                 0x61 (size before relaxing)
 .rodata.str1.1
                0x020157fc        0x4 /opt/wonderful/toolchain/gcc-arm-none-eabi/lib/gcc/arm-none-eabi/14.2.0/../../../../arm-none-eabi/lib/thumb/arm946e-s/libc.a(libc_time_tzvars.c.o)
 .rodata.str1.1
                0x020157fc        0xf /opt/wonderful/toolchain/gcc-arm-none-eabi/lib/gcc/arm-none-eabi/14.2.0/../../../../arm-none-eabi/lib/thumb/arm946e-s/libc.a(libc_tinystdio_vfprintf.c.o)
 .rodata.str1.1
                0x020157fc       0x15 /opt/wonderful/toolchain/gcc-arm-none-eabi/lib/gcc/arm-none-eabi/14.2.0/../../../../arm-none-eabi/lib/thumb/arm946e-s/libc.a(libc_tinystdio_vfscanf.c.o)
 *(EXCLUDE_FILE(*.twl*) .gnu.linkonce.r*)
                0x02015814                        . = ALIGN (0x4)

.ARM.extab
 *(.ARM.extab* .gnu.linkonce.armextab.*)
                0x020157fc                        __exidx_start = .

ARM.exidx       0x020157fc        0x8
 *(.ARM.exidx* .gnu.linkonce.armexidx.*)
 .ARM.exidx     0x020157fc        0x8 /opt/wonderful/toolchain/gcc-arm-none-eabi/lib/gcc/arm-none-eabi/14.2.0/thumb/arm946e-s/libgcc.a(_udivmoddi4.o)
                0x02015804                        __exidx_end = .
                0x02015804                        . = ALIGN (0x4)

.preinit_array  0x02015804        0x0
                0x02015804                        PROVIDE (__preinit_array_start = .)
 *(.preinit_array)
                0x02015804                        PROVIDE (__preinit_array_end = .)

.init_array     0x02015804        0x0
                0x02015804                        PROVIDE (__init_array_start = .)
 *(SORT_BY_INIT_PRIORITY(.init_array.*) SORT_BY_INIT_PRIORITY(.ctors.*))
 *(.init_array EXCLUDE_FILE(*crtend?.o *crtend.o *crtbegin?.o *crtbegin.o) .ctors)
                0x02015804                        PROVIDE (__init_array_end = .)

.fini_array     0x02015804        0x0
                0x02015804                        PROVIDE (__fini_array_start = .)
 *(SORT_BY_INIT_PRIORITY(.fini_array.*) SORT_BY_INIT_PRIORITY(.dtors.*))
 *(.fini_array EXCLUDE_FILE(*crtend?.o *crtend.o *crtbegin?.o *crtbegin.o) .dtors)
                0x02015804                        PROVIDE (__fini_array_end = .)

.ctors          0x02015804        0x0
 *crtbegin.o(.ctors)
 *crtbegin?.o(.ctors)
 *(EXCLUDE_FILE(*crtend?.o *crtend.o) .ctors)
 *(SORT_BY_NAME(.ctors.*))
 *(.ctors)
                0x02015804                        . = ALIGN (0x4)

.dtors          0x02015804        0x0
 *crtbegin.o(.dtors)
 *crtbegin?.o(.dtors)
 *(EXCLUDE_FILE(*crtend?.o *crtend.o) .dtors)
 *(SORT_BY_NAME(.dtors.*))
 *(.dtors)
                0x02015804                        . = ALIGN (0x4)

.eh_frame       0x02015804        0x4
 *(.eh_frame)
 .eh_frame      0x02015804        0x4 /opt/wonderful/toolchain/gcc-arm-none-eabi/lib/gcc/arm-none-eabi/14.2.0/thumb/arm946e-s/crtend.o
                0x02015808                        . = ALIGN (0x4)

.gcc_except_table
                0x02015808        0x0
 *(.gcc_except_table .gcc_except_table.*)
                0x02015808                        . = ALIGN (0x4)

.got            0x02015808       0x10
 *(.got.plt)
 .got.plt       0x02015808        0xc /opt/blocksds/core/sys/crts/ds_arm9_crt0.o
                0x02015808                _GLOBAL_OFFSET_TABLE_
 *(.got)
 .got           0x02015814        0x4 /opt/blocksds/core/sys/crts/ds_arm9_crt0.o
 *(.rel.got)
 .rel.got       0x02015818        0x0 /opt/blocksds/core/sys/crts/ds_arm9_crt0.o

.ewram          0x02015818        0x0
                0x02015818                        __ewram_start = ABSOLUTE (.)
 *(.ewram)
 *ewram.*(.text)
                0x02015818                        . = ALIGN (0x4)

.data           0x02015818      0x4ec
                0x02015818                        __data_start = ABSOLUTE (.)
 *(EXCLUDE_FILE(*.twl*) .data)
 .data          0x02015818       0x28 /opt/blocksds/core/libs/libnds/lib/libnds9.a(mpu_setup.s.o)
 .data          0x02015840      0x410 /opt/wonderful/toolchain/gcc-arm-none-eabi/lib/gcc/arm-none-eabi/14.2.0/../../../../arm-none-eabi/lib/thumb/arm946e-s/libc.a(malloc-malloc.c.o)
                0x02015840                __malloc_sbrk_base
                0x02015844                __malloc_trim_threshold
                0x02015848                __malloc_av_
 .data          0x02015c50        0x8 /opt/wonderful/toolchain/gcc-arm-none-eabi/lib/gcc/arm-none-eabi/14.2.0/../../../../arm-none-eabi/lib/thumb/arm946e-s/libc.a(libc_time_tzvars.c.o)
                0x02015c50                tzname
 .data          0x02015c58        0x4 /opt/wonderful/toolchain/gcc-arm-none-eabi/lib/gcc/arm-none-eabi/14.2.0/../../../../arm-none-eabi/lib/thumb/arm946e-s/libc.a(libc_stdlib_environ.c.o)
                0x02015c58                environ
 *(EXCLUDE_FILE(*.twl*) .data.*)
 .data.firstConsoleInit.0
                0x02015c5c        0x1 /opt/blocksds/core/libs/libnds/lib/libnds9.a(console.c.o)
 *fill*         0x02015c5d        0x3 ff
 .data.currentConsole
                0x02015c60        0x4 /opt/blocksds/core/libs/libnds/lib/libnds9.a(console.c.o)
 .data.oamSub   0x02015c64       0x14 /opt/blocksds/core/libs/libnds/lib/libnds9.a(sprite.c.o)
                0x02015c64                oamSub
 .data.oamMain  0x02015c78       0x14 /opt/blocksds/core/libs/libnds/lib/libnds9.a(sprite.c.o)
                0x02015c78                oamMain
 .data.count    0x02015c8c        0x1 /opt/blocksds/core/libs/libnds/lib/libnds9.a(keys.c.o)
 .data.repeat   0x02015c8d        0x1 /opt/blocksds/core/libs/libnds/lib/libnds9.a(keys.c.o)
 .data.delay    0x02015c8e        0x1 /opt/blocksds/core/libs/libnds/lib/libnds9.a(keys.c.o)
 *fill*         0x02015c8f        0x1 ff
 .data.latchedArm7Buttons
                0x02015c90        0x2 /opt/blocksds/core/libs/libnds/lib/libnds9.a(keys.c.o)
 .data.receivedArm7Buttons
                0x02015c92        0x2 /opt/blocksds/core/libs/libnds/lib/libnds9.a(keys.c.o)
 .data.__stderr
                0x02015c94       0x10 /opt/blocksds/core/libs/libnds/lib/libnds9.a(iob.c.o)
 .data.__stdout
                0x02015ca4       0x10 /opt/blocksds/core/libs/libnds/lib/libnds9.a(iob.c.o)
 .data.__stdin  0x02015cb4       0x10 /opt/blocksds/core/libs/libnds/lib/libnds9.a(iob.c.o)
 .data.__tls    0x02015cc4        0x4 /opt/blocksds/core/libs/libnds/lib/libnds9.a(threads.c.o)
                0x02015cc4                __tls
 .data.fifo_freewords
                0x02015cc8        0x4 /opt/blocksds/core/libs/libnds/lib/libnds9.a(fifosystem.c.o)
 .data.fifo_receive_queue
                0x02015ccc        0x4 /opt/blocksds/core/libs/libnds/lib/libnds9.a(fifosystem.c.o)
 .data.fifo_send_queue
                0x02015cd0        0x4 /opt/blocksds/core/libs/libnds/lib/libnds9.a(fifosystem.c.o)
 .data.fifo_buffer_free
                0x02015cd4        0x4 /opt/blocksds/core/libs/libnds/lib/libnds9.a(fifosystem.c.o)
 .data.dldi_mode
                0x02015cd8        0x1 /opt/blocksds/core/libs/libnds/lib/libnds9.a(dldi.c.o)
 *fill*         0x02015cd9        0x7 ff
 .data.__io_dldi_arm7_interface
                0x02015ce0       0x20 /opt/blocksds/core/libs/libnds/lib/libnds9.a(dldi.c.o)
                0x02015ce0                __io_dldi_arm7_interface
 .data.lastKey  0x02015d00        0x2 /opt/blocksds/core/libs/libnds/lib/libnds9.a(keyboard.c.o)
                0x02015d00                lastKey
 *(EXCLUDE_FILE(*.twl*) .gnu.linkonce.d*)
                0x02015d04                        . = ALIGN (0x4)
 *fill*         0x02015d02        0x2 ff

.igot.plt       0x02015d04        0x0
 .igot.plt      0x02015d04        0x0 /opt/blocksds/core/sys/crts/ds_arm9_crt0.o

.tdata          0x02015d04        0x0
                0x02015d04                        __tdata_start = ABSOLUTE (.)
 *(.tdata .tdata.* .gnu.linkonce.td.*)
                0x02015d04                        . = ALIGN (0x4)
                0x02015d04                        __tdata_end = ABSOLUTE (.)
                0x02015d04                        __data_end = .
                0x00000000                        __tdata_size = (__tdata_end - __tdata_start)

.tbss           0x02015d04       0x28
                0x02015d04                        __tbss_start = ABSOLUTE (.)
 *(.tbss .tbss.* .gnu.linkonce.tb.*)
 .tbss          0x02015d04        0x4 /opt/wonderful/toolchain/gcc-arm-none-eabi/lib/gcc/arm-none-eabi/14.2.0/../../../../arm-none-eabi/lib/thumb/arm946e-s/libc.a(libc_errno_errno.c.o)
                0x02015d04                errno
 .tbss          0x02015d08       0x24 /opt/wonderful/toolchain/gcc-arm-none-eabi/lib/gcc/arm-none-eabi/14.2.0/../../../../arm-none-eabi/lib/thumb/arm946e-s/libc.a(libc_time_lcltime_buf.c.o)
                0x02015d08                _localtime_buf
 *(.tcommon)
                0x02015d2c                        . = ALIGN (0x4)
                0x02015d2c                        __tbss_end = ABSOLUTE (.)
                0x00000028                        __tbss_size = (__tbss_end - __tbss_start)
                0x02015d04                        __bss_vma = .

.dtcm           0x02ff0000        0x0 load address 0x02015d04
                0x02015d04                        __dtcm_lma = LOADADDR (.dtcm)
 *(.dtcm)
 *(.dtcm.*)
                0x02ff0000                        . = ALIGN (0x4)
                0x02ff0000                        __dtcm_end = ABSOLUTE (.)

.itcm           0x01000000      0x21c load address 0x02015d04
                0x02015d04                        __itcm_lma = LOADADDR (.itcm)
                0x01000000                        __itcm_start = ABSOLUTE (.)
 *(.vectors .vectors.*)
 *(.itcm)
 *(.itcm.*)
 .itcm.text     0x01000000       0x8c /opt/blocksds/core/libs/libnds/lib/libnds9.a(cache.c.o)
                0x01000000                CP15_CleanAndFlushDCacheRange
                0x01000034                CP15_FlushDCacheRange
                0x01000060                CP15_FlushICacheRange
 .itcm.data     0x0100008c       0x80 /opt/blocksds/core/libs/libnds/lib/libnds9.a(interrupts.c.o)
                0x0100008c                irqTable
 .itcm.setCpuClock
                0x0100010c       0x50 /opt/blocksds/core/libs/libnds/lib/libnds9.a(cpu_clock.s.o)
                0x0100010c                setCpuClock
 .itcm.IntrMain
                0x0100015c       0xc0 /opt/blocksds/core/libs/libnds/lib/libnds9.a(interruptDispatcher.s.o)
                0x0100015c                IntrMain
 *.itcm*(.text .stub .text.*)
                0x0100021c                        . = ALIGN (0x4)
                0x0100021c                        __itcm_end = ABSOLUTE (.)

.sbss           0x02ff0000        0x4
                0x02ff0000                        __sbss_start = ABSOLUTE (.)
                0x02ff0000                        __sbss_start__ = ABSOLUTE (.)
 *(.sbss)
 .sbss          0x02ff0000        0x4 /opt/blocksds/core/libs/libnds/lib/libnds9.a(threads.c.o)
                0x02ff0000                cothread_irq_flags
 *(.sbss.*)
                0x02ff0004                        . = ALIGN (0x4)
                0x02ff0004                        __sbss_end = ABSOLUTE (.)

.bss            0x02015d04     0x8b18
                0x02015d04                        __bss_start = ABSOLUTE (.)
                0x02015d04                        __bss_start__ = ABSOLUTE (.)
 *(EXCLUDE_FILE(*.twl*) .dynbss)
 *(EXCLUDE_FILE(*.twl*) .gnu.linkonce.b*)
 *(EXCLUDE_FILE(*.twl*) .bss*)
 *fill*         0x02015d04        0x4 
 .bss.player    0x02015d08       0x24 build/test_repository/source/main.c.o
                0x02015d08                player
 .bss.NF_ROOTFOLDER
                0x02015d2c       0x40 /opt/blocksds/external/nflib/lib/libnflib.a(nf_basic.c.o)
                0x02015d2c                NF_ROOTFOLDER
 *fill*         0x02015d6c        0x4 
 .bss.NF_CMAP   0x02015d70      0x300 /opt/blocksds/external/nflib/lib/libnflib.a(nf_collision.c.o)
                0x02015d70                NF_CMAP
 .bss.NF_TEXT   0x02016070       0x50 /opt/blocksds/external/nflib/lib/libnflib.a(nf_text.c.o)
                0x02016070                NF_TEXT
 .bss.NF_MAPBLOCKS
                0x020160c0       0x20 /opt/blocksds/external/nflib/lib/libnflib.a(nf_tiledbg.c.o)
                0x020160c0                NF_MAPBLOCKS
 .bss.NF_TILEBLOCKS
                0x020160e0       0x10 /opt/blocksds/external/nflib/lib/libnflib.a(nf_tiledbg.c.o)
                0x020160e0                NF_TILEBLOCKS
 .bss.NF_EXBGPAL
                0x020160f0      0x600 /opt/blocksds/external/nflib/lib/libnflib.a(nf_tiledbg.c.o)
                0x020160f0                NF_EXBGPAL
 .bss.NF_TILEDBG_LAYERS
                0x020166f0       0x90 /opt/blocksds/external/nflib/lib/libnflib.a(nf_tiledbg.c.o)
                0x020166f0                NF_TILEDBG_LAYERS
 .bss.NF_TILEDBG
                0x02016780      0xd00 /opt/blocksds/external/nflib/lib/libnflib.a(nf_tiledbg.c.o)
                0x02016780                NF_TILEDBG
 .bss.NF_BUFFER_BGPAL
                0x02017480      0x100 /opt/blocksds/external/nflib/lib/libnflib.a(nf_tiledbg.c.o)
                0x02017480                NF_BUFFER_BGPAL
 .bss.NF_BUFFER_BGMAP
                0x02017580      0x100 /opt/blocksds/external/nflib/lib/libnflib.a(nf_tiledbg.c.o)
                0x02017580                NF_BUFFER_BGMAP
 .bss.NF_BUFFER_BGTILES
                0x02017680      0x100 /opt/blocksds/external/nflib/lib/libnflib.a(nf_tiledbg.c.o)
                0x02017680                NF_BUFFER_BGTILES
 .bss.NF_BANKS_MAPS
                0x02017780        0x2 /opt/blocksds/external/nflib/lib/libnflib.a(nf_tiledbg.c.o)
                0x02017780                NF_BANKS_MAPS
 *fill*         0x02017782        0x2 
 .bss.NF_BANKS_TILES
                0x02017784        0x2 /opt/blocksds/external/nflib/lib/libnflib.a(nf_tiledbg.c.o)
                0x02017784                NF_BANKS_TILES
 *fill*         0x02017786        0x2 
 .bss.NF_SPRVRAM
                0x02017788      0x838 /opt/blocksds/external/nflib/lib/libnflib.a(nf_sprite256.c.o)
                0x02017788                NF_SPRVRAM
 .bss.NF_SPRITEOAM
                0x02017fc0     0x2400 /opt/blocksds/external/nflib/lib/libnflib.a(nf_sprite256.c.o)
                0x02017fc0                NF_SPRITEOAM
 .bss.NF_SPRPALSLOT
                0x0201a3c0       0x40 /opt/blocksds/external/nflib/lib/libnflib.a(nf_sprite256.c.o)
                0x0201a3c0                NF_SPRPALSLOT
 .bss.NF_SPR256VRAM
                0x0201a400     0x1400 /opt/blocksds/external/nflib/lib/libnflib.a(nf_sprite256.c.o)
                0x0201a400                NF_SPR256VRAM
 .bss.NF_SPR256PAL
                0x0201b800      0x200 /opt/blocksds/external/nflib/lib/libnflib.a(nf_sprite256.c.o)
                0x0201b800                NF_SPR256PAL
 .bss.NF_SPR256GFX
                0x0201ba00      0xc00 /opt/blocksds/external/nflib/lib/libnflib.a(nf_sprite256.c.o)
                0x0201ba00                NF_SPR256GFX
 .bss.NF_BUFFER_SPR256PAL
                0x0201c600      0x100 /opt/blocksds/external/nflib/lib/libnflib.a(nf_sprite256.c.o)
                0x0201c600                NF_BUFFER_SPR256PAL
 .bss.NF_BUFFER_SPR256GFX